CRITICAL - 2024-07-17 05:15:07 --> Undefined variable $pt
in APPPATH\Views\konten\home\index.php on line 437.
 1 APPPATH\Views\konten\home\index.php(437): CodeIgniter\Debug\Exceptions->errorHandler(2, 'Undefined variable $pt', 'C:\\xampp\\htdocs\\aitecvi_polinela\\app\\Views\\konten\\home\\index.php', 437)
 2 SYSTEMPATH\View\View.php(228): include('C:\\xampp\\htdocs\\aitecvi_polinela\\app\\Views\\konten\\home\\index.php')
 3 SYSTEMPATH\View\View.php(231): CodeIgniter\View\View->CodeIgniter\View\{closure}()
 4 SYSTEMPATH\Common.php(1190): CodeIgniter\View\View->render('konten/home/index', [], true)
 5 APPPATH\Controllers\LandingPage.php(9): view('konten/home/index')
 6 SYSTEMPATH\CodeIgniter.php(942): App\Controllers\LandingPage->index()
 7 SYSTEMPATH\CodeIgniter.php(502): CodeIgniter\CodeIgniter->runController(Object(App\Controllers\LandingPage))
 8 SYSTEMPATH\CodeIgniter.php(361): CodeIgniter\CodeIgniter->handleRequest(null, Object(Config\Cache), false)
 9 FCPATH\index.php(79): CodeIgniter\CodeIgniter->run()
10 SYSTEMPATH\Commands\Server\rewrite.php(47): require_once('C:\\xampp\\htdocs\\aitecvi_polinela\\public\\index.php')
INFO - 2024-07-17 05:17:59 --> Session: Class initialized using 'CodeIgniter\Session\Handlers\FileHandler' driver.
CRITICAL - 2024-07-17 05:19:23 --> Undefined variable $pt
in APPPATH\Views\konten\home\index.php on line 437.
 1 APPPATH\Views\konten\home\index.php(437): CodeIgniter\Debug\Exceptions->errorHandler(2, 'Undefined variable $pt', 'C:\\xampp\\htdocs\\aitecvi_polinela\\app\\Views\\konten\\home\\index.php', 437)
 2 SYSTEMPATH\View\View.php(228): include('C:\\xampp\\htdocs\\aitecvi_polinela\\app\\Views\\konten\\home\\index.php')
 3 SYSTEMPATH\View\View.php(231): CodeIgniter\View\View->CodeIgniter\View\{closure}()
 4 SYSTEMPATH\Common.php(1190): CodeIgniter\View\View->render('konten/home/index', [], true)
 5 APPPATH\Controllers\LandingPage.php(9): view('konten/home/index')
 6 SYSTEMPATH\CodeIgniter.php(942): App\Controllers\LandingPage->index()
 7 SYSTEMPATH\CodeIgniter.php(502): CodeIgniter\CodeIgniter->runController(Object(App\Controllers\LandingPage))
 8 SYSTEMPATH\CodeIgniter.php(361): CodeIgniter\CodeIgniter->handleRequest(null, Object(Config\Cache), false)
 9 FCPATH\index.php(79): CodeIgniter\CodeIgniter->run()
10 SYSTEMPATH\Commands\Server\rewrite.php(47): require_once('C:\\xampp\\htdocs\\aitecvi_polinela\\public\\index.php')
CRITICAL - 2024-07-17 05:21:33 --> Undefined array key "asal_provinsi"
in APPPATH\Views\konten\home\index.php on line 441.
 1 APPPATH\Views\konten\home\index.php(441): CodeIgniter\Debug\Exceptions->errorHandler(2, 'Undefined array key "asal_provinsi"', 'C:\\xampp\\htdocs\\aitecvi_polinela\\app\\Views\\konten\\home\\index.php', 441)
 2 SYSTEMPATH\View\View.php(228): include('C:\\xampp\\htdocs\\aitecvi_polinela\\app\\Views\\konten\\home\\index.php')
 3 SYSTEMPATH\View\View.php(231): CodeIgniter\View\View->CodeIgniter\View\{closure}()
 4 SYSTEMPATH\Common.php(1190): CodeIgniter\View\View->render('konten/home/index', [], true)
 5 APPPATH\Controllers\LandingPage.php(39): view('konten/home/index', [...])
 6 SYSTEMPATH\CodeIgniter.php(942): App\Controllers\LandingPage->index()
 7 SYSTEMPATH\CodeIgniter.php(502): CodeIgniter\CodeIgniter->runController(Object(App\Controllers\LandingPage))
 8 SYSTEMPATH\CodeIgniter.php(361): CodeIgniter\CodeIgniter->handleRequest(null, Object(Config\Cache), false)
 9 FCPATH\index.php(79): CodeIgniter\CodeIgniter->run()
10 SYSTEMPATH\Commands\Server\rewrite.php(47): require_once('C:\\xampp\\htdocs\\aitecvi_polinela\\public\\index.php')
CRITICAL - 2024-07-17 05:22:39 --> Undefined array key "asal_provinsi"
in APPPATH\Views\konten\home\index.php on line 441.
 1 APPPATH\Views\konten\home\index.php(441): CodeIgniter\Debug\Exceptions->errorHandler(2, 'Undefined array key "asal_provinsi"', 'C:\\xampp\\htdocs\\aitecvi_polinela\\app\\Views\\konten\\home\\index.php', 441)
 2 SYSTEMPATH\View\View.php(228): include('C:\\xampp\\htdocs\\aitecvi_polinela\\app\\Views\\konten\\home\\index.php')
 3 SYSTEMPATH\View\View.php(231): CodeIgniter\View\View->CodeIgniter\View\{closure}()
 4 SYSTEMPATH\Common.php(1190): CodeIgniter\View\View->render('konten/home/index', [], true)
 5 APPPATH\Controllers\LandingPage.php(39): view('konten/home/index', [...])
 6 SYSTEMPATH\CodeIgniter.php(942): App\Controllers\LandingPage->index()
 7 SYSTEMPATH\CodeIgniter.php(502): CodeIgniter\CodeIgniter->runController(Object(App\Controllers\LandingPage))
 8 SYSTEMPATH\CodeIgniter.php(361): CodeIgniter\CodeIgniter->handleRequest(null, Object(Config\Cache), false)
 9 FCPATH\index.php(79): CodeIgniter\CodeIgniter->run()
10 SYSTEMPATH\Commands\Server\rewrite.php(47): require_once('C:\\xampp\\htdocs\\aitecvi_polinela\\public\\index.php')
CRITICAL - 2024-07-17 05:22:42 --> Undefined array key "asal_provinsi"
in APPPATH\Views\konten\home\index.php on line 441.
 1 APPPATH\Views\konten\home\index.php(441): CodeIgniter\Debug\Exceptions->errorHandler(2, 'Undefined array key "asal_provinsi"', 'C:\\xampp\\htdocs\\aitecvi_polinela\\app\\Views\\konten\\home\\index.php', 441)
 2 SYSTEMPATH\View\View.php(228): include('C:\\xampp\\htdocs\\aitecvi_polinela\\app\\Views\\konten\\home\\index.php')
 3 SYSTEMPATH\View\View.php(231): CodeIgniter\View\View->CodeIgniter\View\{closure}()
 4 SYSTEMPATH\Common.php(1190): CodeIgniter\View\View->render('konten/home/index', [], true)
 5 APPPATH\Controllers\LandingPage.php(39): view('konten/home/index', [...])
 6 SYSTEMPATH\CodeIgniter.php(942): App\Controllers\LandingPage->index()
 7 SYSTEMPATH\CodeIgniter.php(502): CodeIgniter\CodeIgniter->runController(Object(App\Controllers\LandingPage))
 8 SYSTEMPATH\CodeIgniter.php(361): CodeIgniter\CodeIgniter->handleRequest(null, Object(Config\Cache), false)
 9 FCPATH\index.php(79): CodeIgniter\CodeIgniter->run()
10 SYSTEMPATH\Commands\Server\rewrite.php(47): require_once('C:\\xampp\\htdocs\\aitecvi_polinela\\public\\index.php')
CRITICAL - 2024-07-17 05:23:09 --> Undefined array key "asal_provinsi"
in APPPATH\Views\konten\home\index.php on line 441.
 1 APPPATH\Views\konten\home\index.php(441): CodeIgniter\Debug\Exceptions->errorHandler(2, 'Undefined array key "asal_provinsi"', 'C:\\xampp\\htdocs\\aitecvi_polinela\\app\\Views\\konten\\home\\index.php', 441)
 2 SYSTEMPATH\View\View.php(228): include('C:\\xampp\\htdocs\\aitecvi_polinela\\app\\Views\\konten\\home\\index.php')
 3 SYSTEMPATH\View\View.php(231): CodeIgniter\View\View->CodeIgniter\View\{closure}()
 4 SYSTEMPATH\Common.php(1190): CodeIgniter\View\View->render('konten/home/index', [], true)
 5 APPPATH\Controllers\LandingPage.php(39): view('konten/home/index', [...])
 6 SYSTEMPATH\CodeIgniter.php(942): App\Controllers\LandingPage->index()
 7 SYSTEMPATH\CodeIgniter.php(502): CodeIgniter\CodeIgniter->runController(Object(App\Controllers\LandingPage))
 8 SYSTEMPATH\CodeIgniter.php(361): CodeIgniter\CodeIgniter->handleRequest(null, Object(Config\Cache), false)
 9 FCPATH\index.php(79): CodeIgniter\CodeIgniter->run()
10 SYSTEMPATH\Commands\Server\rewrite.php(47): require_once('C:\\xampp\\htdocs\\aitecvi_polinela\\public\\index.php')
CRITICAL - 2024-07-17 05:23:44 --> Undefined array key "asal_provinsi"
in APPPATH\Views\konten\home\index.php on line 441.
 1 APPPATH\Views\konten\home\index.php(441): CodeIgniter\Debug\Exceptions->errorHandler(2, 'Undefined array key "asal_provinsi"', 'C:\\xampp\\htdocs\\aitecvi_polinela\\app\\Views\\konten\\home\\index.php', 441)
 2 SYSTEMPATH\View\View.php(228): include('C:\\xampp\\htdocs\\aitecvi_polinela\\app\\Views\\konten\\home\\index.php')
 3 SYSTEMPATH\View\View.php(231): CodeIgniter\View\View->CodeIgniter\View\{closure}()
 4 SYSTEMPATH\Common.php(1190): CodeIgniter\View\View->render('konten/home/index', [], true)
 5 APPPATH\Controllers\LandingPage.php(39): view('konten/home/index', [...])
 6 SYSTEMPATH\CodeIgniter.php(942): App\Controllers\LandingPage->index()
 7 SYSTEMPATH\CodeIgniter.php(502): CodeIgniter\CodeIgniter->runController(Object(App\Controllers\LandingPage))
 8 SYSTEMPATH\CodeIgniter.php(361): CodeIgniter\CodeIgniter->handleRequest(null, Object(Config\Cache), false)
 9 FCPATH\index.php(79): CodeIgniter\CodeIgniter->run()
10 SYSTEMPATH\Commands\Server\rewrite.php(47): require_once('C:\\xampp\\htdocs\\aitecvi_polinela\\public\\index.php')
CRITICAL - 2024-07-17 05:23:46 --> Undefined array key "asal_provinsi"
in APPPATH\Views\konten\home\index.php on line 441.
 1 APPPATH\Views\konten\home\index.php(441): CodeIgniter\Debug\Exceptions->errorHandler(2, 'Undefined array key "asal_provinsi"', 'C:\\xampp\\htdocs\\aitecvi_polinela\\app\\Views\\konten\\home\\index.php', 441)
 2 SYSTEMPATH\View\View.php(228): include('C:\\xampp\\htdocs\\aitecvi_polinela\\app\\Views\\konten\\home\\index.php')
 3 SYSTEMPATH\View\View.php(231): CodeIgniter\View\View->CodeIgniter\View\{closure}()
 4 SYSTEMPATH\Common.php(1190): CodeIgniter\View\View->render('konten/home/index', [], true)
 5 APPPATH\Controllers\LandingPage.php(39): view('konten/home/index', [...])
 6 SYSTEMPATH\CodeIgniter.php(942): App\Controllers\LandingPage->index()
 7 SYSTEMPATH\CodeIgniter.php(502): CodeIgniter\CodeIgniter->runController(Object(App\Controllers\LandingPage))
 8 SYSTEMPATH\CodeIgniter.php(361): CodeIgniter\CodeIgniter->handleRequest(null, Object(Config\Cache), false)
 9 FCPATH\index.php(79): CodeIgniter\CodeIgniter->run()
10 SYSTEMPATH\Commands\Server\rewrite.php(47): require_once('C:\\xampp\\htdocs\\aitecvi_polinela\\public\\index.php')
CRITICAL - 2024-07-17 05:24:49 --> Undefined array key "asal_prov"
in APPPATH\Views\konten\home\index.php on line 441.
 1 APPPATH\Views\konten\home\index.php(441): CodeIgniter\Debug\Exceptions->errorHandler(2, 'Undefined array key "asal_prov"', 'C:\\xampp\\htdocs\\aitecvi_polinela\\app\\Views\\konten\\home\\index.php', 441)
 2 SYSTEMPATH\View\View.php(228): include('C:\\xampp\\htdocs\\aitecvi_polinela\\app\\Views\\konten\\home\\index.php')
 3 SYSTEMPATH\View\View.php(231): CodeIgniter\View\View->CodeIgniter\View\{closure}()
 4 SYSTEMPATH\Common.php(1190): CodeIgniter\View\View->render('konten/home/index', [], true)
 5 APPPATH\Controllers\LandingPage.php(39): view('konten/home/index', [...])
 6 SYSTEMPATH\CodeIgniter.php(942): App\Controllers\LandingPage->index()
 7 SYSTEMPATH\CodeIgniter.php(502): CodeIgniter\CodeIgniter->runController(Object(App\Controllers\LandingPage))
 8 SYSTEMPATH\CodeIgniter.php(361): CodeIgniter\CodeIgniter->handleRequest(null, Object(Config\Cache), false)
 9 FCPATH\index.php(79): CodeIgniter\CodeIgniter->run()
10 SYSTEMPATH\Commands\Server\rewrite.php(47): require_once('C:\\xampp\\htdocs\\aitecvi_polinela\\public\\index.php')
CRITICAL - 2024-07-17 05:25:25 --> Undefined array key "asal_negara"
in APPPATH\Views\konten\home\index.php on line 442.
 1 APPPATH\Views\konten\home\index.php(442): CodeIgniter\Debug\Exceptions->errorHandler(2, 'Undefined array key "asal_negara"', 'C:\\xampp\\htdocs\\aitecvi_polinela\\app\\Views\\konten\\home\\index.php', 442)
 2 SYSTEMPATH\View\View.php(228): include('C:\\xampp\\htdocs\\aitecvi_polinela\\app\\Views\\konten\\home\\index.php')
 3 SYSTEMPATH\View\View.php(231): CodeIgniter\View\View->CodeIgniter\View\{closure}()
 4 SYSTEMPATH\Common.php(1190): CodeIgniter\View\View->render('konten/home/index', [], true)
 5 APPPATH\Controllers\LandingPage.php(39): view('konten/home/index', [...])
 6 SYSTEMPATH\CodeIgniter.php(942): App\Controllers\LandingPage->index()
 7 SYSTEMPATH\CodeIgniter.php(502): CodeIgniter\CodeIgniter->runController(Object(App\Controllers\LandingPage))
 8 SYSTEMPATH\CodeIgniter.php(361): CodeIgniter\CodeIgniter->handleRequest(null, Object(Config\Cache), false)
 9 FCPATH\index.php(79): CodeIgniter\CodeIgniter->run()
10 SYSTEMPATH\Commands\Server\rewrite.php(47): require_once('C:\\xampp\\htdocs\\aitecvi_polinela\\public\\index.php')
INFO - 2024-07-17 05:28:58 --> Session: Class initialized using 'CodeIgniter\Session\Handlers\FileHandler' driver.
INFO - 2024-07-17 05:29:01 --> Session: Class initialized using 'CodeIgniter\Session\Handlers\FileHandler' driver.
INFO - 2024-07-17 05:29:02 --> Session: Class initialized using 'CodeIgniter\Session\Handlers\FileHandler' driver.
INFO - 2024-07-17 05:29:09 --> Session: Class initialized using 'CodeIgniter\Session\Handlers\FileHandler' driver.
INFO - 2024-07-17 05:29:40 --> Session: Class initialized using 'CodeIgniter\Session\Handlers\FileHandler' driver.
INFO - 2024-07-17 05:29:50 --> Session: Class initialized using 'CodeIgniter\Session\Handlers\FileHandler' driver.
INFO - 2024-07-17 05:29:54 --> Session: Class initialized using 'CodeIgniter\Session\Handlers\FileHandler' driver.
INFO - 2024-07-17 05:29:56 --> Session: Class initialized using 'CodeIgniter\Session\Handlers\FileHandler' driver.
INFO - 2024-07-17 05:30:05 --> Session: Class initialized using 'CodeIgniter\Session\Handlers\FileHandler' driver.
INFO - 2024-07-17 05:30:08 --> Session: Class initialized using 'CodeIgniter\Session\Handlers\FileHandler' driver.
CRITICAL - 2024-07-17 05:30:08 --> Attempt to read property "id" on null
in APPPATH\Views\konten\admin\peserta\edit.php on line 15.
 1 APPPATH\Views\konten\admin\peserta\edit.php(15): CodeIgniter\Debug\Exceptions->errorHandler(2, 'Attempt to read property "id" on null', 'C:\\xampp\\htdocs\\aitecvi_polinela\\app\\Views\\konten\\admin\\peserta\\edit.php', 15)
 2 SYSTEMPATH\View\View.php(228): include('C:\\xampp\\htdocs\\aitecvi_polinela\\app\\Views\\konten\\admin\\peserta\\edit.php')
 3 SYSTEMPATH\View\View.php(231): CodeIgniter\View\View->CodeIgniter\View\{closure}()
 4 SYSTEMPATH\Common.php(1190): CodeIgniter\View\View->render('konten/admin/peserta/edit', [], true)
 5 APPPATH\Controllers\AdminMaster.php(490): view('konten/admin/peserta/edit', [...])
 6 SYSTEMPATH\CodeIgniter.php(942): App\Controllers\AdminMaster->editPeserta('0')
 7 SYSTEMPATH\CodeIgniter.php(502): CodeIgniter\CodeIgniter->runController(Object(App\Controllers\AdminMaster))
 8 SYSTEMPATH\CodeIgniter.php(361): CodeIgniter\CodeIgniter->handleRequest(null, Object(Config\Cache), false)
 9 FCPATH\index.php(79): CodeIgniter\CodeIgniter->run()
10 SYSTEMPATH\Commands\Server\rewrite.php(47): require_once('C:\\xampp\\htdocs\\aitecvi_polinela\\public\\index.php')
INFO - 2024-07-17 05:30:13 --> Session: Class initialized using 'CodeIgniter\Session\Handlers\FileHandler' driver.
INFO - 2024-07-17 05:30:46 --> Session: Class initialized using 'CodeIgniter\Session\Handlers\FileHandler' driver.
CRITICAL - 2024-07-17 05:30:46 --> Attempt to read property "id" on null
in APPPATH\Views\konten\admin\peserta\edit.php on line 15.
 1 APPPATH\Views\konten\admin\peserta\edit.php(15): CodeIgniter\Debug\Exceptions->errorHandler(2, 'Attempt to read property "id" on null', 'C:\\xampp\\htdocs\\aitecvi_polinela\\app\\Views\\konten\\admin\\peserta\\edit.php', 15)
 2 SYSTEMPATH\View\View.php(228): include('C:\\xampp\\htdocs\\aitecvi_polinela\\app\\Views\\konten\\admin\\peserta\\edit.php')
 3 SYSTEMPATH\View\View.php(231): CodeIgniter\View\View->CodeIgniter\View\{closure}()
 4 SYSTEMPATH\Common.php(1190): CodeIgniter\View\View->render('konten/admin/peserta/edit', [], true)
 5 APPPATH\Controllers\AdminMaster.php(490): view('konten/admin/peserta/edit', [...])
 6 SYSTEMPATH\CodeIgniter.php(942): App\Controllers\AdminMaster->editPeserta('0')
 7 SYSTEMPATH\CodeIgniter.php(502): CodeIgniter\CodeIgniter->runController(Object(App\Controllers\AdminMaster))
 8 SYSTEMPATH\CodeIgniter.php(361): CodeIgniter\CodeIgniter->handleRequest(null, Object(Config\Cache), false)
 9 FCPATH\index.php(79): CodeIgniter\CodeIgniter->run()
10 SYSTEMPATH\Commands\Server\rewrite.php(47): require_once('C:\\xampp\\htdocs\\aitecvi_polinela\\public\\index.php')
INFO - 2024-07-17 05:31:53 --> Session: Class initialized using 'CodeIgniter\Session\Handlers\FileHandler' driver.
INFO - 2024-07-17 05:31:57 --> Session: Class initialized using 'CodeIgniter\Session\Handlers\FileHandler' driver.
INFO - 2024-07-17 05:32:25 --> Session: Class initialized using 'CodeIgniter\Session\Handlers\FileHandler' driver.
INFO - 2024-07-17 05:32:31 --> Session: Class initialized using 'CodeIgniter\Session\Handlers\FileHandler' driver.
INFO - 2024-07-17 05:32:33 --> Session: Class initialized using 'CodeIgniter\Session\Handlers\FileHandler' driver.
ERROR - 2024-07-17 13:40:02 --> Error connecting to the database: mysqli_sql_exception: No connection could be made because the target machine actively refused it in C:\xampp\htdocs\aitecvi_polinela\system\Database\MySQLi\Connection.php:184
Stack trace:
#0 C:\xampp\htdocs\aitecvi_polinela\system\Database\MySQLi\Connection.php(184): mysqli->real_connect('127.0.0.1', 'root', Object(SensitiveParameterValue), 'db_aitec', 3306, '', 0)
#1 C:\xampp\htdocs\aitecvi_polinela\system\Database\BaseConnection.php(392): CodeIgniter\Database\MySQLi\Connection->connect(false)
#2 C:\xampp\htdocs\aitecvi_polinela\system\Database\BaseConnection.php(575): CodeIgniter\Database\BaseConnection->initialize()
#3 C:\xampp\htdocs\aitecvi_polinela\system\Database\BaseBuilder.php(1615): CodeIgniter\Database\BaseConnection->query('SELECT *\nFROM `...', Array, false)
#4 C:\xampp\htdocs\aitecvi_polinela\system\Model.php(237): CodeIgniter\Database\BaseBuilder->get()
#5 C:\xampp\htdocs\aitecvi_polinela\system\BaseModel.php(624): CodeIgniter\Model->doFindAll(0, 0)
#6 C:\xampp\htdocs\aitecvi_polinela\app\Models\Admin\PtModel.php(15): CodeIgniter\BaseModel->findAll()
#7 C:\xampp\htdocs\aitecvi_polinela\app\Controllers\LandingPage.php(36): App\Models\Admin\PtModel->getAllPt()
#8 C:\xampp\htdocs\aitecvi_polinela\system\CodeIgniter.php(942): App\Controllers\LandingPage->index()
#9 C:\xampp\htdocs\aitecvi_polinela\system\CodeIgniter.php(502): CodeIgniter\CodeIgniter->runController(Object(App\Controllers\LandingPage))
#10 C:\xampp\htdocs\aitecvi_polinela\system\CodeIgniter.php(361): CodeIgniter\CodeIgniter->handleRequest(NULL, Object(Config\Cache), false)
#11 C:\xampp\htdocs\aitecvi_polinela\public\index.php(79): CodeIgniter\CodeIgniter->run()
#12 C:\xampp\htdocs\aitecvi_polinela\system\Commands\Server\rewrite.php(47): require_once('C:\\xampp\\htdocs...')
#13 {main}

Next CodeIgniter\Database\Exceptions\DatabaseException: No connection could be made because the target machine actively refused it in C:\xampp\htdocs\aitecvi_polinela\system\Database\MySQLi\Connection.php:229
Stack trace:
#0 C:\xampp\htdocs\aitecvi_polinela\system\Database\BaseConnection.php(392): CodeIgniter\Database\MySQLi\Connection->connect(false)
#1 C:\xampp\htdocs\aitecvi_polinela\system\Database\BaseConnection.php(575): CodeIgniter\Database\BaseConnection->initialize()
#2 C:\xampp\htdocs\aitecvi_polinela\system\Database\BaseBuilder.php(1615): CodeIgniter\Database\BaseConnection->query('SELECT *\nFROM `...', Array, false)
#3 C:\xampp\htdocs\aitecvi_polinela\system\Model.php(237): CodeIgniter\Database\BaseBuilder->get()
#4 C:\xampp\htdocs\aitecvi_polinela\system\BaseModel.php(624): CodeIgniter\Model->doFindAll(0, 0)
#5 C:\xampp\htdocs\aitecvi_polinela\app\Models\Admin\PtModel.php(15): CodeIgniter\BaseModel->findAll()
#6 C:\xampp\htdocs\aitecvi_polinela\app\Controllers\LandingPage.php(36): App\Models\Admin\PtModel->getAllPt()
#7 C:\xampp\htdocs\aitecvi_polinela\system\CodeIgniter.php(942): App\Controllers\LandingPage->index()
#8 C:\xampp\htdocs\aitecvi_polinela\system\CodeIgniter.php(502): CodeIgniter\CodeIgniter->runController(Object(App\Controllers\LandingPage))
#9 C:\xampp\htdocs\aitecvi_polinela\system\CodeIgniter.php(361): CodeIgniter\CodeIgniter->handleRequest(NULL, Object(Config\Cache), false)
#10 C:\xampp\htdocs\aitecvi_polinela\public\index.php(79): CodeIgniter\CodeIgniter->run()
#11 C:\xampp\htdocs\aitecvi_polinela\system\Commands\Server\rewrite.php(47): require_once('C:\\xampp\\htdocs...')
#12 {main}
CRITICAL - 2024-07-17 13:40:02 --> Unable to connect to the database.
Main connection [MySQLi]: No connection could be made because the target machine actively refused it
in SYSTEMPATH\Database\BaseConnection.php on line 428.
 1 SYSTEMPATH\Database\BaseConnection.php(575): CodeIgniter\Database\BaseConnection->initialize()
 2 SYSTEMPATH\Database\BaseBuilder.php(1615): CodeIgniter\Database\BaseConnection->query('SELECT *
FROM `pt`', [], false)
 3 SYSTEMPATH\Model.php(237): CodeIgniter\Database\BaseBuilder->get()
 4 SYSTEMPATH\BaseModel.php(624): CodeIgniter\Model->doFindAll(0, 0)
 5 APPPATH\Models\Admin\PtModel.php(15): CodeIgniter\BaseModel->findAll()
 6 APPPATH\Controllers\LandingPage.php(36): App\Models\Admin\PtModel->getAllPt()
 7 SYSTEMPATH\CodeIgniter.php(942): App\Controllers\LandingPage->index()
 8 SYSTEMPATH\CodeIgniter.php(502): CodeIgniter\CodeIgniter->runController(Object(App\Controllers\LandingPage))
 9 SYSTEMPATH\CodeIgniter.php(361): CodeIgniter\CodeIgniter->handleRequest(null, Object(Config\Cache), false)
10 FCPATH\index.php(79): CodeIgniter\CodeIgniter->run()
11 SYSTEMPATH\Commands\Server\rewrite.php(47): require_once('C:\\xampp\\htdocs\\aitecvi_polinela\\public\\index.php')
INFO - 2024-07-17 13:41:28 --> Session: Class initialized using 'CodeIgniter\Session\Handlers\FileHandler' driver.
INFO - 2024-07-17 13:41:33 --> Session: Class initialized using 'CodeIgniter\Session\Handlers\FileHandler' driver.
INFO - 2024-07-17 13:41:33 --> Session: Class initialized using 'CodeIgniter\Session\Handlers\FileHandler' driver.
INFO - 2024-07-17 13:41:41 --> Session: Class initialized using 'CodeIgniter\Session\Handlers\FileHandler' driver.
INFO - 2024-07-17 13:41:44 --> Session: Class initialized using 'CodeIgniter\Session\Handlers\FileHandler' driver.
INFO - 2024-07-17 13:41:52 --> Session: Class initialized using 'CodeIgniter\Session\Handlers\FileHandler' driver.
INFO - 2024-07-17 13:42:13 --> Session: Class initialized using 'CodeIgniter\Session\Handlers\FileHandler' driver.
INFO - 2024-07-17 13:42:18 --> Session: Class initialized using 'CodeIgniter\Session\Handlers\FileHandler' driver.
INFO - 2024-07-17 13:48:40 --> Session: Class initialized using 'CodeIgniter\Session\Handlers\FileHandler' driver.
INFO - 2024-07-17 13:48:41 --> Session: Class initialized using 'CodeIgniter\Session\Handlers\FileHandler' driver.
INFO - 2024-07-17 13:48:51 --> Session: Class initialized using 'CodeIgniter\Session\Handlers\FileHandler' driver.
INFO - 2024-07-17 13:48:52 --> Session: Class initialized using 'CodeIgniter\Session\Handlers\FileHandler' driver.
INFO - 2024-07-17 13:49:00 --> Session: Class initialized using 'CodeIgniter\Session\Handlers\FileHandler' driver.
WARNING - 2024-07-17 13:49:00 --> [DEPRECATED] Creation of dynamic property App\Controllers\JuriProfil::$user is deprecated in APPPATH\Controllers\JuriProfil.php on line 15.
 1 SYSTEMPATH\CodeIgniter.php(914): App\Controllers\JuriProfil->__construct()
 2 SYSTEMPATH\CodeIgniter.php(493): CodeIgniter\CodeIgniter->createController()
 3 SYSTEMPATH\CodeIgniter.php(361): CodeIgniter\CodeIgniter->handleRequest(null, Object(Config\Cache), false)
 4 FCPATH\index.php(79): CodeIgniter\CodeIgniter->run()
 5 SYSTEMPATH\Commands\Server\rewrite.php(47): require_once('C:\\xampp\\htdocs\\aitecvi_polinela\\public\\index.php')
WARNING - 2024-07-17 13:49:00 --> [DEPRECATED] Creation of dynamic property App\Controllers\JuriProfil::$session is deprecated in APPPATH\Controllers\JuriProfil.php on line 16.
 1 SYSTEMPATH\CodeIgniter.php(914): App\Controllers\JuriProfil->__construct()
 2 SYSTEMPATH\CodeIgniter.php(493): CodeIgniter\CodeIgniter->createController()
 3 SYSTEMPATH\CodeIgniter.php(361): CodeIgniter\CodeIgniter->handleRequest(null, Object(Config\Cache), false)
 4 FCPATH\index.php(79): CodeIgniter\CodeIgniter->run()
 5 SYSTEMPATH\Commands\Server\rewrite.php(47): require_once('C:\\xampp\\htdocs\\aitecvi_polinela\\public\\index.php')
WARNING - 2024-07-17 13:49:00 --> [DEPRECATED] Creation of dynamic property App\Controllers\JuriProfil::$validation is deprecated in APPPATH\Controllers\JuriProfil.php on line 17.
 1 SYSTEMPATH\CodeIgniter.php(914): App\Controllers\JuriProfil->__construct()
 2 SYSTEMPATH\CodeIgniter.php(493): CodeIgniter\CodeIgniter->createController()
 3 SYSTEMPATH\CodeIgniter.php(361): CodeIgniter\CodeIgniter->handleRequest(null, Object(Config\Cache), false)
 4 FCPATH\index.php(79): CodeIgniter\CodeIgniter->run()
 5 SYSTEMPATH\Commands\Server\rewrite.php(47): require_once('C:\\xampp\\htdocs\\aitecvi_polinela\\public\\index.php')
WARNING - 2024-07-17 13:49:00 --> [DEPRECATED] Creation of dynamic property App\Controllers\JuriProfil::$db is deprecated in APPPATH\Controllers\JuriProfil.php on line 18.
 1 SYSTEMPATH\CodeIgniter.php(914): App\Controllers\JuriProfil->__construct()
 2 SYSTEMPATH\CodeIgniter.php(493): CodeIgniter\CodeIgniter->createController()
 3 SYSTEMPATH\CodeIgniter.php(361): CodeIgniter\CodeIgniter->handleRequest(null, Object(Config\Cache), false)
 4 FCPATH\index.php(79): CodeIgniter\CodeIgniter->run()
 5 SYSTEMPATH\Commands\Server\rewrite.php(47): require_once('C:\\xampp\\htdocs\\aitecvi_polinela\\public\\index.php')
INFO - 2024-07-17 13:49:29 --> Session: Class initialized using 'CodeIgniter\Session\Handlers\FileHandler' driver.
WARNING - 2024-07-17 13:49:29 --> [DEPRECATED] Creation of dynamic property App\Controllers\JuriProfil::$user is deprecated in APPPATH\Controllers\JuriProfil.php on line 15.
 1 SYSTEMPATH\CodeIgniter.php(914): App\Controllers\JuriProfil->__construct()
 2 SYSTEMPATH\CodeIgniter.php(493): CodeIgniter\CodeIgniter->createController()
 3 SYSTEMPATH\CodeIgniter.php(361): CodeIgniter\CodeIgniter->handleRequest(null, Object(Config\Cache), false)
 4 FCPATH\index.php(79): CodeIgniter\CodeIgniter->run()
 5 SYSTEMPATH\Commands\Server\rewrite.php(47): require_once('C:\\xampp\\htdocs\\aitecvi_polinela\\public\\index.php')
WARNING - 2024-07-17 13:49:29 --> [DEPRECATED] Creation of dynamic property App\Controllers\JuriProfil::$session is deprecated in APPPATH\Controllers\JuriProfil.php on line 16.
 1 SYSTEMPATH\CodeIgniter.php(914): App\Controllers\JuriProfil->__construct()
 2 SYSTEMPATH\CodeIgniter.php(493): CodeIgniter\CodeIgniter->createController()
 3 SYSTEMPATH\CodeIgniter.php(361): CodeIgniter\CodeIgniter->handleRequest(null, Object(Config\Cache), false)
 4 FCPATH\index.php(79): CodeIgniter\CodeIgniter->run()
 5 SYSTEMPATH\Commands\Server\rewrite.php(47): require_once('C:\\xampp\\htdocs\\aitecvi_polinela\\public\\index.php')
WARNING - 2024-07-17 13:49:29 --> [DEPRECATED] Creation of dynamic property App\Controllers\JuriProfil::$validation is deprecated in APPPATH\Controllers\JuriProfil.php on line 17.
 1 SYSTEMPATH\CodeIgniter.php(914): App\Controllers\JuriProfil->__construct()
 2 SYSTEMPATH\CodeIgniter.php(493): CodeIgniter\CodeIgniter->createController()
 3 SYSTEMPATH\CodeIgniter.php(361): CodeIgniter\CodeIgniter->handleRequest(null, Object(Config\Cache), false)
 4 FCPATH\index.php(79): CodeIgniter\CodeIgniter->run()
 5 SYSTEMPATH\Commands\Server\rewrite.php(47): require_once('C:\\xampp\\htdocs\\aitecvi_polinela\\public\\index.php')
WARNING - 2024-07-17 13:49:29 --> [DEPRECATED] Creation of dynamic property App\Controllers\JuriProfil::$db is deprecated in APPPATH\Controllers\JuriProfil.php on line 18.
 1 SYSTEMPATH\CodeIgniter.php(914): App\Controllers\JuriProfil->__construct()
 2 SYSTEMPATH\CodeIgniter.php(493): CodeIgniter\CodeIgniter->createController()
 3 SYSTEMPATH\CodeIgniter.php(361): CodeIgniter\CodeIgniter->handleRequest(null, Object(Config\Cache), false)
 4 FCPATH\index.php(79): CodeIgniter\CodeIgniter->run()
 5 SYSTEMPATH\Commands\Server\rewrite.php(47): require_once('C:\\xampp\\htdocs\\aitecvi_polinela\\public\\index.php')
INFO - 2024-07-17 13:49:34 --> Session: Class initialized using 'CodeIgniter\Session\Handlers\FileHandler' driver.
INFO - 2024-07-17 13:49:35 --> Session: Class initialized using 'CodeIgniter\Session\Handlers\FileHandler' driver.
INFO - 2024-07-17 13:49:56 --> Session: Class initialized using 'CodeIgniter\Session\Handlers\FileHandler' driver.
