INFO - 2024-05-02 08:27:53 --> Session: Class initialized using 'CodeIgniter\Session\Handlers\FileHandler' driver.
INFO - 2024-05-02 08:27:53 --> Session: Class initialized using 'CodeIgniter\Session\Handlers\FileHandler' driver.
INFO - 2024-05-02 08:28:01 --> Session: Class initialized using 'CodeIgniter\Session\Handlers\FileHandler' driver.
INFO - 2024-05-02 08:28:01 --> Session: Class initialized using 'CodeIgniter\Session\Handlers\FileHandler' driver.
INFO - 2024-05-02 08:28:04 --> Session: Class initialized using 'CodeIgniter\Session\Handlers\FileHandler' driver.
INFO - 2024-05-02 08:28:37 --> Session: Class initialized using 'CodeIgniter\Session\Handlers\FileHandler' driver.
INFO - 2024-05-02 08:28:40 --> Session: Class initialized using 'CodeIgniter\Session\Handlers\FileHandler' driver.
INFO - 2024-05-02 08:28:40 --> Session: Class initialized using 'CodeIgniter\Session\Handlers\FileHandler' driver.
ERROR - 2024-05-02 08:28:40 --> mysqli_sql_exception: Illegal mix of collations (utf8mb4_general_ci,IMPLICIT) and (utf8_general_ci,COERCIBLE) for operation '=' in /Applications/XAMPP/xamppfiles/htdocs/ami/system/Database/MySQLi/Connection.php:306
Stack trace:
#0 /Applications/XAMPP/xamppfiles/htdocs/ami/system/Database/MySQLi/Connection.php(306): mysqli->query('SELECT `standar...', 0)
#1 /Applications/XAMPP/xamppfiles/htdocs/ami/system/Database/BaseConnection.php(693): CodeIgniter\Database\MySQLi\Connection->execute('SELECT `standar...')
#2 /Applications/XAMPP/xamppfiles/htdocs/ami/system/Database/BaseConnection.php(607): CodeIgniter\Database\BaseConnection->simpleQuery('SELECT `standar...')
#3 /Applications/XAMPP/xamppfiles/htdocs/ami/system/Database/BaseBuilder.php(1615): CodeIgniter\Database\BaseConnection->query('SELECT `standar...', Array, false)
#4 /Applications/XAMPP/xamppfiles/htdocs/ami/app/Models/Auditor/AuditorAuditModel.php(39): CodeIgniter\Database\BaseBuilder->get()
#5 /Applications/XAMPP/xamppfiles/htdocs/ami/app/Controllers/AuditorAudit.php(50): App\Models\Auditor\AuditorAuditModel->getAreaAuditAktifByUpa('j\xCB\x1E\xB6')
#6 /Applications/XAMPP/xamppfiles/htdocs/ami/system/CodeIgniter.php(942): App\Controllers\AuditorAudit->pelaksanaan('assets', 'vendors', 'chartjs', 'Chart.min.css')
#7 /Applications/XAMPP/xamppfiles/htdocs/ami/system/CodeIgniter.php(502): CodeIgniter\CodeIgniter->runController(Object(App\Controllers\AuditorAudit))
#8 /Applications/XAMPP/xamppfiles/htdocs/ami/system/CodeIgniter.php(361): CodeIgniter\CodeIgniter->handleRequest(NULL, Object(Config\Cache), false)
#9 /Applications/XAMPP/xamppfiles/htdocs/ami/public/index.php(79): CodeIgniter\CodeIgniter->run()
#10 /Applications/XAMPP/xamppfiles/htdocs/ami/system/Commands/Server/rewrite.php(47): require_once('/Applications/X...')
#11 {main}
CRITICAL - 2024-05-02 08:28:40 --> Illegal mix of collations (utf8mb4_general_ci,IMPLICIT) and (utf8_general_ci,COERCIBLE) for operation '='
in SYSTEMPATH/Database/BaseConnection.php on line 647.
 1 SYSTEMPATH/Database/BaseBuilder.php(1615): CodeIgniter\Database\BaseConnection->query('SELECT `standar`.*, `audit_rencana`.`id` as `audit_rencana_id`
FROM `standar`
JOIN `area_audit` ON `standar`.`area_audit_id` = `area_audit`.`id`
JOIN `audit_rencana` ON `area_audit`.`id` = `audit_rencana`.`area_audit_id`
JOIN `tahun_akademik` ON `audit_rencana`.`tahun_akademik_id` = `tahun_akademik`.`id`
WHERE `tahun_akademik`.`status` = :tahun_akademik.status:
AND `audit_rencana`.`id` = :audit_rencana.id:', [...], false)
 2 APPPATH/Models/Auditor/AuditorAuditModel.php(39): CodeIgniter\Database\BaseBuilder->get()
 3 APPPATH/Controllers/AuditorAudit.php(50): App\Models\Auditor\AuditorAuditModel->getAreaAuditAktifByUpa('jË¶')
 4 SYSTEMPATH/CodeIgniter.php(942): App\Controllers\AuditorAudit->pelaksanaan('assets', 'vendors', 'chartjs', 'Chart.min.css')
 5 SYSTEMPATH/CodeIgniter.php(502): CodeIgniter\CodeIgniter->runController(Object(App\Controllers\AuditorAudit))
 6 SYSTEMPATH/CodeIgniter.php(361): CodeIgniter\CodeIgniter->handleRequest(null, Object(Config\Cache), false)
 7 FCPATH/index.php(79): CodeIgniter\CodeIgniter->run()
 8 SYSTEMPATH/Commands/Server/rewrite.php(47): require_once('/Applications/XAMPP/xamppfiles/htdocs/ami/public/index.php')
CRITICAL - 2024-05-02 08:28:40 --> Uncaught CodeIgniter\Format\Exceptions\FormatException: Failed to parse JSON string. Error: Malformed UTF-8 characters, possibly incorrectly encoded in /Applications/XAMPP/xamppfiles/htdocs/ami/system/Format/JSONFormatter.php:43
Stack trace:
#0 /Applications/XAMPP/xamppfiles/htdocs/ami/system/Format/JSONFormatter.php(43): CodeIgniter\Format\Exceptions\FormatException::forInvalidJSON('Malformed UTF-8...')
#1 /Applications/XAMPP/xamppfiles/htdocs/ami/system/API/ResponseTrait.php(345): CodeIgniter\Format\JSONFormatter->format(Array)
#2 /Applications/XAMPP/xamppfiles/htdocs/ami/system/API/ResponseTrait.php(98): CodeIgniter\Debug\ExceptionHandler->format(Array)
#3 /Applications/XAMPP/xamppfiles/htdocs/ami/system/Debug/ExceptionHandler.php(81): CodeIgniter\Debug\ExceptionHandler->respond(Array, 500)
#4 /Applications/XAMPP/xamppfiles/htdocs/ami/system/Debug/Exceptions.php(149): CodeIgniter\Debug\ExceptionHandler->handle(Object(mysqli_sql_exception), Object(CodeIgniter\HTTP\IncomingRequest), Object(CodeIgniter\HTTP\Response), 500, 8)
#5 [internal function]: CodeIgniter\Debug\Exceptions->exceptionHandler(Object(mysqli_sql_exception))
#6 {main}
  thrown
ã€Previous Exceptionã€‘
CodeIgniter\Database\Exceptions\DatabaseException
Illegal mix of collations (utf8mb4_general_ci,IMPLICIT) and (utf8_general_ci,COERCIBLE) for operation '='
#0 /Applications/XAMPP/xamppfiles/htdocs/ami/system/Database/BaseBuilder.php(1615): CodeIgniter\Database\BaseConnection->query('SELECT `standar...', Array, false)
#1 /Applications/XAMPP/xamppfiles/htdocs/ami/app/Models/Auditor/AuditorAuditModel.php(39): CodeIgniter\Database\BaseBuilder->get()
#2 /Applications/XAMPP/xamppfiles/htdocs/ami/app/Controllers/AuditorAudit.php(50): App\Models\Auditor\AuditorAuditModel->getAreaAuditAktifByUpa('j\xCB\x1E\xB6')
#3 /Applications/XAMPP/xamppfiles/htdocs/ami/system/CodeIgniter.php(942): App\Controllers\AuditorAudit->pelaksanaan('assets', 'vendors', 'chartjs', 'Chart.min.css')
#4 /Applications/XAMPP/xamppfiles/htdocs/ami/system/CodeIgniter.php(502): CodeIgniter\CodeIgniter->runController(Object(App\Controllers\AuditorAudit))
#5 /Applications/XAMPP/xamppfiles/htdocs/ami/system/CodeIgniter.php(361): CodeIgniter\CodeIgniter->handleRequest(NULL, Object(Config\Cache), false)
#6 /Applications/XAMPP/xamppfiles/htdocs/ami/public/index.php(79): CodeIgniter\CodeIgniter->run()
#7 /Applications/XAMPP/xamppfiles/htdocs/ami/system/Commands/Server/rewrite.php(47): require_once('/Applications/X...')
#8 {main}
in SYSTEMPATH/Format/JSONFormatter.php on line 43.
 1 [internal function]: CodeIgniter\Debug\Exceptions->shutdownHandler()
INFO - 2024-05-02 08:31:20 --> Session: Class initialized using 'CodeIgniter\Session\Handlers\FileHandler' driver.
CRITICAL - 2024-05-02 15:31:20 --> Undefined property: CodeIgniter\Database\MySQLi\Builder::$na
in APPPATH/Views/konten/auditor/audit/upa/pelaksanaan.php on line 92.
 1 APPPATH/Views/konten/auditor/audit/upa/pelaksanaan.php(92): CodeIgniter\Debug\Exceptions->errorHandler(2, 'Undefined property: CodeIgniter\\Database\\MySQLi\\Builder::$na', '/Applications/XAMPP/xamppfiles/htdocs/ami/app/Views/konten/auditor/audit/upa/pelaksanaan.php', 92)
 2 SYSTEMPATH/View/View.php(228): include('/Applications/XAMPP/xamppfiles/htdocs/ami/app/Views/konten/auditor/audit/upa/pelaksanaan.php')
 3 SYSTEMPATH/View/View.php(231): CodeIgniter\View\View->CodeIgniter\View\{closure}()
 4 SYSTEMPATH/Common.php(1190): CodeIgniter\View\View->render('konten/auditor/audit/upa/pelaksanaan', [], true)
 5 APPPATH/Controllers/AuditorAudit.php(66): view('konten/auditor/audit/upa/pelaksanaan', [...])
 6 SYSTEMPATH/CodeIgniter.php(942): App\Controllers\AuditorAudit->pelaksanaan('OTdjNjI4NTgtZjAyZS00NjVjLWE5OTUtYmQxMjBhZGE3MTU3')
 7 SYSTEMPATH/CodeIgniter.php(502): CodeIgniter\CodeIgniter->runController(Object(App\Controllers\AuditorAudit))
 8 SYSTEMPATH/CodeIgniter.php(361): CodeIgniter\CodeIgniter->handleRequest(null, Object(Config\Cache), false)
 9 FCPATH/index.php(79): CodeIgniter\CodeIgniter->run()
10 SYSTEMPATH/Commands/Server/rewrite.php(47): require_once('/Applications/XAMPP/xamppfiles/htdocs/ami/public/index.php')
INFO - 2024-05-02 08:31:41 --> Session: Class initialized using 'CodeIgniter\Session\Handlers\FileHandler' driver.
INFO - 2024-05-02 08:32:05 --> Session: Class initialized using 'CodeIgniter\Session\Handlers\FileHandler' driver.
ERROR - 2024-05-02 08:32:05 --> mysqli_sql_exception: Unknown column 'audit_rencana.id' in 'where clause' in /Applications/XAMPP/xamppfiles/htdocs/ami/system/Database/MySQLi/Connection.php:306
Stack trace:
#0 /Applications/XAMPP/xamppfiles/htdocs/ami/system/Database/MySQLi/Connection.php(306): mysqli->query('SELECT avg(pers...', 0)
#1 /Applications/XAMPP/xamppfiles/htdocs/ami/system/Database/BaseConnection.php(693): CodeIgniter\Database\MySQLi\Connection->execute('SELECT avg(pers...')
#2 /Applications/XAMPP/xamppfiles/htdocs/ami/system/Database/BaseConnection.php(607): CodeIgniter\Database\BaseConnection->simpleQuery('SELECT avg(pers...')
#3 /Applications/XAMPP/xamppfiles/htdocs/ami/system/Database/BaseBuilder.php(1615): CodeIgniter\Database\BaseConnection->query('SELECT avg(pers...', Array, false)
#4 /Applications/XAMPP/xamppfiles/htdocs/ami/app/Controllers/AuditorAudit.php(62): CodeIgniter\Database\BaseBuilder->get()
#5 /Applications/XAMPP/xamppfiles/htdocs/ami/system/CodeIgniter.php(942): App\Controllers\AuditorAudit->pelaksanaan('OTdjNjI4NTgtZjA...')
#6 /Applications/XAMPP/xamppfiles/htdocs/ami/system/CodeIgniter.php(502): CodeIgniter\CodeIgniter->runController(Object(App\Controllers\AuditorAudit))
#7 /Applications/XAMPP/xamppfiles/htdocs/ami/system/CodeIgniter.php(361): CodeIgniter\CodeIgniter->handleRequest(NULL, Object(Config\Cache), false)
#8 /Applications/XAMPP/xamppfiles/htdocs/ami/public/index.php(79): CodeIgniter\CodeIgniter->run()
#9 /Applications/XAMPP/xamppfiles/htdocs/ami/system/Commands/Server/rewrite.php(47): require_once('/Applications/X...')
#10 {main}
CRITICAL - 2024-05-02 08:32:05 --> Unknown column 'audit_rencana.id' in 'where clause'
in SYSTEMPATH/Database/BaseConnection.php on line 647.
 1 SYSTEMPATH/Database/BaseBuilder.php(1615): CodeIgniter\Database\BaseConnection->query('SELECT avg(persentase_kesesuaian) as na
FROM `nilai_kesesuaian`
WHERE `audit_rencana`.`id` = :audit_rencana.id:', [...], false)
 2 APPPATH/Controllers/AuditorAudit.php(62): CodeIgniter\Database\BaseBuilder->get()
 3 SYSTEMPATH/CodeIgniter.php(942): App\Controllers\AuditorAudit->pelaksanaan('OTdjNjI4NTgtZjAyZS00NjVjLWE5OTUtYmQxMjBhZGE3MTU3')
 4 SYSTEMPATH/CodeIgniter.php(502): CodeIgniter\CodeIgniter->runController(Object(App\Controllers\AuditorAudit))
 5 SYSTEMPATH/CodeIgniter.php(361): CodeIgniter\CodeIgniter->handleRequest(null, Object(Config\Cache), false)
 6 FCPATH/index.php(79): CodeIgniter\CodeIgniter->run()
 7 SYSTEMPATH/Commands/Server/rewrite.php(47): require_once('/Applications/XAMPP/xamppfiles/htdocs/ami/public/index.php')
INFO - 2024-05-02 08:32:17 --> Session: Class initialized using 'CodeIgniter\Session\Handlers\FileHandler' driver.
INFO - 2024-05-02 08:32:17 --> Session: Class initialized using 'CodeIgniter\Session\Handlers\FileHandler' driver.
ERROR - 2024-05-02 08:32:17 --> mysqli_sql_exception: Illegal mix of collations (utf8mb4_general_ci,IMPLICIT) and (utf8_general_ci,COERCIBLE) for operation '=' in /Applications/XAMPP/xamppfiles/htdocs/ami/system/Database/MySQLi/Connection.php:306
Stack trace:
#0 /Applications/XAMPP/xamppfiles/htdocs/ami/system/Database/MySQLi/Connection.php(306): mysqli->query('SELECT `standar...', 0)
#1 /Applications/XAMPP/xamppfiles/htdocs/ami/system/Database/BaseConnection.php(693): CodeIgniter\Database\MySQLi\Connection->execute('SELECT `standar...')
#2 /Applications/XAMPP/xamppfiles/htdocs/ami/system/Database/BaseConnection.php(607): CodeIgniter\Database\BaseConnection->simpleQuery('SELECT `standar...')
#3 /Applications/XAMPP/xamppfiles/htdocs/ami/system/Database/BaseBuilder.php(1615): CodeIgniter\Database\BaseConnection->query('SELECT `standar...', Array, false)
#4 /Applications/XAMPP/xamppfiles/htdocs/ami/app/Models/Auditor/AuditorAuditModel.php(39): CodeIgniter\Database\BaseBuilder->get()
#5 /Applications/XAMPP/xamppfiles/htdocs/ami/app/Controllers/AuditorAudit.php(50): App\Models\Auditor\AuditorAuditModel->getAreaAuditAktifByUpa('j\xCB\x1E\xB6')
#6 /Applications/XAMPP/xamppfiles/htdocs/ami/system/CodeIgniter.php(942): App\Controllers\AuditorAudit->pelaksanaan('assets', 'vendors', 'chartjs', 'Chart.min.css')
#7 /Applications/XAMPP/xamppfiles/htdocs/ami/system/CodeIgniter.php(502): CodeIgniter\CodeIgniter->runController(Object(App\Controllers\AuditorAudit))
#8 /Applications/XAMPP/xamppfiles/htdocs/ami/system/CodeIgniter.php(361): CodeIgniter\CodeIgniter->handleRequest(NULL, Object(Config\Cache), false)
#9 /Applications/XAMPP/xamppfiles/htdocs/ami/public/index.php(79): CodeIgniter\CodeIgniter->run()
#10 /Applications/XAMPP/xamppfiles/htdocs/ami/system/Commands/Server/rewrite.php(47): require_once('/Applications/X...')
#11 {main}
CRITICAL - 2024-05-02 08:32:17 --> Illegal mix of collations (utf8mb4_general_ci,IMPLICIT) and (utf8_general_ci,COERCIBLE) for operation '='
in SYSTEMPATH/Database/BaseConnection.php on line 647.
 1 SYSTEMPATH/Database/BaseBuilder.php(1615): CodeIgniter\Database\BaseConnection->query('SELECT `standar`.*, `audit_rencana`.`id` as `audit_rencana_id`
FROM `standar`
JOIN `area_audit` ON `standar`.`area_audit_id` = `area_audit`.`id`
JOIN `audit_rencana` ON `area_audit`.`id` = `audit_rencana`.`area_audit_id`
JOIN `tahun_akademik` ON `audit_rencana`.`tahun_akademik_id` = `tahun_akademik`.`id`
WHERE `tahun_akademik`.`status` = :tahun_akademik.status:
AND `audit_rencana`.`id` = :audit_rencana.id:', [...], false)
 2 APPPATH/Models/Auditor/AuditorAuditModel.php(39): CodeIgniter\Database\BaseBuilder->get()
 3 APPPATH/Controllers/AuditorAudit.php(50): App\Models\Auditor\AuditorAuditModel->getAreaAuditAktifByUpa('jË¶')
 4 SYSTEMPATH/CodeIgniter.php(942): App\Controllers\AuditorAudit->pelaksanaan('assets', 'vendors', 'chartjs', 'Chart.min.css')
 5 SYSTEMPATH/CodeIgniter.php(502): CodeIgniter\CodeIgniter->runController(Object(App\Controllers\AuditorAudit))
 6 SYSTEMPATH/CodeIgniter.php(361): CodeIgniter\CodeIgniter->handleRequest(null, Object(Config\Cache), false)
 7 FCPATH/index.php(79): CodeIgniter\CodeIgniter->run()
 8 SYSTEMPATH/Commands/Server/rewrite.php(47): require_once('/Applications/XAMPP/xamppfiles/htdocs/ami/public/index.php')
CRITICAL - 2024-05-02 08:32:17 --> Uncaught CodeIgniter\Format\Exceptions\FormatException: Failed to parse JSON string. Error: Malformed UTF-8 characters, possibly incorrectly encoded in /Applications/XAMPP/xamppfiles/htdocs/ami/system/Format/JSONFormatter.php:43
Stack trace:
#0 /Applications/XAMPP/xamppfiles/htdocs/ami/system/Format/JSONFormatter.php(43): CodeIgniter\Format\Exceptions\FormatException::forInvalidJSON('Malformed UTF-8...')
#1 /Applications/XAMPP/xamppfiles/htdocs/ami/system/API/ResponseTrait.php(345): CodeIgniter\Format\JSONFormatter->format(Array)
#2 /Applications/XAMPP/xamppfiles/htdocs/ami/system/API/ResponseTrait.php(98): CodeIgniter\Debug\ExceptionHandler->format(Array)
#3 /Applications/XAMPP/xamppfiles/htdocs/ami/system/Debug/ExceptionHandler.php(81): CodeIgniter\Debug\ExceptionHandler->respond(Array, 500)
#4 /Applications/XAMPP/xamppfiles/htdocs/ami/system/Debug/Exceptions.php(149): CodeIgniter\Debug\ExceptionHandler->handle(Object(mysqli_sql_exception), Object(CodeIgniter\HTTP\IncomingRequest), Object(CodeIgniter\HTTP\Response), 500, 8)
#5 [internal function]: CodeIgniter\Debug\Exceptions->exceptionHandler(Object(mysqli_sql_exception))
#6 {main}
  thrown
ã€Previous Exceptionã€‘
CodeIgniter\Database\Exceptions\DatabaseException
Illegal mix of collations (utf8mb4_general_ci,IMPLICIT) and (utf8_general_ci,COERCIBLE) for operation '='
#0 /Applications/XAMPP/xamppfiles/htdocs/ami/system/Database/BaseBuilder.php(1615): CodeIgniter\Database\BaseConnection->query('SELECT `standar...', Array, false)
#1 /Applications/XAMPP/xamppfiles/htdocs/ami/app/Models/Auditor/AuditorAuditModel.php(39): CodeIgniter\Database\BaseBuilder->get()
#2 /Applications/XAMPP/xamppfiles/htdocs/ami/app/Controllers/AuditorAudit.php(50): App\Models\Auditor\AuditorAuditModel->getAreaAuditAktifByUpa('j\xCB\x1E\xB6')
#3 /Applications/XAMPP/xamppfiles/htdocs/ami/system/CodeIgniter.php(942): App\Controllers\AuditorAudit->pelaksanaan('assets', 'vendors', 'chartjs', 'Chart.min.css')
#4 /Applications/XAMPP/xamppfiles/htdocs/ami/system/CodeIgniter.php(502): CodeIgniter\CodeIgniter->runController(Object(App\Controllers\AuditorAudit))
#5 /Applications/XAMPP/xamppfiles/htdocs/ami/system/CodeIgniter.php(361): CodeIgniter\CodeIgniter->handleRequest(NULL, Object(Config\Cache), false)
#6 /Applications/XAMPP/xamppfiles/htdocs/ami/public/index.php(79): CodeIgniter\CodeIgniter->run()
#7 /Applications/XAMPP/xamppfiles/htdocs/ami/system/Commands/Server/rewrite.php(47): require_once('/Applications/X...')
#8 {main}
in SYSTEMPATH/Format/JSONFormatter.php on line 43.
 1 [internal function]: CodeIgniter\Debug\Exceptions->shutdownHandler()
INFO - 2024-05-02 09:13:33 --> Session: Class initialized using 'CodeIgniter\Session\Handlers\FileHandler' driver.
INFO - 2024-05-02 09:13:33 --> Session: Class initialized using 'CodeIgniter\Session\Handlers\FileHandler' driver.
INFO - 2024-05-02 09:13:36 --> Session: Class initialized using 'CodeIgniter\Session\Handlers\FileHandler' driver.
INFO - 2024-05-02 09:13:51 --> Session: Class initialized using 'CodeIgniter\Session\Handlers\FileHandler' driver.
INFO - 2024-05-02 09:13:52 --> Session: Class initialized using 'CodeIgniter\Session\Handlers\FileHandler' driver.
INFO - 2024-05-02 09:14:05 --> Session: Class initialized using 'CodeIgniter\Session\Handlers\FileHandler' driver.
INFO - 2024-05-02 09:14:05 --> Session: Class initialized using 'CodeIgniter\Session\Handlers\FileHandler' driver.
INFO - 2024-05-02 09:14:16 --> Session: Class initialized using 'CodeIgniter\Session\Handlers\FileHandler' driver.
INFO - 2024-05-02 09:14:16 --> Session: Class initialized using 'CodeIgniter\Session\Handlers\FileHandler' driver.
INFO - 2024-05-02 09:14:21 --> Session: Class initialized using 'CodeIgniter\Session\Handlers\FileHandler' driver.
INFO - 2024-05-02 09:14:21 --> Session: Class initialized using 'CodeIgniter\Session\Handlers\FileHandler' driver.
INFO - 2024-05-02 09:14:23 --> Session: Class initialized using 'CodeIgniter\Session\Handlers\FileHandler' driver.
INFO - 2024-05-02 09:31:37 --> Session: Class initialized using 'CodeIgniter\Session\Handlers\FileHandler' driver.
INFO - 2024-05-02 09:34:11 --> Session: Class initialized using 'CodeIgniter\Session\Handlers\FileHandler' driver.
INFO - 2024-05-02 09:51:52 --> Session: Class initialized using 'CodeIgniter\Session\Handlers\FileHandler' driver.
INFO - 2024-05-02 09:53:26 --> Session: Class initialized using 'CodeIgniter\Session\Handlers\FileHandler' driver.
INFO - 2024-05-02 09:53:51 --> Session: Class initialized using 'CodeIgniter\Session\Handlers\FileHandler' driver.
INFO - 2024-05-02 09:56:22 --> Session: Class initialized using 'CodeIgniter\Session\Handlers\FileHandler' driver.
INFO - 2024-05-02 09:56:22 --> Session: Class initialized using 'CodeIgniter\Session\Handlers\FileHandler' driver.
INFO - 2024-05-02 09:56:28 --> Session: Class initialized using 'CodeIgniter\Session\Handlers\FileHandler' driver.
INFO - 2024-05-02 09:56:28 --> Session: Class initialized using 'CodeIgniter\Session\Handlers\FileHandler' driver.
INFO - 2024-05-02 09:56:37 --> Session: Class initialized using 'CodeIgniter\Session\Handlers\FileHandler' driver.
INFO - 2024-05-02 09:56:37 --> Session: Class initialized using 'CodeIgniter\Session\Handlers\FileHandler' driver.
INFO - 2024-05-02 09:56:53 --> Session: Class initialized using 'CodeIgniter\Session\Handlers\FileHandler' driver.
INFO - 2024-05-02 09:56:56 --> Session: Class initialized using 'CodeIgniter\Session\Handlers\FileHandler' driver.
INFO - 2024-05-02 09:56:58 --> Session: Class initialized using 'CodeIgniter\Session\Handlers\FileHandler' driver.
INFO - 2024-05-02 09:57:00 --> Session: Class initialized using 'CodeIgniter\Session\Handlers\FileHandler' driver.
INFO - 2024-05-02 09:57:01 --> Session: Class initialized using 'CodeIgniter\Session\Handlers\FileHandler' driver.
INFO - 2024-05-02 09:57:03 --> Session: Class initialized using 'CodeIgniter\Session\Handlers\FileHandler' driver.
