INFO - 2024-07-10 00:05:12 --> Session: Class initialized using 'CodeIgniter\Session\Handlers\FileHandler' driver.
INFO - 2024-07-10 00:07:06 --> Session: Class initialized using 'CodeIgniter\Session\Handlers\FileHandler' driver.
INFO - 2024-07-10 00:10:42 --> Session: Class initialized using 'CodeIgniter\Session\Handlers\FileHandler' driver.
INFO - 2024-07-10 00:10:47 --> Session: Class initialized using 'CodeIgniter\Session\Handlers\FileHandler' driver.
INFO - 2024-07-10 00:10:48 --> Session: Class initialized using 'CodeIgniter\Session\Handlers\FileHandler' driver.
INFO - 2024-07-10 00:10:49 --> Session: Class initialized using 'CodeIgniter\Session\Handlers\FileHandler' driver.
INFO - 2024-07-10 00:11:44 --> Session: Class initialized using 'CodeIgniter\Session\Handlers\FileHandler' driver.
CRITICAL - 2024-07-10 00:11:44 --> Undefined array key "file_kurikulum"
in APPPATH\Views\konten\admin\peserta\index.php on line 44.
 1 APPPATH\Views\konten\admin\peserta\index.php(44): CodeIgniter\Debug\Exceptions->errorHandler(2, 'Undefined array key "file_kurikulum"', 'C:\\xampp\\htdocs\\siakad-sd - Copy\\app\\Views\\konten\\admin\\peserta\\index.php', 44)
 2 SYSTEMPATH\View\View.php(228): include('C:\\xampp\\htdocs\\siakad-sd - Copy\\app\\Views\\konten\\admin\\peserta\\index.php')
 3 SYSTEMPATH\View\View.php(231): CodeIgniter\View\View->CodeIgniter\View\{closure}()
 4 SYSTEMPATH\Common.php(1190): CodeIgniter\View\View->render('konten/admin/peserta/index', [], true)
 5 APPPATH\Controllers\AdminMaster.php(398): view('konten/admin/peserta/index', [...])
 6 SYSTEMPATH\CodeIgniter.php(942): App\Controllers\AdminMaster->peserta()
 7 SYSTEMPATH\CodeIgniter.php(502): CodeIgniter\CodeIgniter->runController(Object(App\Controllers\AdminMaster))
 8 SYSTEMPATH\CodeIgniter.php(361): CodeIgniter\CodeIgniter->handleRequest(null, Object(Config\Cache), false)
 9 FCPATH\index.php(79): CodeIgniter\CodeIgniter->run()
10 SYSTEMPATH\Commands\Server\rewrite.php(47): require_once('C:\\xampp\\htdocs\\siakad-sd - Copy\\public\\index.php')
INFO - 2024-07-10 00:12:14 --> Session: Class initialized using 'CodeIgniter\Session\Handlers\FileHandler' driver.
INFO - 2024-07-10 00:12:28 --> Session: Class initialized using 'CodeIgniter\Session\Handlers\FileHandler' driver.
INFO - 2024-07-10 00:13:02 --> Session: Class initialized using 'CodeIgniter\Session\Handlers\FileHandler' driver.
INFO - 2024-07-10 00:14:13 --> Session: Class initialized using 'CodeIgniter\Session\Handlers\FileHandler' driver.
INFO - 2024-07-10 00:19:27 --> Session: Class initialized using 'CodeIgniter\Session\Handlers\FileHandler' driver.
INFO - 2024-07-10 02:18:36 --> Session: Class initialized using 'CodeIgniter\Session\Handlers\FileHandler' driver.
INFO - 2024-07-10 02:18:42 --> Session: Class initialized using 'CodeIgniter\Session\Handlers\FileHandler' driver.
INFO - 2024-07-10 02:18:46 --> Session: Class initialized using 'CodeIgniter\Session\Handlers\FileHandler' driver.
INFO - 2024-07-10 02:19:33 --> Session: Class initialized using 'CodeIgniter\Session\Handlers\FileHandler' driver.
INFO - 2024-07-10 02:19:37 --> Session: Class initialized using 'CodeIgniter\Session\Handlers\FileHandler' driver.
INFO - 2024-07-10 02:19:52 --> Session: Class initialized using 'CodeIgniter\Session\Handlers\FileHandler' driver.
INFO - 2024-07-10 02:20:11 --> Session: Class initialized using 'CodeIgniter\Session\Handlers\FileHandler' driver.
INFO - 2024-07-10 02:20:24 --> Session: Class initialized using 'CodeIgniter\Session\Handlers\FileHandler' driver.
INFO - 2024-07-10 02:21:12 --> Session: Class initialized using 'CodeIgniter\Session\Handlers\FileHandler' driver.
INFO - 2024-07-10 02:21:22 --> Session: Class initialized using 'CodeIgniter\Session\Handlers\FileHandler' driver.
INFO - 2024-07-10 02:26:35 --> Session: Class initialized using 'CodeIgniter\Session\Handlers\FileHandler' driver.
INFO - 2024-07-10 02:27:40 --> Session: Class initialized using 'CodeIgniter\Session\Handlers\FileHandler' driver.
INFO - 2024-07-10 02:27:43 --> Session: Class initialized using 'CodeIgniter\Session\Handlers\FileHandler' driver.
INFO - 2024-07-10 02:27:58 --> Session: Class initialized using 'CodeIgniter\Session\Handlers\FileHandler' driver.
INFO - 2024-07-10 02:28:07 --> Session: Class initialized using 'CodeIgniter\Session\Handlers\FileHandler' driver.
INFO - 2024-07-10 02:28:10 --> Session: Class initialized using 'CodeIgniter\Session\Handlers\FileHandler' driver.
INFO - 2024-07-10 02:28:14 --> Session: Class initialized using 'CodeIgniter\Session\Handlers\FileHandler' driver.
INFO - 2024-07-10 02:28:26 --> Session: Class initialized using 'CodeIgniter\Session\Handlers\FileHandler' driver.
INFO - 2024-07-10 02:28:34 --> Session: Class initialized using 'CodeIgniter\Session\Handlers\FileHandler' driver.
INFO - 2024-07-10 02:29:24 --> Session: Class initialized using 'CodeIgniter\Session\Handlers\FileHandler' driver.
INFO - 2024-07-10 02:29:29 --> Session: Class initialized using 'CodeIgniter\Session\Handlers\FileHandler' driver.
INFO - 2024-07-10 02:29:31 --> Session: Class initialized using 'CodeIgniter\Session\Handlers\FileHandler' driver.
INFO - 2024-07-10 02:29:33 --> Session: Class initialized using 'CodeIgniter\Session\Handlers\FileHandler' driver.
INFO - 2024-07-10 02:54:25 --> Session: Class initialized using 'CodeIgniter\Session\Handlers\FileHandler' driver.
INFO - 2024-07-10 02:54:40 --> Session: Class initialized using 'CodeIgniter\Session\Handlers\FileHandler' driver.
INFO - 2024-07-10 02:54:44 --> Session: Class initialized using 'CodeIgniter\Session\Handlers\FileHandler' driver.
INFO - 2024-07-10 02:54:57 --> Session: Class initialized using 'CodeIgniter\Session\Handlers\FileHandler' driver.
INFO - 2024-07-10 02:55:13 --> Session: Class initialized using 'CodeIgniter\Session\Handlers\FileHandler' driver.
INFO - 2024-07-10 03:02:20 --> Session: Class initialized using 'CodeIgniter\Session\Handlers\FileHandler' driver.
CRITICAL - 2024-07-10 03:02:20 --> Undefined array key "nama_prodi"
in APPPATH\Views\konten\admin\peserta\index.php on line 40.
 1 APPPATH\Views\konten\admin\peserta\index.php(40): CodeIgniter\Debug\Exceptions->errorHandler(2, 'Undefined array key "nama_prodi"', 'C:\\xampp\\htdocs\\siakad-sd - Copy\\app\\Views\\konten\\admin\\peserta\\index.php', 40)
 2 SYSTEMPATH\View\View.php(228): include('C:\\xampp\\htdocs\\siakad-sd - Copy\\app\\Views\\konten\\admin\\peserta\\index.php')
 3 SYSTEMPATH\View\View.php(231): CodeIgniter\View\View->CodeIgniter\View\{closure}()
 4 SYSTEMPATH\Common.php(1190): CodeIgniter\View\View->render('konten/admin/peserta/index', [], true)
 5 APPPATH\Controllers\AdminMaster.php(398): view('konten/admin/peserta/index', [...])
 6 SYSTEMPATH\CodeIgniter.php(942): App\Controllers\AdminMaster->peserta()
 7 SYSTEMPATH\CodeIgniter.php(502): CodeIgniter\CodeIgniter->runController(Object(App\Controllers\AdminMaster))
 8 SYSTEMPATH\CodeIgniter.php(361): CodeIgniter\CodeIgniter->handleRequest(null, Object(Config\Cache), false)
 9 FCPATH\index.php(79): CodeIgniter\CodeIgniter->run()
10 SYSTEMPATH\Commands\Server\rewrite.php(47): require_once('C:\\xampp\\htdocs\\siakad-sd - Copy\\public\\index.php')
INFO - 2024-07-10 03:03:51 --> Session: Class initialized using 'CodeIgniter\Session\Handlers\FileHandler' driver.
CRITICAL - 2024-07-10 03:03:51 --> Undefined array key "nama_prodi"
in APPPATH\Views\konten\admin\peserta\index.php on line 40.
 1 APPPATH\Views\konten\admin\peserta\index.php(40): CodeIgniter\Debug\Exceptions->errorHandler(2, 'Undefined array key "nama_prodi"', 'C:\\xampp\\htdocs\\siakad-sd - Copy\\app\\Views\\konten\\admin\\peserta\\index.php', 40)
 2 SYSTEMPATH\View\View.php(228): include('C:\\xampp\\htdocs\\siakad-sd - Copy\\app\\Views\\konten\\admin\\peserta\\index.php')
 3 SYSTEMPATH\View\View.php(231): CodeIgniter\View\View->CodeIgniter\View\{closure}()
 4 SYSTEMPATH\Common.php(1190): CodeIgniter\View\View->render('konten/admin/peserta/index', [], true)
 5 APPPATH\Controllers\AdminMaster.php(398): view('konten/admin/peserta/index', [...])
 6 SYSTEMPATH\CodeIgniter.php(942): App\Controllers\AdminMaster->peserta()
 7 SYSTEMPATH\CodeIgniter.php(502): CodeIgniter\CodeIgniter->runController(Object(App\Controllers\AdminMaster))
 8 SYSTEMPATH\CodeIgniter.php(361): CodeIgniter\CodeIgniter->handleRequest(null, Object(Config\Cache), false)
 9 FCPATH\index.php(79): CodeIgniter\CodeIgniter->run()
10 SYSTEMPATH\Commands\Server\rewrite.php(47): require_once('C:\\xampp\\htdocs\\siakad-sd - Copy\\public\\index.php')
INFO - 2024-07-10 03:04:39 --> Session: Class initialized using 'CodeIgniter\Session\Handlers\FileHandler' driver.
INFO - 2024-07-10 03:04:42 --> Session: Class initialized using 'CodeIgniter\Session\Handlers\FileHandler' driver.
CRITICAL - 2024-07-10 03:04:42 --> Undefined array key "nama_prodi"
in APPPATH\Views\konten\admin\peserta\index.php on line 40.
 1 APPPATH\Views\konten\admin\peserta\index.php(40): CodeIgniter\Debug\Exceptions->errorHandler(2, 'Undefined array key "nama_prodi"', 'C:\\xampp\\htdocs\\siakad-sd - Copy\\app\\Views\\konten\\admin\\peserta\\index.php', 40)
 2 SYSTEMPATH\View\View.php(228): include('C:\\xampp\\htdocs\\siakad-sd - Copy\\app\\Views\\konten\\admin\\peserta\\index.php')
 3 SYSTEMPATH\View\View.php(231): CodeIgniter\View\View->CodeIgniter\View\{closure}()
 4 SYSTEMPATH\Common.php(1190): CodeIgniter\View\View->render('konten/admin/peserta/index', [], true)
 5 APPPATH\Controllers\AdminMaster.php(398): view('konten/admin/peserta/index', [...])
 6 SYSTEMPATH\CodeIgniter.php(942): App\Controllers\AdminMaster->peserta()
 7 SYSTEMPATH\CodeIgniter.php(502): CodeIgniter\CodeIgniter->runController(Object(App\Controllers\AdminMaster))
 8 SYSTEMPATH\CodeIgniter.php(361): CodeIgniter\CodeIgniter->handleRequest(null, Object(Config\Cache), false)
 9 FCPATH\index.php(79): CodeIgniter\CodeIgniter->run()
10 SYSTEMPATH\Commands\Server\rewrite.php(47): require_once('C:\\xampp\\htdocs\\siakad-sd - Copy\\public\\index.php')
INFO - 2024-07-10 03:06:50 --> Session: Class initialized using 'CodeIgniter\Session\Handlers\FileHandler' driver.
CRITICAL - 2024-07-10 03:06:50 --> Undefined array key "nama_prodi"
in APPPATH\Views\konten\admin\peserta\index.php on line 40.
 1 APPPATH\Views\konten\admin\peserta\index.php(40): CodeIgniter\Debug\Exceptions->errorHandler(2, 'Undefined array key "nama_prodi"', 'C:\\xampp\\htdocs\\siakad-sd - Copy\\app\\Views\\konten\\admin\\peserta\\index.php', 40)
 2 SYSTEMPATH\View\View.php(228): include('C:\\xampp\\htdocs\\siakad-sd - Copy\\app\\Views\\konten\\admin\\peserta\\index.php')
 3 SYSTEMPATH\View\View.php(231): CodeIgniter\View\View->CodeIgniter\View\{closure}()
 4 SYSTEMPATH\Common.php(1190): CodeIgniter\View\View->render('konten/admin/peserta/index', [], true)
 5 APPPATH\Controllers\AdminMaster.php(398): view('konten/admin/peserta/index', [...])
 6 SYSTEMPATH\CodeIgniter.php(942): App\Controllers\AdminMaster->peserta()
 7 SYSTEMPATH\CodeIgniter.php(502): CodeIgniter\CodeIgniter->runController(Object(App\Controllers\AdminMaster))
 8 SYSTEMPATH\CodeIgniter.php(361): CodeIgniter\CodeIgniter->handleRequest(null, Object(Config\Cache), false)
 9 FCPATH\index.php(79): CodeIgniter\CodeIgniter->run()
10 SYSTEMPATH\Commands\Server\rewrite.php(47): require_once('C:\\xampp\\htdocs\\siakad-sd - Copy\\public\\index.php')
INFO - 2024-07-10 03:07:30 --> Session: Class initialized using 'CodeIgniter\Session\Handlers\FileHandler' driver.
INFO - 2024-07-10 03:08:11 --> Session: Class initialized using 'CodeIgniter\Session\Handlers\FileHandler' driver.
INFO - 2024-07-10 03:08:32 --> Session: Class initialized using 'CodeIgniter\Session\Handlers\FileHandler' driver.
CRITICAL - 2024-07-10 03:08:32 --> Undefined array key "nama_prodi"
in APPPATH\Views\konten\admin\peserta\index.php on line 40.
 1 APPPATH\Views\konten\admin\peserta\index.php(40): CodeIgniter\Debug\Exceptions->errorHandler(2, 'Undefined array key "nama_prodi"', 'C:\\xampp\\htdocs\\siakad-sd - Copy\\app\\Views\\konten\\admin\\peserta\\index.php', 40)
 2 SYSTEMPATH\View\View.php(228): include('C:\\xampp\\htdocs\\siakad-sd - Copy\\app\\Views\\konten\\admin\\peserta\\index.php')
 3 SYSTEMPATH\View\View.php(231): CodeIgniter\View\View->CodeIgniter\View\{closure}()
 4 SYSTEMPATH\Common.php(1190): CodeIgniter\View\View->render('konten/admin/peserta/index', [], true)
 5 APPPATH\Controllers\AdminMaster.php(398): view('konten/admin/peserta/index', [...])
 6 SYSTEMPATH\CodeIgniter.php(942): App\Controllers\AdminMaster->peserta()
 7 SYSTEMPATH\CodeIgniter.php(502): CodeIgniter\CodeIgniter->runController(Object(App\Controllers\AdminMaster))
 8 SYSTEMPATH\CodeIgniter.php(361): CodeIgniter\CodeIgniter->handleRequest(null, Object(Config\Cache), false)
 9 FCPATH\index.php(79): CodeIgniter\CodeIgniter->run()
10 SYSTEMPATH\Commands\Server\rewrite.php(47): require_once('C:\\xampp\\htdocs\\siakad-sd - Copy\\public\\index.php')
INFO - 2024-07-10 03:11:54 --> Session: Class initialized using 'CodeIgniter\Session\Handlers\FileHandler' driver.
INFO - 2024-07-10 03:12:31 --> Session: Class initialized using 'CodeIgniter\Session\Handlers\FileHandler' driver.
INFO - 2024-07-10 03:12:40 --> Session: Class initialized using 'CodeIgniter\Session\Handlers\FileHandler' driver.
INFO - 2024-07-10 03:13:42 --> Session: Class initialized using 'CodeIgniter\Session\Handlers\FileHandler' driver.
CRITICAL - 2024-07-10 03:14:51 --> Maximum execution time of 60 seconds exceeded
in SYSTEMPATH\Database\MySQLi\Connection.php on line 307.
 1 [internal function]: CodeIgniter\Debug\Exceptions->shutdownHandler()
INFO - 2024-07-10 03:14:51 --> Session: Class initialized using 'CodeIgniter\Session\Handlers\FileHandler' driver.
ERROR - 2024-07-10 03:14:53 --> Error connecting to the database: mysqli_sql_exception: No connection could be made because the target machine actively refused it in C:\xampp\htdocs\siakad-sd - Copy\system\Database\MySQLi\Connection.php:184
Stack trace:
#0 C:\xampp\htdocs\siakad-sd - Copy\system\Database\MySQLi\Connection.php(184): mysqli->real_connect('127.0.0.1', 'root', Object(SensitiveParameterValue), 'AitecVi', 3306, '', 0)
#1 C:\xampp\htdocs\siakad-sd - Copy\system\Database\BaseConnection.php(392): CodeIgniter\Database\MySQLi\Connection->connect(false)
#2 C:\xampp\htdocs\siakad-sd - Copy\system\Database\BaseConnection.php(575): CodeIgniter\Database\BaseConnection->initialize()
#3 C:\xampp\htdocs\siakad-sd - Copy\system\Database\BaseBuilder.php(1615): CodeIgniter\Database\BaseConnection->query('SELECT `peserta...', Array, false)
#4 C:\xampp\htdocs\siakad-sd - Copy\app\Models\Admin\PesertaModel.php(54): CodeIgniter\Database\BaseBuilder->get()
#5 C:\xampp\htdocs\siakad-sd - Copy\app\Controllers\AdminMaster.php(395): App\Models\Admin\PesertaModel->pesertabyjoinsemua()
#6 C:\xampp\htdocs\siakad-sd - Copy\system\CodeIgniter.php(942): App\Controllers\AdminMaster->peserta()
#7 C:\xampp\htdocs\siakad-sd - Copy\system\CodeIgniter.php(502): CodeIgniter\CodeIgniter->runController(Object(App\Controllers\AdminMaster))
#8 C:\xampp\htdocs\siakad-sd - Copy\system\CodeIgniter.php(361): CodeIgniter\CodeIgniter->handleRequest(NULL, Object(Config\Cache), false)
#9 C:\xampp\htdocs\siakad-sd - Copy\public\index.php(79): CodeIgniter\CodeIgniter->run()
#10 C:\xampp\htdocs\siakad-sd - Copy\system\Commands\Server\rewrite.php(47): require_once('C:\\xampp\\htdocs...')
#11 {main}

Next CodeIgniter\Database\Exceptions\DatabaseException: No connection could be made because the target machine actively refused it in C:\xampp\htdocs\siakad-sd - Copy\system\Database\MySQLi\Connection.php:229
Stack trace:
#0 C:\xampp\htdocs\siakad-sd - Copy\system\Database\BaseConnection.php(392): CodeIgniter\Database\MySQLi\Connection->connect(false)
#1 C:\xampp\htdocs\siakad-sd - Copy\system\Database\BaseConnection.php(575): CodeIgniter\Database\BaseConnection->initialize()
#2 C:\xampp\htdocs\siakad-sd - Copy\system\Database\BaseBuilder.php(1615): CodeIgniter\Database\BaseConnection->query('SELECT `peserta...', Array, false)
#3 C:\xampp\htdocs\siakad-sd - Copy\app\Models\Admin\PesertaModel.php(54): CodeIgniter\Database\BaseBuilder->get()
#4 C:\xampp\htdocs\siakad-sd - Copy\app\Controllers\AdminMaster.php(395): App\Models\Admin\PesertaModel->pesertabyjoinsemua()
#5 C:\xampp\htdocs\siakad-sd - Copy\system\CodeIgniter.php(942): App\Controllers\AdminMaster->peserta()
#6 C:\xampp\htdocs\siakad-sd - Copy\system\CodeIgniter.php(502): CodeIgniter\CodeIgniter->runController(Object(App\Controllers\AdminMaster))
#7 C:\xampp\htdocs\siakad-sd - Copy\system\CodeIgniter.php(361): CodeIgniter\CodeIgniter->handleRequest(NULL, Object(Config\Cache), false)
#8 C:\xampp\htdocs\siakad-sd - Copy\public\index.php(79): CodeIgniter\CodeIgniter->run()
#9 C:\xampp\htdocs\siakad-sd - Copy\system\Commands\Server\rewrite.php(47): require_once('C:\\xampp\\htdocs...')
#10 {main}
CRITICAL - 2024-07-10 03:14:53 --> Unable to connect to the database.
Main connection [MySQLi]: No connection could be made because the target machine actively refused it
in SYSTEMPATH\Database\BaseConnection.php on line 428.
 1 SYSTEMPATH\Database\BaseConnection.php(575): CodeIgniter\Database\BaseConnection->initialize()
 2 SYSTEMPATH\Database\BaseBuilder.php(1615): CodeIgniter\Database\BaseConnection->query('SELECT `peserta`.*, `prodi`.`nama_prodi`, `pt`.`nama_pt`, `kelompok`.`nama_kelompok`
FROM `peserta`
LEFT JOIN `prodi` ON `peserta`.`prodi_id` = `prodi`.`id`
LEFT JOIN `pt` ON `peserta`.`pt_id` = `pt`.`id`
LEFT JOIN `kelompok` ON `peserta`.`kelompok_id` = `kelompok`.`id`', [], false)
 3 APPPATH\Models\Admin\PesertaModel.php(54): CodeIgniter\Database\BaseBuilder->get()
 4 APPPATH\Controllers\AdminMaster.php(395): App\Models\Admin\PesertaModel->pesertabyjoinsemua()
 5 SYSTEMPATH\CodeIgniter.php(942): App\Controllers\AdminMaster->peserta()
 6 SYSTEMPATH\CodeIgniter.php(502): CodeIgniter\CodeIgniter->runController(Object(App\Controllers\AdminMaster))
 7 SYSTEMPATH\CodeIgniter.php(361): CodeIgniter\CodeIgniter->handleRequest(null, Object(Config\Cache), false)
 8 FCPATH\index.php(79): CodeIgniter\CodeIgniter->run()
 9 SYSTEMPATH\Commands\Server\rewrite.php(47): require_once('C:\\xampp\\htdocs\\siakad-sd - Copy\\public\\index.php')
INFO - 2024-07-10 03:15:26 --> Session: Class initialized using 'CodeIgniter\Session\Handlers\FileHandler' driver.
INFO - 2024-07-10 03:16:01 --> Session: Class initialized using 'CodeIgniter\Session\Handlers\FileHandler' driver.
INFO - 2024-07-10 03:22:12 --> Session: Class initialized using 'CodeIgniter\Session\Handlers\FileHandler' driver.
INFO - 2024-07-10 03:22:56 --> Session: Class initialized using 'CodeIgniter\Session\Handlers\FileHandler' driver.
INFO - 2024-07-10 03:29:42 --> Session: Class initialized using 'CodeIgniter\Session\Handlers\FileHandler' driver.
INFO - 2024-07-10 03:31:49 --> Session: Class initialized using 'CodeIgniter\Session\Handlers\FileHandler' driver.
INFO - 2024-07-10 03:31:59 --> Session: Class initialized using 'CodeIgniter\Session\Handlers\FileHandler' driver.
INFO - 2024-07-10 03:32:35 --> Session: Class initialized using 'CodeIgniter\Session\Handlers\FileHandler' driver.
INFO - 2024-07-10 03:32:37 --> Session: Class initialized using 'CodeIgniter\Session\Handlers\FileHandler' driver.
INFO - 2024-07-10 03:32:41 --> Session: Class initialized using 'CodeIgniter\Session\Handlers\FileHandler' driver.
INFO - 2024-07-10 03:32:48 --> Session: Class initialized using 'CodeIgniter\Session\Handlers\FileHandler' driver.
INFO - 2024-07-10 03:32:48 --> Session: Class initialized using 'CodeIgniter\Session\Handlers\FileHandler' driver.
INFO - 2024-07-10 03:33:08 --> Session: Class initialized using 'CodeIgniter\Session\Handlers\FileHandler' driver.
INFO - 2024-07-10 03:33:15 --> Session: Class initialized using 'CodeIgniter\Session\Handlers\FileHandler' driver.
INFO - 2024-07-10 03:33:15 --> Session: Class initialized using 'CodeIgniter\Session\Handlers\FileHandler' driver.
INFO - 2024-07-10 03:33:23 --> Session: Class initialized using 'CodeIgniter\Session\Handlers\FileHandler' driver.
INFO - 2024-07-10 03:33:23 --> Session: Class initialized using 'CodeIgniter\Session\Handlers\FileHandler' driver.
INFO - 2024-07-10 03:33:42 --> Session: Class initialized using 'CodeIgniter\Session\Handlers\FileHandler' driver.
INFO - 2024-07-10 04:39:10 --> Session: Class initialized using 'CodeIgniter\Session\Handlers\FileHandler' driver.
INFO - 2024-07-10 04:41:59 --> Session: Class initialized using 'CodeIgniter\Session\Handlers\FileHandler' driver.
