INFO - 2024-07-24 04:48:00 --> Session: Class initialized using 'CodeIgniter\Session\Handlers\FileHandler' driver.
INFO - 2024-07-24 04:48:19 --> Session: Class initialized using 'CodeIgniter\Session\Handlers\FileHandler' driver.
ERROR - 2024-07-24 04:48:19 --> mysqli_sql_exception: Not unique table/alias: 'pendamping' in C:\xampp\htdocs\aitecvi_polinela\system\Database\MySQLi\Connection.php:306
Stack trace:
#0 C:\xampp\htdocs\aitecvi_polinela\system\Database\MySQLi\Connection.php(306): mysqli->query('SELECT `pendamp...', 0)
#1 C:\xampp\htdocs\aitecvi_polinela\system\Database\BaseConnection.php(693): CodeIgniter\Database\MySQLi\Connection->execute('SELECT `pendamp...')
#2 C:\xampp\htdocs\aitecvi_polinela\system\Database\BaseConnection.php(607): CodeIgniter\Database\BaseConnection->simpleQuery('SELECT `pendamp...')
#3 C:\xampp\htdocs\aitecvi_polinela\system\Database\BaseBuilder.php(1615): CodeIgniter\Database\BaseConnection->query('SELECT `pendamp...', Array, false)
#4 C:\xampp\htdocs\aitecvi_polinela\app\Controllers\Auth.php(113): CodeIgniter\Database\BaseBuilder->get()
#5 C:\xampp\htdocs\aitecvi_polinela\system\CodeIgniter.php(942): App\Controllers\Auth->checkAuth()
#6 C:\xampp\htdocs\aitecvi_polinela\system\CodeIgniter.php(502): CodeIgniter\CodeIgniter->runController(Object(App\Controllers\Auth))
#7 C:\xampp\htdocs\aitecvi_polinela\system\CodeIgniter.php(361): CodeIgniter\CodeIgniter->handleRequest(NULL, Object(Config\Cache), false)
#8 C:\xampp\htdocs\aitecvi_polinela\public\index.php(79): CodeIgniter\CodeIgniter->run()
#9 C:\xampp\htdocs\aitecvi_polinela\system\Commands\Server\rewrite.php(47): require_once('C:\\xampp\\htdocs...')
#10 {main}
CRITICAL - 2024-07-24 04:48:19 --> Not unique table/alias: 'pendamping'
in SYSTEMPATH\Database\BaseConnection.php on line 647.
 1 SYSTEMPATH\Database\BaseBuilder.php(1615): CodeIgniter\Database\BaseConnection->query('SELECT `pendamping`.*, `pendamping`.`nama_pendamping` as `username`, `users`.`id` as `user_id`
FROM `pendamping`
JOIN `pendamping` ON `pendamping`.`kode_pendamping` = `users`.`username`
WHERE `pendamping`.`nama_pendamping` = :pendamping.nama_pendamping:', [...], false)
 2 APPPATH\Controllers\Auth.php(113): CodeIgniter\Database\BaseBuilder->get()
 3 SYSTEMPATH\CodeIgniter.php(942): App\Controllers\Auth->checkAuth()
 4 SYSTEMPATH\CodeIgniter.php(502): CodeIgniter\CodeIgniter->runController(Object(App\Controllers\Auth))
 5 SYSTEMPATH\CodeIgniter.php(361): CodeIgniter\CodeIgniter->handleRequest(null, Object(Config\Cache), false)
 6 FCPATH\index.php(79): CodeIgniter\CodeIgniter->run()
 7 SYSTEMPATH\Commands\Server\rewrite.php(47): require_once('C:\\xampp\\htdocs\\aitecvi_polinela\\public\\index.php')
INFO - 2024-07-24 04:49:25 --> Session: Class initialized using 'CodeIgniter\Session\Handlers\FileHandler' driver.
INFO - 2024-07-24 04:49:41 --> Session: Class initialized using 'CodeIgniter\Session\Handlers\FileHandler' driver.
INFO - 2024-07-24 04:49:41 --> Session: Class initialized using 'CodeIgniter\Session\Handlers\FileHandler' driver.
INFO - 2024-07-24 04:49:44 --> Session: Class initialized using 'CodeIgniter\Session\Handlers\FileHandler' driver.
WARNING - 2024-07-24 04:49:44 --> [DEPRECATED] Creation of dynamic property App\Controllers\PendampingProfil::$user is deprecated in APPPATH\Controllers\PendampingProfil.php on line 15.
 1 SYSTEMPATH\CodeIgniter.php(914): App\Controllers\PendampingProfil->__construct()
 2 SYSTEMPATH\CodeIgniter.php(493): CodeIgniter\CodeIgniter->createController()
 3 SYSTEMPATH\CodeIgniter.php(361): CodeIgniter\CodeIgniter->handleRequest(null, Object(Config\Cache), false)
 4 FCPATH\index.php(79): CodeIgniter\CodeIgniter->run()
 5 SYSTEMPATH\Commands\Server\rewrite.php(47): require_once('C:\\xampp\\htdocs\\aitecvi_polinela\\public\\index.php')
WARNING - 2024-07-24 04:49:44 --> [DEPRECATED] Creation of dynamic property App\Controllers\PendampingProfil::$session is deprecated in APPPATH\Controllers\PendampingProfil.php on line 16.
 1 SYSTEMPATH\CodeIgniter.php(914): App\Controllers\PendampingProfil->__construct()
 2 SYSTEMPATH\CodeIgniter.php(493): CodeIgniter\CodeIgniter->createController()
 3 SYSTEMPATH\CodeIgniter.php(361): CodeIgniter\CodeIgniter->handleRequest(null, Object(Config\Cache), false)
 4 FCPATH\index.php(79): CodeIgniter\CodeIgniter->run()
 5 SYSTEMPATH\Commands\Server\rewrite.php(47): require_once('C:\\xampp\\htdocs\\aitecvi_polinela\\public\\index.php')
WARNING - 2024-07-24 04:49:44 --> [DEPRECATED] Creation of dynamic property App\Controllers\PendampingProfil::$validation is deprecated in APPPATH\Controllers\PendampingProfil.php on line 17.
 1 SYSTEMPATH\CodeIgniter.php(914): App\Controllers\PendampingProfil->__construct()
 2 SYSTEMPATH\CodeIgniter.php(493): CodeIgniter\CodeIgniter->createController()
 3 SYSTEMPATH\CodeIgniter.php(361): CodeIgniter\CodeIgniter->handleRequest(null, Object(Config\Cache), false)
 4 FCPATH\index.php(79): CodeIgniter\CodeIgniter->run()
 5 SYSTEMPATH\Commands\Server\rewrite.php(47): require_once('C:\\xampp\\htdocs\\aitecvi_polinela\\public\\index.php')
WARNING - 2024-07-24 04:49:44 --> [DEPRECATED] Creation of dynamic property App\Controllers\PendampingProfil::$db is deprecated in APPPATH\Controllers\PendampingProfil.php on line 18.
 1 SYSTEMPATH\CodeIgniter.php(914): App\Controllers\PendampingProfil->__construct()
 2 SYSTEMPATH\CodeIgniter.php(493): CodeIgniter\CodeIgniter->createController()
 3 SYSTEMPATH\CodeIgniter.php(361): CodeIgniter\CodeIgniter->handleRequest(null, Object(Config\Cache), false)
 4 FCPATH\index.php(79): CodeIgniter\CodeIgniter->run()
 5 SYSTEMPATH\Commands\Server\rewrite.php(47): require_once('C:\\xampp\\htdocs\\aitecvi_polinela\\public\\index.php')
CRITICAL - 2024-07-24 04:49:44 --> Cannot access offset of type string on string
in APPPATH\Views\konten\pendamping\user\index.php on line 35.
 1 SYSTEMPATH\View\View.php(228): include()
 2 SYSTEMPATH\View\View.php(231): CodeIgniter\View\View->CodeIgniter\View\{closure}()
 3 SYSTEMPATH\Common.php(1190): CodeIgniter\View\View->render('konten/pendamping/user/index', [], true)
 4 APPPATH\Controllers\PendampingProfil.php(27): view('konten/pendamping/user/index', [...])
 5 SYSTEMPATH\CodeIgniter.php(942): App\Controllers\PendampingProfil->index()
 6 SYSTEMPATH\CodeIgniter.php(502): CodeIgniter\CodeIgniter->runController(Object(App\Controllers\PendampingProfil))
 7 SYSTEMPATH\CodeIgniter.php(361): CodeIgniter\CodeIgniter->handleRequest(null, Object(Config\Cache), false)
 8 FCPATH\index.php(79): CodeIgniter\CodeIgniter->run()
 9 SYSTEMPATH\Commands\Server\rewrite.php(47): require_once('C:\\xampp\\htdocs\\aitecvi_polinela\\public\\index.php')
INFO - 2024-07-24 04:51:02 --> Session: Class initialized using 'CodeIgniter\Session\Handlers\FileHandler' driver.
WARNING - 2024-07-24 04:51:02 --> [DEPRECATED] Creation of dynamic property App\Controllers\PendampingProfil::$user is deprecated in APPPATH\Controllers\PendampingProfil.php on line 15.
 1 SYSTEMPATH\CodeIgniter.php(914): App\Controllers\PendampingProfil->__construct()
 2 SYSTEMPATH\CodeIgniter.php(493): CodeIgniter\CodeIgniter->createController()
 3 SYSTEMPATH\CodeIgniter.php(361): CodeIgniter\CodeIgniter->handleRequest(null, Object(Config\Cache), false)
 4 FCPATH\index.php(79): CodeIgniter\CodeIgniter->run()
 5 SYSTEMPATH\Commands\Server\rewrite.php(47): require_once('C:\\xampp\\htdocs\\aitecvi_polinela\\public\\index.php')
WARNING - 2024-07-24 04:51:02 --> [DEPRECATED] Creation of dynamic property App\Controllers\PendampingProfil::$session is deprecated in APPPATH\Controllers\PendampingProfil.php on line 16.
 1 SYSTEMPATH\CodeIgniter.php(914): App\Controllers\PendampingProfil->__construct()
 2 SYSTEMPATH\CodeIgniter.php(493): CodeIgniter\CodeIgniter->createController()
 3 SYSTEMPATH\CodeIgniter.php(361): CodeIgniter\CodeIgniter->handleRequest(null, Object(Config\Cache), false)
 4 FCPATH\index.php(79): CodeIgniter\CodeIgniter->run()
 5 SYSTEMPATH\Commands\Server\rewrite.php(47): require_once('C:\\xampp\\htdocs\\aitecvi_polinela\\public\\index.php')
WARNING - 2024-07-24 04:51:02 --> [DEPRECATED] Creation of dynamic property App\Controllers\PendampingProfil::$validation is deprecated in APPPATH\Controllers\PendampingProfil.php on line 17.
 1 SYSTEMPATH\CodeIgniter.php(914): App\Controllers\PendampingProfil->__construct()
 2 SYSTEMPATH\CodeIgniter.php(493): CodeIgniter\CodeIgniter->createController()
 3 SYSTEMPATH\CodeIgniter.php(361): CodeIgniter\CodeIgniter->handleRequest(null, Object(Config\Cache), false)
 4 FCPATH\index.php(79): CodeIgniter\CodeIgniter->run()
 5 SYSTEMPATH\Commands\Server\rewrite.php(47): require_once('C:\\xampp\\htdocs\\aitecvi_polinela\\public\\index.php')
WARNING - 2024-07-24 04:51:02 --> [DEPRECATED] Creation of dynamic property App\Controllers\PendampingProfil::$db is deprecated in APPPATH\Controllers\PendampingProfil.php on line 18.
 1 SYSTEMPATH\CodeIgniter.php(914): App\Controllers\PendampingProfil->__construct()
 2 SYSTEMPATH\CodeIgniter.php(493): CodeIgniter\CodeIgniter->createController()
 3 SYSTEMPATH\CodeIgniter.php(361): CodeIgniter\CodeIgniter->handleRequest(null, Object(Config\Cache), false)
 4 FCPATH\index.php(79): CodeIgniter\CodeIgniter->run()
 5 SYSTEMPATH\Commands\Server\rewrite.php(47): require_once('C:\\xampp\\htdocs\\aitecvi_polinela\\public\\index.php')
INFO - 2024-07-24 04:52:54 --> Session: Class initialized using 'CodeIgniter\Session\Handlers\FileHandler' driver.
WARNING - 2024-07-24 04:52:54 --> [DEPRECATED] Creation of dynamic property App\Controllers\PendampingProfil::$user is deprecated in APPPATH\Controllers\PendampingProfil.php on line 15.
 1 SYSTEMPATH\CodeIgniter.php(914): App\Controllers\PendampingProfil->__construct()
 2 SYSTEMPATH\CodeIgniter.php(493): CodeIgniter\CodeIgniter->createController()
 3 SYSTEMPATH\CodeIgniter.php(361): CodeIgniter\CodeIgniter->handleRequest(null, Object(Config\Cache), false)
 4 FCPATH\index.php(79): CodeIgniter\CodeIgniter->run()
 5 SYSTEMPATH\Commands\Server\rewrite.php(47): require_once('C:\\xampp\\htdocs\\aitecvi_polinela\\public\\index.php')
WARNING - 2024-07-24 04:52:54 --> [DEPRECATED] Creation of dynamic property App\Controllers\PendampingProfil::$session is deprecated in APPPATH\Controllers\PendampingProfil.php on line 16.
 1 SYSTEMPATH\CodeIgniter.php(914): App\Controllers\PendampingProfil->__construct()
 2 SYSTEMPATH\CodeIgniter.php(493): CodeIgniter\CodeIgniter->createController()
 3 SYSTEMPATH\CodeIgniter.php(361): CodeIgniter\CodeIgniter->handleRequest(null, Object(Config\Cache), false)
 4 FCPATH\index.php(79): CodeIgniter\CodeIgniter->run()
 5 SYSTEMPATH\Commands\Server\rewrite.php(47): require_once('C:\\xampp\\htdocs\\aitecvi_polinela\\public\\index.php')
WARNING - 2024-07-24 04:52:54 --> [DEPRECATED] Creation of dynamic property App\Controllers\PendampingProfil::$validation is deprecated in APPPATH\Controllers\PendampingProfil.php on line 17.
 1 SYSTEMPATH\CodeIgniter.php(914): App\Controllers\PendampingProfil->__construct()
 2 SYSTEMPATH\CodeIgniter.php(493): CodeIgniter\CodeIgniter->createController()
 3 SYSTEMPATH\CodeIgniter.php(361): CodeIgniter\CodeIgniter->handleRequest(null, Object(Config\Cache), false)
 4 FCPATH\index.php(79): CodeIgniter\CodeIgniter->run()
 5 SYSTEMPATH\Commands\Server\rewrite.php(47): require_once('C:\\xampp\\htdocs\\aitecvi_polinela\\public\\index.php')
WARNING - 2024-07-24 04:52:54 --> [DEPRECATED] Creation of dynamic property App\Controllers\PendampingProfil::$db is deprecated in APPPATH\Controllers\PendampingProfil.php on line 18.
 1 SYSTEMPATH\CodeIgniter.php(914): App\Controllers\PendampingProfil->__construct()
 2 SYSTEMPATH\CodeIgniter.php(493): CodeIgniter\CodeIgniter->createController()
 3 SYSTEMPATH\CodeIgniter.php(361): CodeIgniter\CodeIgniter->handleRequest(null, Object(Config\Cache), false)
 4 FCPATH\index.php(79): CodeIgniter\CodeIgniter->run()
 5 SYSTEMPATH\Commands\Server\rewrite.php(47): require_once('C:\\xampp\\htdocs\\aitecvi_polinela\\public\\index.php')
INFO - 2024-07-24 04:53:17 --> Session: Class initialized using 'CodeIgniter\Session\Handlers\FileHandler' driver.
WARNING - 2024-07-24 04:53:17 --> [DEPRECATED] Creation of dynamic property App\Controllers\PendampingProfil::$user is deprecated in APPPATH\Controllers\PendampingProfil.php on line 15.
 1 SYSTEMPATH\CodeIgniter.php(914): App\Controllers\PendampingProfil->__construct()
 2 SYSTEMPATH\CodeIgniter.php(493): CodeIgniter\CodeIgniter->createController()
 3 SYSTEMPATH\CodeIgniter.php(361): CodeIgniter\CodeIgniter->handleRequest(null, Object(Config\Cache), false)
 4 FCPATH\index.php(79): CodeIgniter\CodeIgniter->run()
 5 SYSTEMPATH\Commands\Server\rewrite.php(47): require_once('C:\\xampp\\htdocs\\aitecvi_polinela\\public\\index.php')
WARNING - 2024-07-24 04:53:17 --> [DEPRECATED] Creation of dynamic property App\Controllers\PendampingProfil::$session is deprecated in APPPATH\Controllers\PendampingProfil.php on line 16.
 1 SYSTEMPATH\CodeIgniter.php(914): App\Controllers\PendampingProfil->__construct()
 2 SYSTEMPATH\CodeIgniter.php(493): CodeIgniter\CodeIgniter->createController()
 3 SYSTEMPATH\CodeIgniter.php(361): CodeIgniter\CodeIgniter->handleRequest(null, Object(Config\Cache), false)
 4 FCPATH\index.php(79): CodeIgniter\CodeIgniter->run()
 5 SYSTEMPATH\Commands\Server\rewrite.php(47): require_once('C:\\xampp\\htdocs\\aitecvi_polinela\\public\\index.php')
WARNING - 2024-07-24 04:53:17 --> [DEPRECATED] Creation of dynamic property App\Controllers\PendampingProfil::$validation is deprecated in APPPATH\Controllers\PendampingProfil.php on line 17.
 1 SYSTEMPATH\CodeIgniter.php(914): App\Controllers\PendampingProfil->__construct()
 2 SYSTEMPATH\CodeIgniter.php(493): CodeIgniter\CodeIgniter->createController()
 3 SYSTEMPATH\CodeIgniter.php(361): CodeIgniter\CodeIgniter->handleRequest(null, Object(Config\Cache), false)
 4 FCPATH\index.php(79): CodeIgniter\CodeIgniter->run()
 5 SYSTEMPATH\Commands\Server\rewrite.php(47): require_once('C:\\xampp\\htdocs\\aitecvi_polinela\\public\\index.php')
WARNING - 2024-07-24 04:53:17 --> [DEPRECATED] Creation of dynamic property App\Controllers\PendampingProfil::$db is deprecated in APPPATH\Controllers\PendampingProfil.php on line 18.
 1 SYSTEMPATH\CodeIgniter.php(914): App\Controllers\PendampingProfil->__construct()
 2 SYSTEMPATH\CodeIgniter.php(493): CodeIgniter\CodeIgniter->createController()
 3 SYSTEMPATH\CodeIgniter.php(361): CodeIgniter\CodeIgniter->handleRequest(null, Object(Config\Cache), false)
 4 FCPATH\index.php(79): CodeIgniter\CodeIgniter->run()
 5 SYSTEMPATH\Commands\Server\rewrite.php(47): require_once('C:\\xampp\\htdocs\\aitecvi_polinela\\public\\index.php')
CRITICAL - 2024-07-24 04:53:17 --> Cannot use object of type stdClass as array
in APPPATH\Views\konten\pendamping\user\index.php on line 34.
 1 SYSTEMPATH\View\View.php(228): include()
 2 SYSTEMPATH\View\View.php(231): CodeIgniter\View\View->CodeIgniter\View\{closure}()
 3 SYSTEMPATH\Common.php(1190): CodeIgniter\View\View->render('konten/pendamping/user/index', [], true)
 4 APPPATH\Controllers\PendampingProfil.php(27): view('konten/pendamping/user/index', [...])
 5 SYSTEMPATH\CodeIgniter.php(942): App\Controllers\PendampingProfil->index()
 6 SYSTEMPATH\CodeIgniter.php(502): CodeIgniter\CodeIgniter->runController(Object(App\Controllers\PendampingProfil))
 7 SYSTEMPATH\CodeIgniter.php(361): CodeIgniter\CodeIgniter->handleRequest(null, Object(Config\Cache), false)
 8 FCPATH\index.php(79): CodeIgniter\CodeIgniter->run()
 9 SYSTEMPATH\Commands\Server\rewrite.php(47): require_once('C:\\xampp\\htdocs\\aitecvi_polinela\\public\\index.php')
INFO - 2024-07-24 04:55:45 --> Session: Class initialized using 'CodeIgniter\Session\Handlers\FileHandler' driver.
WARNING - 2024-07-24 04:55:45 --> [DEPRECATED] Creation of dynamic property App\Controllers\PendampingProfil::$user is deprecated in APPPATH\Controllers\PendampingProfil.php on line 15.
 1 SYSTEMPATH\CodeIgniter.php(914): App\Controllers\PendampingProfil->__construct()
 2 SYSTEMPATH\CodeIgniter.php(493): CodeIgniter\CodeIgniter->createController()
 3 SYSTEMPATH\CodeIgniter.php(361): CodeIgniter\CodeIgniter->handleRequest(null, Object(Config\Cache), false)
 4 FCPATH\index.php(79): CodeIgniter\CodeIgniter->run()
 5 SYSTEMPATH\Commands\Server\rewrite.php(47): require_once('C:\\xampp\\htdocs\\aitecvi_polinela\\public\\index.php')
WARNING - 2024-07-24 04:55:45 --> [DEPRECATED] Creation of dynamic property App\Controllers\PendampingProfil::$session is deprecated in APPPATH\Controllers\PendampingProfil.php on line 16.
 1 SYSTEMPATH\CodeIgniter.php(914): App\Controllers\PendampingProfil->__construct()
 2 SYSTEMPATH\CodeIgniter.php(493): CodeIgniter\CodeIgniter->createController()
 3 SYSTEMPATH\CodeIgniter.php(361): CodeIgniter\CodeIgniter->handleRequest(null, Object(Config\Cache), false)
 4 FCPATH\index.php(79): CodeIgniter\CodeIgniter->run()
 5 SYSTEMPATH\Commands\Server\rewrite.php(47): require_once('C:\\xampp\\htdocs\\aitecvi_polinela\\public\\index.php')
WARNING - 2024-07-24 04:55:45 --> [DEPRECATED] Creation of dynamic property App\Controllers\PendampingProfil::$validation is deprecated in APPPATH\Controllers\PendampingProfil.php on line 17.
 1 SYSTEMPATH\CodeIgniter.php(914): App\Controllers\PendampingProfil->__construct()
 2 SYSTEMPATH\CodeIgniter.php(493): CodeIgniter\CodeIgniter->createController()
 3 SYSTEMPATH\CodeIgniter.php(361): CodeIgniter\CodeIgniter->handleRequest(null, Object(Config\Cache), false)
 4 FCPATH\index.php(79): CodeIgniter\CodeIgniter->run()
 5 SYSTEMPATH\Commands\Server\rewrite.php(47): require_once('C:\\xampp\\htdocs\\aitecvi_polinela\\public\\index.php')
WARNING - 2024-07-24 04:55:45 --> [DEPRECATED] Creation of dynamic property App\Controllers\PendampingProfil::$db is deprecated in APPPATH\Controllers\PendampingProfil.php on line 18.
 1 SYSTEMPATH\CodeIgniter.php(914): App\Controllers\PendampingProfil->__construct()
 2 SYSTEMPATH\CodeIgniter.php(493): CodeIgniter\CodeIgniter->createController()
 3 SYSTEMPATH\CodeIgniter.php(361): CodeIgniter\CodeIgniter->handleRequest(null, Object(Config\Cache), false)
 4 FCPATH\index.php(79): CodeIgniter\CodeIgniter->run()
 5 SYSTEMPATH\Commands\Server\rewrite.php(47): require_once('C:\\xampp\\htdocs\\aitecvi_polinela\\public\\index.php')
CRITICAL - 2024-07-24 04:55:45 --> Cannot use object of type stdClass as array
in APPPATH\Views\konten\pendamping\user\index.php on line 34.
 1 SYSTEMPATH\View\View.php(228): include()
 2 SYSTEMPATH\View\View.php(231): CodeIgniter\View\View->CodeIgniter\View\{closure}()
 3 SYSTEMPATH\Common.php(1190): CodeIgniter\View\View->render('konten/pendamping/user/index', [], true)
 4 APPPATH\Controllers\PendampingProfil.php(27): view('konten/pendamping/user/index', [...])
 5 SYSTEMPATH\CodeIgniter.php(942): App\Controllers\PendampingProfil->index()
 6 SYSTEMPATH\CodeIgniter.php(502): CodeIgniter\CodeIgniter->runController(Object(App\Controllers\PendampingProfil))
 7 SYSTEMPATH\CodeIgniter.php(361): CodeIgniter\CodeIgniter->handleRequest(null, Object(Config\Cache), false)
 8 FCPATH\index.php(79): CodeIgniter\CodeIgniter->run()
 9 SYSTEMPATH\Commands\Server\rewrite.php(47): require_once('C:\\xampp\\htdocs\\aitecvi_polinela\\public\\index.php')
INFO - 2024-07-24 04:56:02 --> Session: Class initialized using 'CodeIgniter\Session\Handlers\FileHandler' driver.
WARNING - 2024-07-24 04:56:02 --> [DEPRECATED] Creation of dynamic property App\Controllers\PendampingProfil::$user is deprecated in APPPATH\Controllers\PendampingProfil.php on line 15.
 1 SYSTEMPATH\CodeIgniter.php(914): App\Controllers\PendampingProfil->__construct()
 2 SYSTEMPATH\CodeIgniter.php(493): CodeIgniter\CodeIgniter->createController()
 3 SYSTEMPATH\CodeIgniter.php(361): CodeIgniter\CodeIgniter->handleRequest(null, Object(Config\Cache), false)
 4 FCPATH\index.php(79): CodeIgniter\CodeIgniter->run()
 5 SYSTEMPATH\Commands\Server\rewrite.php(47): require_once('C:\\xampp\\htdocs\\aitecvi_polinela\\public\\index.php')
WARNING - 2024-07-24 04:56:02 --> [DEPRECATED] Creation of dynamic property App\Controllers\PendampingProfil::$session is deprecated in APPPATH\Controllers\PendampingProfil.php on line 16.
 1 SYSTEMPATH\CodeIgniter.php(914): App\Controllers\PendampingProfil->__construct()
 2 SYSTEMPATH\CodeIgniter.php(493): CodeIgniter\CodeIgniter->createController()
 3 SYSTEMPATH\CodeIgniter.php(361): CodeIgniter\CodeIgniter->handleRequest(null, Object(Config\Cache), false)
 4 FCPATH\index.php(79): CodeIgniter\CodeIgniter->run()
 5 SYSTEMPATH\Commands\Server\rewrite.php(47): require_once('C:\\xampp\\htdocs\\aitecvi_polinela\\public\\index.php')
WARNING - 2024-07-24 04:56:02 --> [DEPRECATED] Creation of dynamic property App\Controllers\PendampingProfil::$validation is deprecated in APPPATH\Controllers\PendampingProfil.php on line 17.
 1 SYSTEMPATH\CodeIgniter.php(914): App\Controllers\PendampingProfil->__construct()
 2 SYSTEMPATH\CodeIgniter.php(493): CodeIgniter\CodeIgniter->createController()
 3 SYSTEMPATH\CodeIgniter.php(361): CodeIgniter\CodeIgniter->handleRequest(null, Object(Config\Cache), false)
 4 FCPATH\index.php(79): CodeIgniter\CodeIgniter->run()
 5 SYSTEMPATH\Commands\Server\rewrite.php(47): require_once('C:\\xampp\\htdocs\\aitecvi_polinela\\public\\index.php')
WARNING - 2024-07-24 04:56:02 --> [DEPRECATED] Creation of dynamic property App\Controllers\PendampingProfil::$db is deprecated in APPPATH\Controllers\PendampingProfil.php on line 18.
 1 SYSTEMPATH\CodeIgniter.php(914): App\Controllers\PendampingProfil->__construct()
 2 SYSTEMPATH\CodeIgniter.php(493): CodeIgniter\CodeIgniter->createController()
 3 SYSTEMPATH\CodeIgniter.php(361): CodeIgniter\CodeIgniter->handleRequest(null, Object(Config\Cache), false)
 4 FCPATH\index.php(79): CodeIgniter\CodeIgniter->run()
 5 SYSTEMPATH\Commands\Server\rewrite.php(47): require_once('C:\\xampp\\htdocs\\aitecvi_polinela\\public\\index.php')
INFO - 2024-07-24 04:58:34 --> Session: Class initialized using 'CodeIgniter\Session\Handlers\FileHandler' driver.
WARNING - 2024-07-24 04:58:34 --> [DEPRECATED] Creation of dynamic property App\Controllers\PendampingProfil::$user is deprecated in APPPATH\Controllers\PendampingProfil.php on line 15.
 1 SYSTEMPATH\CodeIgniter.php(914): App\Controllers\PendampingProfil->__construct()
 2 SYSTEMPATH\CodeIgniter.php(493): CodeIgniter\CodeIgniter->createController()
 3 SYSTEMPATH\CodeIgniter.php(361): CodeIgniter\CodeIgniter->handleRequest(null, Object(Config\Cache), false)
 4 FCPATH\index.php(79): CodeIgniter\CodeIgniter->run()
 5 SYSTEMPATH\Commands\Server\rewrite.php(47): require_once('C:\\xampp\\htdocs\\aitecvi_polinela\\public\\index.php')
WARNING - 2024-07-24 04:58:34 --> [DEPRECATED] Creation of dynamic property App\Controllers\PendampingProfil::$session is deprecated in APPPATH\Controllers\PendampingProfil.php on line 16.
 1 SYSTEMPATH\CodeIgniter.php(914): App\Controllers\PendampingProfil->__construct()
 2 SYSTEMPATH\CodeIgniter.php(493): CodeIgniter\CodeIgniter->createController()
 3 SYSTEMPATH\CodeIgniter.php(361): CodeIgniter\CodeIgniter->handleRequest(null, Object(Config\Cache), false)
 4 FCPATH\index.php(79): CodeIgniter\CodeIgniter->run()
 5 SYSTEMPATH\Commands\Server\rewrite.php(47): require_once('C:\\xampp\\htdocs\\aitecvi_polinela\\public\\index.php')
WARNING - 2024-07-24 04:58:34 --> [DEPRECATED] Creation of dynamic property App\Controllers\PendampingProfil::$validation is deprecated in APPPATH\Controllers\PendampingProfil.php on line 17.
 1 SYSTEMPATH\CodeIgniter.php(914): App\Controllers\PendampingProfil->__construct()
 2 SYSTEMPATH\CodeIgniter.php(493): CodeIgniter\CodeIgniter->createController()
 3 SYSTEMPATH\CodeIgniter.php(361): CodeIgniter\CodeIgniter->handleRequest(null, Object(Config\Cache), false)
 4 FCPATH\index.php(79): CodeIgniter\CodeIgniter->run()
 5 SYSTEMPATH\Commands\Server\rewrite.php(47): require_once('C:\\xampp\\htdocs\\aitecvi_polinela\\public\\index.php')
WARNING - 2024-07-24 04:58:34 --> [DEPRECATED] Creation of dynamic property App\Controllers\PendampingProfil::$db is deprecated in APPPATH\Controllers\PendampingProfil.php on line 18.
 1 SYSTEMPATH\CodeIgniter.php(914): App\Controllers\PendampingProfil->__construct()
 2 SYSTEMPATH\CodeIgniter.php(493): CodeIgniter\CodeIgniter->createController()
 3 SYSTEMPATH\CodeIgniter.php(361): CodeIgniter\CodeIgniter->handleRequest(null, Object(Config\Cache), false)
 4 FCPATH\index.php(79): CodeIgniter\CodeIgniter->run()
 5 SYSTEMPATH\Commands\Server\rewrite.php(47): require_once('C:\\xampp\\htdocs\\aitecvi_polinela\\public\\index.php')
CRITICAL - 2024-07-24 04:58:34 --> Attempt to read property "kode_pendamping" on null
in APPPATH\Controllers\PendampingProfil.php on line 24.
 1 APPPATH\Controllers\PendampingProfil.php(24): CodeIgniter\Debug\Exceptions->errorHandler(2, 'Attempt to read property "kode_pendamping" on null', 'C:\\xampp\\htdocs\\aitecvi_polinela\\app\\Controllers\\PendampingProfil.php', 24)
 2 SYSTEMPATH\CodeIgniter.php(942): App\Controllers\PendampingProfil->index()
 3 SYSTEMPATH\CodeIgniter.php(502): CodeIgniter\CodeIgniter->runController(Object(App\Controllers\PendampingProfil))
 4 SYSTEMPATH\CodeIgniter.php(361): CodeIgniter\CodeIgniter->handleRequest(null, Object(Config\Cache), false)
 5 FCPATH\index.php(79): CodeIgniter\CodeIgniter->run()
 6 SYSTEMPATH\Commands\Server\rewrite.php(47): require_once('C:\\xampp\\htdocs\\aitecvi_polinela\\public\\index.php')
INFO - 2024-07-24 05:01:10 --> Session: Class initialized using 'CodeIgniter\Session\Handlers\FileHandler' driver.
WARNING - 2024-07-24 05:01:10 --> [DEPRECATED] Creation of dynamic property App\Controllers\PendampingProfil::$user is deprecated in APPPATH\Controllers\PendampingProfil.php on line 15.
 1 SYSTEMPATH\CodeIgniter.php(914): App\Controllers\PendampingProfil->__construct()
 2 SYSTEMPATH\CodeIgniter.php(493): CodeIgniter\CodeIgniter->createController()
 3 SYSTEMPATH\CodeIgniter.php(361): CodeIgniter\CodeIgniter->handleRequest(null, Object(Config\Cache), false)
 4 FCPATH\index.php(79): CodeIgniter\CodeIgniter->run()
 5 SYSTEMPATH\Commands\Server\rewrite.php(47): require_once('C:\\xampp\\htdocs\\aitecvi_polinela\\public\\index.php')
WARNING - 2024-07-24 05:01:10 --> [DEPRECATED] Creation of dynamic property App\Controllers\PendampingProfil::$session is deprecated in APPPATH\Controllers\PendampingProfil.php on line 16.
 1 SYSTEMPATH\CodeIgniter.php(914): App\Controllers\PendampingProfil->__construct()
 2 SYSTEMPATH\CodeIgniter.php(493): CodeIgniter\CodeIgniter->createController()
 3 SYSTEMPATH\CodeIgniter.php(361): CodeIgniter\CodeIgniter->handleRequest(null, Object(Config\Cache), false)
 4 FCPATH\index.php(79): CodeIgniter\CodeIgniter->run()
 5 SYSTEMPATH\Commands\Server\rewrite.php(47): require_once('C:\\xampp\\htdocs\\aitecvi_polinela\\public\\index.php')
WARNING - 2024-07-24 05:01:10 --> [DEPRECATED] Creation of dynamic property App\Controllers\PendampingProfil::$validation is deprecated in APPPATH\Controllers\PendampingProfil.php on line 17.
 1 SYSTEMPATH\CodeIgniter.php(914): App\Controllers\PendampingProfil->__construct()
 2 SYSTEMPATH\CodeIgniter.php(493): CodeIgniter\CodeIgniter->createController()
 3 SYSTEMPATH\CodeIgniter.php(361): CodeIgniter\CodeIgniter->handleRequest(null, Object(Config\Cache), false)
 4 FCPATH\index.php(79): CodeIgniter\CodeIgniter->run()
 5 SYSTEMPATH\Commands\Server\rewrite.php(47): require_once('C:\\xampp\\htdocs\\aitecvi_polinela\\public\\index.php')
WARNING - 2024-07-24 05:01:10 --> [DEPRECATED] Creation of dynamic property App\Controllers\PendampingProfil::$db is deprecated in APPPATH\Controllers\PendampingProfil.php on line 18.
 1 SYSTEMPATH\CodeIgniter.php(914): App\Controllers\PendampingProfil->__construct()
 2 SYSTEMPATH\CodeIgniter.php(493): CodeIgniter\CodeIgniter->createController()
 3 SYSTEMPATH\CodeIgniter.php(361): CodeIgniter\CodeIgniter->handleRequest(null, Object(Config\Cache), false)
 4 FCPATH\index.php(79): CodeIgniter\CodeIgniter->run()
 5 SYSTEMPATH\Commands\Server\rewrite.php(47): require_once('C:\\xampp\\htdocs\\aitecvi_polinela\\public\\index.php')
