INFO - 2024-02-29 00:55:10 --> Session: Class initialized using 'CodeIgniter\Session\Handlers\FileHandler' driver.
INFO - 2024-02-29 00:55:16 --> Session: Class initialized using 'CodeIgniter\Session\Handlers\FileHandler' driver.
INFO - 2024-02-29 00:55:17 --> Session: Class initialized using 'CodeIgniter\Session\Handlers\FileHandler' driver.
INFO - 2024-02-29 00:55:17 --> Session: Class initialized using 'CodeIgniter\Session\Handlers\FileHandler' driver.
INFO - 2024-02-29 00:55:20 --> Session: Class initialized using 'CodeIgniter\Session\Handlers\FileHandler' driver.
INFO - 2024-02-29 00:55:21 --> Session: Class initialized using 'CodeIgniter\Session\Handlers\FileHandler' driver.
INFO - 2024-02-29 00:55:21 --> Session: Class initialized using 'CodeIgniter\Session\Handlers\FileHandler' driver.
INFO - 2024-02-29 01:10:55 --> Session: Class initialized using 'CodeIgniter\Session\Handlers\FileHandler' driver.
INFO - 2024-02-29 01:10:55 --> Session: Class initialized using 'CodeIgniter\Session\Handlers\FileHandler' driver.
INFO - 2024-02-29 01:39:28 --> Session: Class initialized using 'CodeIgniter\Session\Handlers\FileHandler' driver.
INFO - 2024-02-29 01:39:31 --> Session: Class initialized using 'CodeIgniter\Session\Handlers\FileHandler' driver.
INFO - 2024-02-29 01:39:34 --> Session: Class initialized using 'CodeIgniter\Session\Handlers\FileHandler' driver.
INFO - 2024-02-29 01:39:34 --> Session: Class initialized using 'CodeIgniter\Session\Handlers\FileHandler' driver.
INFO - 2024-02-29 01:39:37 --> Session: Class initialized using 'CodeIgniter\Session\Handlers\FileHandler' driver.
INFO - 2024-02-29 01:39:38 --> Session: Class initialized using 'CodeIgniter\Session\Handlers\FileHandler' driver.
INFO - 2024-02-29 01:39:53 --> Session: Class initialized using 'CodeIgniter\Session\Handlers\FileHandler' driver.
INFO - 2024-02-29 01:39:53 --> Session: Class initialized using 'CodeIgniter\Session\Handlers\FileHandler' driver.
INFO - 2024-02-29 01:39:53 --> Session: Class initialized using 'CodeIgniter\Session\Handlers\FileHandler' driver.
INFO - 2024-02-29 01:39:56 --> Session: Class initialized using 'CodeIgniter\Session\Handlers\FileHandler' driver.
INFO - 2024-02-29 01:39:56 --> Session: Class initialized using 'CodeIgniter\Session\Handlers\FileHandler' driver.
INFO - 2024-02-29 01:39:56 --> Session: Class initialized using 'CodeIgniter\Session\Handlers\FileHandler' driver.
INFO - 2024-02-29 01:40:59 --> Session: Class initialized using 'CodeIgniter\Session\Handlers\FileHandler' driver.
INFO - 2024-02-29 01:41:03 --> Session: Class initialized using 'CodeIgniter\Session\Handlers\FileHandler' driver.
INFO - 2024-02-29 01:44:58 --> Session: Class initialized using 'CodeIgniter\Session\Handlers\FileHandler' driver.
INFO - 2024-02-29 01:45:06 --> Session: Class initialized using 'CodeIgniter\Session\Handlers\FileHandler' driver.
INFO - 2024-02-29 01:45:09 --> Session: Class initialized using 'CodeIgniter\Session\Handlers\FileHandler' driver.
INFO - 2024-02-29 01:45:13 --> Session: Class initialized using 'CodeIgniter\Session\Handlers\FileHandler' driver.
INFO - 2024-02-29 01:45:32 --> Session: Class initialized using 'CodeIgniter\Session\Handlers\FileHandler' driver.
INFO - 2024-02-29 01:45:32 --> Session: Class initialized using 'CodeIgniter\Session\Handlers\FileHandler' driver.
INFO - 2024-02-29 01:45:32 --> Session: Class initialized using 'CodeIgniter\Session\Handlers\FileHandler' driver.
INFO - 2024-02-29 02:34:17 --> Session: Class initialized using 'CodeIgniter\Session\Handlers\FileHandler' driver.
INFO - 2024-02-29 02:34:18 --> Session: Class initialized using 'CodeIgniter\Session\Handlers\FileHandler' driver.
INFO - 2024-02-29 02:34:42 --> Session: Class initialized using 'CodeIgniter\Session\Handlers\FileHandler' driver.
INFO - 2024-02-29 02:34:43 --> Session: Class initialized using 'CodeIgniter\Session\Handlers\FileHandler' driver.
INFO - 2024-02-29 02:34:56 --> Session: Class initialized using 'CodeIgniter\Session\Handlers\FileHandler' driver.
INFO - 2024-02-29 02:34:56 --> Session: Class initialized using 'CodeIgniter\Session\Handlers\FileHandler' driver.
INFO - 2024-02-29 02:35:09 --> Session: Class initialized using 'CodeIgniter\Session\Handlers\FileHandler' driver.
INFO - 2024-02-29 02:35:09 --> Session: Class initialized using 'CodeIgniter\Session\Handlers\FileHandler' driver.
INFO - 2024-02-29 02:35:13 --> Session: Class initialized using 'CodeIgniter\Session\Handlers\FileHandler' driver.
INFO - 2024-02-29 02:35:13 --> Session: Class initialized using 'CodeIgniter\Session\Handlers\FileHandler' driver.
INFO - 2024-02-29 02:35:13 --> Session: Class initialized using 'CodeIgniter\Session\Handlers\FileHandler' driver.
INFO - 2024-02-29 02:37:59 --> Session: Class initialized using 'CodeIgniter\Session\Handlers\FileHandler' driver.
INFO - 2024-02-29 02:38:06 --> Session: Class initialized using 'CodeIgniter\Session\Handlers\FileHandler' driver.
INFO - 2024-02-29 02:38:06 --> Session: Class initialized using 'CodeIgniter\Session\Handlers\FileHandler' driver.
INFO - 2024-02-29 02:38:06 --> Session: Class initialized using 'CodeIgniter\Session\Handlers\FileHandler' driver.
INFO - 2024-02-29 02:38:10 --> Session: Class initialized using 'CodeIgniter\Session\Handlers\FileHandler' driver.
INFO - 2024-02-29 02:38:11 --> Session: Class initialized using 'CodeIgniter\Session\Handlers\FileHandler' driver.
INFO - 2024-02-29 02:38:13 --> Session: Class initialized using 'CodeIgniter\Session\Handlers\FileHandler' driver.
INFO - 2024-02-29 02:38:13 --> Session: Class initialized using 'CodeIgniter\Session\Handlers\FileHandler' driver.
INFO - 2024-02-29 02:38:14 --> Session: Class initialized using 'CodeIgniter\Session\Handlers\FileHandler' driver.
INFO - 2024-02-29 02:38:15 --> Session: Class initialized using 'CodeIgniter\Session\Handlers\FileHandler' driver.
INFO - 2024-02-29 02:38:16 --> Session: Class initialized using 'CodeIgniter\Session\Handlers\FileHandler' driver.
INFO - 2024-02-29 02:38:26 --> Session: Class initialized using 'CodeIgniter\Session\Handlers\FileHandler' driver.
INFO - 2024-02-29 02:38:39 --> Session: Class initialized using 'CodeIgniter\Session\Handlers\FileHandler' driver.
INFO - 2024-02-29 02:38:46 --> Session: Class initialized using 'CodeIgniter\Session\Handlers\FileHandler' driver.
INFO - 2024-02-29 02:38:46 --> Session: Class initialized using 'CodeIgniter\Session\Handlers\FileHandler' driver.
INFO - 2024-02-29 02:38:49 --> Session: Class initialized using 'CodeIgniter\Session\Handlers\FileHandler' driver.
INFO - 2024-02-29 02:38:55 --> Session: Class initialized using 'CodeIgniter\Session\Handlers\FileHandler' driver.
INFO - 2024-02-29 02:38:55 --> Session: Class initialized using 'CodeIgniter\Session\Handlers\FileHandler' driver.
INFO - 2024-02-29 02:38:55 --> Session: Class initialized using 'CodeIgniter\Session\Handlers\FileHandler' driver.
INFO - 2024-02-29 02:39:00 --> Session: Class initialized using 'CodeIgniter\Session\Handlers\FileHandler' driver.
INFO - 2024-02-29 02:39:12 --> Session: Class initialized using 'CodeIgniter\Session\Handlers\FileHandler' driver.
INFO - 2024-02-29 02:39:19 --> Session: Class initialized using 'CodeIgniter\Session\Handlers\FileHandler' driver.
INFO - 2024-02-29 02:39:21 --> Session: Class initialized using 'CodeIgniter\Session\Handlers\FileHandler' driver.
INFO - 2024-02-29 02:39:21 --> Session: Class initialized using 'CodeIgniter\Session\Handlers\FileHandler' driver.
INFO - 2024-02-29 02:39:21 --> Session: Class initialized using 'CodeIgniter\Session\Handlers\FileHandler' driver.
INFO - 2024-02-29 02:39:25 --> Session: Class initialized using 'CodeIgniter\Session\Handlers\FileHandler' driver.
INFO - 2024-02-29 02:39:25 --> Session: Class initialized using 'CodeIgniter\Session\Handlers\FileHandler' driver.
INFO - 2024-02-29 02:42:52 --> Session: Class initialized using 'CodeIgniter\Session\Handlers\FileHandler' driver.
INFO - 2024-02-29 02:42:52 --> Session: Class initialized using 'CodeIgniter\Session\Handlers\FileHandler' driver.
INFO - 2024-02-29 02:43:06 --> Session: Class initialized using 'CodeIgniter\Session\Handlers\FileHandler' driver.
ERROR - 2024-02-29 09:43:06 --> mysqli_sql_exception: Unknown column 'jadwal_uas.semester' in 'field list' in /Applications/XAMPP/xamppfiles/htdocs/pembelajaran/system/Database/MySQLi/Connection.php:306
Stack trace:
#0 /Applications/XAMPP/xamppfiles/htdocs/pembelajaran/system/Database/MySQLi/Connection.php(306): mysqli->query('SELECT `jadwal_...', 0)
#1 /Applications/XAMPP/xamppfiles/htdocs/pembelajaran/system/Database/BaseConnection.php(693): CodeIgniter\Database\MySQLi\Connection->execute('SELECT `jadwal_...')
#2 /Applications/XAMPP/xamppfiles/htdocs/pembelajaran/system/Database/BaseConnection.php(607): CodeIgniter\Database\BaseConnection->simpleQuery('SELECT `jadwal_...')
#3 /Applications/XAMPP/xamppfiles/htdocs/pembelajaran/system/Database/BaseBuilder.php(1615): CodeIgniter\Database\BaseConnection->query('SELECT `jadwal_...', Array, false)
#4 /Applications/XAMPP/xamppfiles/htdocs/pembelajaran/app/Models/Dosen/JadwalModel.php(190): CodeIgniter\Database\BaseBuilder->get()
#5 /Applications/XAMPP/xamppfiles/htdocs/pembelajaran/app/Controllers/DosenDashboard.php(31): App\Models\Dosen\JadwalModel->getJadwalUAS('8dbf4515-8795-4...')
#6 /Applications/XAMPP/xamppfiles/htdocs/pembelajaran/system/CodeIgniter.php(942): App\Controllers\DosenDashboard->index()
#7 /Applications/XAMPP/xamppfiles/htdocs/pembelajaran/system/CodeIgniter.php(502): CodeIgniter\CodeIgniter->runController(Object(App\Controllers\DosenDashboard))
#8 /Applications/XAMPP/xamppfiles/htdocs/pembelajaran/system/CodeIgniter.php(361): CodeIgniter\CodeIgniter->handleRequest(NULL, Object(Config\Cache), false)
#9 /Applications/XAMPP/xamppfiles/htdocs/pembelajaran/public/index.php(79): CodeIgniter\CodeIgniter->run()
#10 /Applications/XAMPP/xamppfiles/htdocs/pembelajaran/system/Commands/Server/rewrite.php(47): require_once('/Applications/X...')
#11 {main}
CRITICAL - 2024-02-29 09:43:06 --> Unknown column 'jadwal_uas.semester' in 'field list'
in SYSTEMPATH/Database/BaseConnection.php on line 647.
 1 SYSTEMPATH/Database/BaseBuilder.php(1615): CodeIgniter\Database\BaseConnection->query('SELECT `jadwal_uas_dosen`.`id`, `tahun_akademik`.`nama` as `tahun_akademik_nama`, `jurusan`.`nama_jurusan`, `prodi`.`nama_prodi`, `kelas_master`.`kode_kelas` as `kelas_master_nama`, `gedung`.`nama` as `gedung_nama`, `matakuliah`.`nama_mk`, `matakuliah`.`kode_mk`, `jadwal_uas`.`semester`, `jadwal_uas`.`sks`, `jadwal_uas`.`jenis_jadwal`, `jadwal_uas`.`hari`, `jadwal_uas`.`jam_mulai`, `jadwal_uas`.`jam_selesai`, `jadwal_uas`.`id`, `jadwal_uas`.`tahun_akademik_id`, `jadwal_uas`.`matakuliah_id`, `jadwal_uas`.`kelas_master_id`
FROM `jadwal_uas_dosen`
JOIN `jadwal_uas` ON `jadwal_uas`.`id` = `jadwal_uas_dosen`.`jadwal_kuliah_id`
JOIN `dosen` ON `jadwal_uas_dosen`.`dosen_id` = `dosen`.`id`
JOIN `tahun_akademik` ON `tahun_akademik`.`id` = `jadwal_uas`.`tahun_akademik_id`
JOIN `jurusan` ON `jurusan`.`id` = `jadwal_uas`.`jurusan_id`
JOIN `prodi` ON `prodi`.`id` = `jadwal_uas`.`prodi_id`
JOIN `kelas_master` ON `kelas_master`.`id` = `jadwal_uas`.`kelas_master_id`
JOIN `gedung` ON `gedung`.`id` = `jadwal_uas`.`gedung_id`
JOIN `matakuliah` ON `matakuliah`.`id` = `jadwal_uas`.`matakuliah_id`
WHERE `dosen`.`nip` = :dosen.nip:
AND `tahun_akademik`.`id` = :tahun_akademik.id:
ORDER BY `jadwal_kuliah`.`jenis_jadwal` DESC, `matakuliah`.`kode_mk` ASC', [...], false)
 2 APPPATH/Models/Dosen/JadwalModel.php(190): CodeIgniter\Database\BaseBuilder->get()
 3 APPPATH/Controllers/DosenDashboard.php(31): App\Models\Dosen\JadwalModel->getJadwalUAS('8dbf4515-8795-4fd2-a344-330f92925ff6')
 4 SYSTEMPATH/CodeIgniter.php(942): App\Controllers\DosenDashboard->index()
 5 SYSTEMPATH/CodeIgniter.php(502): CodeIgniter\CodeIgniter->runController(Object(App\Controllers\DosenDashboard))
 6 SYSTEMPATH/CodeIgniter.php(361): CodeIgniter\CodeIgniter->handleRequest(null, Object(Config\Cache), false)
 7 FCPATH/index.php(79): CodeIgniter\CodeIgniter->run()
 8 SYSTEMPATH/Commands/Server/rewrite.php(47): require_once('/Applications/XAMPP/xamppfiles/htdocs/pembelajaran/public/index.php')
INFO - 2024-02-29 02:43:40 --> Session: Class initialized using 'CodeIgniter\Session\Handlers\FileHandler' driver.
ERROR - 2024-02-29 09:43:40 --> mysqli_sql_exception: Unknown column 'jadwal_uas.sks' in 'field list' in /Applications/XAMPP/xamppfiles/htdocs/pembelajaran/system/Database/MySQLi/Connection.php:306
Stack trace:
#0 /Applications/XAMPP/xamppfiles/htdocs/pembelajaran/system/Database/MySQLi/Connection.php(306): mysqli->query('SELECT `jadwal_...', 0)
#1 /Applications/XAMPP/xamppfiles/htdocs/pembelajaran/system/Database/BaseConnection.php(693): CodeIgniter\Database\MySQLi\Connection->execute('SELECT `jadwal_...')
#2 /Applications/XAMPP/xamppfiles/htdocs/pembelajaran/system/Database/BaseConnection.php(607): CodeIgniter\Database\BaseConnection->simpleQuery('SELECT `jadwal_...')
#3 /Applications/XAMPP/xamppfiles/htdocs/pembelajaran/system/Database/BaseBuilder.php(1615): CodeIgniter\Database\BaseConnection->query('SELECT `jadwal_...', Array, false)
#4 /Applications/XAMPP/xamppfiles/htdocs/pembelajaran/app/Models/Dosen/JadwalModel.php(190): CodeIgniter\Database\BaseBuilder->get()
#5 /Applications/XAMPP/xamppfiles/htdocs/pembelajaran/app/Controllers/DosenDashboard.php(31): App\Models\Dosen\JadwalModel->getJadwalUAS('8dbf4515-8795-4...')
#6 /Applications/XAMPP/xamppfiles/htdocs/pembelajaran/system/CodeIgniter.php(942): App\Controllers\DosenDashboard->index()
#7 /Applications/XAMPP/xamppfiles/htdocs/pembelajaran/system/CodeIgniter.php(502): CodeIgniter\CodeIgniter->runController(Object(App\Controllers\DosenDashboard))
#8 /Applications/XAMPP/xamppfiles/htdocs/pembelajaran/system/CodeIgniter.php(361): CodeIgniter\CodeIgniter->handleRequest(NULL, Object(Config\Cache), false)
#9 /Applications/XAMPP/xamppfiles/htdocs/pembelajaran/public/index.php(79): CodeIgniter\CodeIgniter->run()
#10 /Applications/XAMPP/xamppfiles/htdocs/pembelajaran/system/Commands/Server/rewrite.php(47): require_once('/Applications/X...')
#11 {main}
CRITICAL - 2024-02-29 09:43:40 --> Unknown column 'jadwal_uas.sks' in 'field list'
in SYSTEMPATH/Database/BaseConnection.php on line 647.
 1 SYSTEMPATH/Database/BaseBuilder.php(1615): CodeIgniter\Database\BaseConnection->query('SELECT `jadwal_uas_dosen`.`id`, `tahun_akademik`.`nama` as `tahun_akademik_nama`, `jurusan`.`nama_jurusan`, `prodi`.`nama_prodi`, `kelas_master`.`kode_kelas` as `kelas_master_nama`, `gedung`.`nama` as `gedung_nama`, `matakuliah`.`nama_mk`, `matakuliah`.`kode_mk`, `kelas_master`.`semester`, `jadwal_uas`.`sks`, `jadwal_uas`.`jenis_jadwal`, `jadwal_uas`.`hari`, `jadwal_uas`.`jam_mulai`, `jadwal_uas`.`jam_selesai`, `jadwal_uas`.`id`, `jadwal_uas`.`tahun_akademik_id`, `jadwal_uas`.`matakuliah_id`, `jadwal_uas`.`kelas_master_id`
FROM `jadwal_uas_dosen`
JOIN `jadwal_uas` ON `jadwal_uas`.`id` = `jadwal_uas_dosen`.`jadwal_kuliah_id`
JOIN `dosen` ON `jadwal_uas_dosen`.`dosen_id` = `dosen`.`id`
JOIN `tahun_akademik` ON `tahun_akademik`.`id` = `jadwal_uas`.`tahun_akademik_id`
JOIN `jurusan` ON `jurusan`.`id` = `jadwal_uas`.`jurusan_id`
JOIN `prodi` ON `prodi`.`id` = `jadwal_uas`.`prodi_id`
JOIN `kelas_master` ON `kelas_master`.`id` = `jadwal_uas`.`kelas_master_id`
JOIN `gedung` ON `gedung`.`id` = `jadwal_uas`.`gedung_id`
JOIN `matakuliah` ON `matakuliah`.`id` = `jadwal_uas`.`matakuliah_id`
WHERE `dosen`.`nip` = :dosen.nip:
AND `tahun_akademik`.`id` = :tahun_akademik.id:
ORDER BY `jadwal_kuliah`.`jenis_jadwal` DESC, `matakuliah`.`kode_mk` ASC', [...], false)
 2 APPPATH/Models/Dosen/JadwalModel.php(190): CodeIgniter\Database\BaseBuilder->get()
 3 APPPATH/Controllers/DosenDashboard.php(31): App\Models\Dosen\JadwalModel->getJadwalUAS('8dbf4515-8795-4fd2-a344-330f92925ff6')
 4 SYSTEMPATH/CodeIgniter.php(942): App\Controllers\DosenDashboard->index()
 5 SYSTEMPATH/CodeIgniter.php(502): CodeIgniter\CodeIgniter->runController(Object(App\Controllers\DosenDashboard))
 6 SYSTEMPATH/CodeIgniter.php(361): CodeIgniter\CodeIgniter->handleRequest(null, Object(Config\Cache), false)
 7 FCPATH/index.php(79): CodeIgniter\CodeIgniter->run()
 8 SYSTEMPATH/Commands/Server/rewrite.php(47): require_once('/Applications/XAMPP/xamppfiles/htdocs/pembelajaran/public/index.php')
INFO - 2024-02-29 02:44:08 --> Session: Class initialized using 'CodeIgniter\Session\Handlers\FileHandler' driver.
ERROR - 2024-02-29 09:44:08 --> mysqli_sql_exception: Unknown column 'jadwal_uas.jenis_jadwal' in 'field list' in /Applications/XAMPP/xamppfiles/htdocs/pembelajaran/system/Database/MySQLi/Connection.php:306
Stack trace:
#0 /Applications/XAMPP/xamppfiles/htdocs/pembelajaran/system/Database/MySQLi/Connection.php(306): mysqli->query('SELECT `jadwal_...', 0)
#1 /Applications/XAMPP/xamppfiles/htdocs/pembelajaran/system/Database/BaseConnection.php(693): CodeIgniter\Database\MySQLi\Connection->execute('SELECT `jadwal_...')
#2 /Applications/XAMPP/xamppfiles/htdocs/pembelajaran/system/Database/BaseConnection.php(607): CodeIgniter\Database\BaseConnection->simpleQuery('SELECT `jadwal_...')
#3 /Applications/XAMPP/xamppfiles/htdocs/pembelajaran/system/Database/BaseBuilder.php(1615): CodeIgniter\Database\BaseConnection->query('SELECT `jadwal_...', Array, false)
#4 /Applications/XAMPP/xamppfiles/htdocs/pembelajaran/app/Models/Dosen/JadwalModel.php(191): CodeIgniter\Database\BaseBuilder->get()
#5 /Applications/XAMPP/xamppfiles/htdocs/pembelajaran/app/Controllers/DosenDashboard.php(31): App\Models\Dosen\JadwalModel->getJadwalUAS('8dbf4515-8795-4...')
#6 /Applications/XAMPP/xamppfiles/htdocs/pembelajaran/system/CodeIgniter.php(942): App\Controllers\DosenDashboard->index()
#7 /Applications/XAMPP/xamppfiles/htdocs/pembelajaran/system/CodeIgniter.php(502): CodeIgniter\CodeIgniter->runController(Object(App\Controllers\DosenDashboard))
#8 /Applications/XAMPP/xamppfiles/htdocs/pembelajaran/system/CodeIgniter.php(361): CodeIgniter\CodeIgniter->handleRequest(NULL, Object(Config\Cache), false)
#9 /Applications/XAMPP/xamppfiles/htdocs/pembelajaran/public/index.php(79): CodeIgniter\CodeIgniter->run()
#10 /Applications/XAMPP/xamppfiles/htdocs/pembelajaran/system/Commands/Server/rewrite.php(47): require_once('/Applications/X...')
#11 {main}
CRITICAL - 2024-02-29 09:44:08 --> Unknown column 'jadwal_uas.jenis_jadwal' in 'field list'
in SYSTEMPATH/Database/BaseConnection.php on line 647.
 1 SYSTEMPATH/Database/BaseBuilder.php(1615): CodeIgniter\Database\BaseConnection->query('SELECT `jadwal_uas_dosen`.`id`, `tahun_akademik`.`nama` as `tahun_akademik_nama`, `jurusan`.`nama_jurusan`, `prodi`.`nama_prodi`, `kelas_master`.`kode_kelas` as `kelas_master_nama`, `gedung`.`nama` as `gedung_nama`, `matakuliah`.`nama_mk`, `matakuliah`.`kode_mk`, `kelas_master`.`semester`, `matakuliah`.`sks_teori`, `matakuliah`.`sks_praktik`, `jadwal_uas`.`jenis_jadwal`, `jadwal_uas`.`hari`, `jadwal_uas`.`jam_mulai`, `jadwal_uas`.`jam_selesai`, `jadwal_uas`.`id`, `jadwal_uas`.`tahun_akademik_id`, `jadwal_uas`.`matakuliah_id`, `jadwal_uas`.`kelas_master_id`
FROM `jadwal_uas_dosen`
JOIN `jadwal_uas` ON `jadwal_uas`.`id` = `jadwal_uas_dosen`.`jadwal_kuliah_id`
JOIN `dosen` ON `jadwal_uas_dosen`.`dosen_id` = `dosen`.`id`
JOIN `tahun_akademik` ON `tahun_akademik`.`id` = `jadwal_uas`.`tahun_akademik_id`
JOIN `jurusan` ON `jurusan`.`id` = `jadwal_uas`.`jurusan_id`
JOIN `prodi` ON `prodi`.`id` = `jadwal_uas`.`prodi_id`
JOIN `kelas_master` ON `kelas_master`.`id` = `jadwal_uas`.`kelas_master_id`
JOIN `gedung` ON `gedung`.`id` = `jadwal_uas`.`gedung_id`
JOIN `matakuliah` ON `matakuliah`.`id` = `jadwal_uas`.`matakuliah_id`
WHERE `dosen`.`nip` = :dosen.nip:
AND `tahun_akademik`.`id` = :tahun_akademik.id:
ORDER BY `jadwal_kuliah`.`jenis_jadwal` DESC, `matakuliah`.`kode_mk` ASC', [...], false)
 2 APPPATH/Models/Dosen/JadwalModel.php(191): CodeIgniter\Database\BaseBuilder->get()
 3 APPPATH/Controllers/DosenDashboard.php(31): App\Models\Dosen\JadwalModel->getJadwalUAS('8dbf4515-8795-4fd2-a344-330f92925ff6')
 4 SYSTEMPATH/CodeIgniter.php(942): App\Controllers\DosenDashboard->index()
 5 SYSTEMPATH/CodeIgniter.php(502): CodeIgniter\CodeIgniter->runController(Object(App\Controllers\DosenDashboard))
 6 SYSTEMPATH/CodeIgniter.php(361): CodeIgniter\CodeIgniter->handleRequest(null, Object(Config\Cache), false)
 7 FCPATH/index.php(79): CodeIgniter\CodeIgniter->run()
 8 SYSTEMPATH/Commands/Server/rewrite.php(47): require_once('/Applications/XAMPP/xamppfiles/htdocs/pembelajaran/public/index.php')
INFO - 2024-02-29 02:44:15 --> Session: Class initialized using 'CodeIgniter\Session\Handlers\FileHandler' driver.
ERROR - 2024-02-29 09:44:15 --> mysqli_sql_exception: Unknown column 'jadwal_uas.hari' in 'field list' in /Applications/XAMPP/xamppfiles/htdocs/pembelajaran/system/Database/MySQLi/Connection.php:306
Stack trace:
#0 /Applications/XAMPP/xamppfiles/htdocs/pembelajaran/system/Database/MySQLi/Connection.php(306): mysqli->query('SELECT `jadwal_...', 0)
#1 /Applications/XAMPP/xamppfiles/htdocs/pembelajaran/system/Database/BaseConnection.php(693): CodeIgniter\Database\MySQLi\Connection->execute('SELECT `jadwal_...')
#2 /Applications/XAMPP/xamppfiles/htdocs/pembelajaran/system/Database/BaseConnection.php(607): CodeIgniter\Database\BaseConnection->simpleQuery('SELECT `jadwal_...')
#3 /Applications/XAMPP/xamppfiles/htdocs/pembelajaran/system/Database/BaseBuilder.php(1615): CodeIgniter\Database\BaseConnection->query('SELECT `jadwal_...', Array, false)
#4 /Applications/XAMPP/xamppfiles/htdocs/pembelajaran/app/Models/Dosen/JadwalModel.php(191): CodeIgniter\Database\BaseBuilder->get()
#5 /Applications/XAMPP/xamppfiles/htdocs/pembelajaran/app/Controllers/DosenDashboard.php(31): App\Models\Dosen\JadwalModel->getJadwalUAS('8dbf4515-8795-4...')
#6 /Applications/XAMPP/xamppfiles/htdocs/pembelajaran/system/CodeIgniter.php(942): App\Controllers\DosenDashboard->index()
#7 /Applications/XAMPP/xamppfiles/htdocs/pembelajaran/system/CodeIgniter.php(502): CodeIgniter\CodeIgniter->runController(Object(App\Controllers\DosenDashboard))
#8 /Applications/XAMPP/xamppfiles/htdocs/pembelajaran/system/CodeIgniter.php(361): CodeIgniter\CodeIgniter->handleRequest(NULL, Object(Config\Cache), false)
#9 /Applications/XAMPP/xamppfiles/htdocs/pembelajaran/public/index.php(79): CodeIgniter\CodeIgniter->run()
#10 /Applications/XAMPP/xamppfiles/htdocs/pembelajaran/system/Commands/Server/rewrite.php(47): require_once('/Applications/X...')
#11 {main}
CRITICAL - 2024-02-29 09:44:15 --> Unknown column 'jadwal_uas.hari' in 'field list'
in SYSTEMPATH/Database/BaseConnection.php on line 647.
 1 SYSTEMPATH/Database/BaseBuilder.php(1615): CodeIgniter\Database\BaseConnection->query('SELECT `jadwal_uas_dosen`.`id`, `tahun_akademik`.`nama` as `tahun_akademik_nama`, `jurusan`.`nama_jurusan`, `prodi`.`nama_prodi`, `kelas_master`.`kode_kelas` as `kelas_master_nama`, `gedung`.`nama` as `gedung_nama`, `matakuliah`.`nama_mk`, `matakuliah`.`kode_mk`, `kelas_master`.`semester`, `matakuliah`.`sks_teori`, `matakuliah`.`sks_praktik`, `jadwal_uas`.`hari`, `jadwal_uas`.`jam_mulai`, `jadwal_uas`.`jam_selesai`, `jadwal_uas`.`id`, `jadwal_uas`.`tahun_akademik_id`, `jadwal_uas`.`matakuliah_id`, `jadwal_uas`.`kelas_master_id`
FROM `jadwal_uas_dosen`
JOIN `jadwal_uas` ON `jadwal_uas`.`id` = `jadwal_uas_dosen`.`jadwal_kuliah_id`
JOIN `dosen` ON `jadwal_uas_dosen`.`dosen_id` = `dosen`.`id`
JOIN `tahun_akademik` ON `tahun_akademik`.`id` = `jadwal_uas`.`tahun_akademik_id`
JOIN `jurusan` ON `jurusan`.`id` = `jadwal_uas`.`jurusan_id`
JOIN `prodi` ON `prodi`.`id` = `jadwal_uas`.`prodi_id`
JOIN `kelas_master` ON `kelas_master`.`id` = `jadwal_uas`.`kelas_master_id`
JOIN `gedung` ON `gedung`.`id` = `jadwal_uas`.`gedung_id`
JOIN `matakuliah` ON `matakuliah`.`id` = `jadwal_uas`.`matakuliah_id`
WHERE `dosen`.`nip` = :dosen.nip:
AND `tahun_akademik`.`id` = :tahun_akademik.id:
ORDER BY `jadwal_kuliah`.`jenis_jadwal` DESC, `matakuliah`.`kode_mk` ASC', [...], false)
 2 APPPATH/Models/Dosen/JadwalModel.php(191): CodeIgniter\Database\BaseBuilder->get()
 3 APPPATH/Controllers/DosenDashboard.php(31): App\Models\Dosen\JadwalModel->getJadwalUAS('8dbf4515-8795-4fd2-a344-330f92925ff6')
 4 SYSTEMPATH/CodeIgniter.php(942): App\Controllers\DosenDashboard->index()
 5 SYSTEMPATH/CodeIgniter.php(502): CodeIgniter\CodeIgniter->runController(Object(App\Controllers\DosenDashboard))
 6 SYSTEMPATH/CodeIgniter.php(361): CodeIgniter\CodeIgniter->handleRequest(null, Object(Config\Cache), false)
 7 FCPATH/index.php(79): CodeIgniter\CodeIgniter->run()
 8 SYSTEMPATH/Commands/Server/rewrite.php(47): require_once('/Applications/XAMPP/xamppfiles/htdocs/pembelajaran/public/index.php')
INFO - 2024-02-29 02:44:29 --> Session: Class initialized using 'CodeIgniter\Session\Handlers\FileHandler' driver.
ERROR - 2024-02-29 09:44:29 --> mysqli_sql_exception: Unknown column 'jadwal_uas.tahun_akademik_id' in 'field list' in /Applications/XAMPP/xamppfiles/htdocs/pembelajaran/system/Database/MySQLi/Connection.php:306
Stack trace:
#0 /Applications/XAMPP/xamppfiles/htdocs/pembelajaran/system/Database/MySQLi/Connection.php(306): mysqli->query('SELECT `jadwal_...', 0)
#1 /Applications/XAMPP/xamppfiles/htdocs/pembelajaran/system/Database/BaseConnection.php(693): CodeIgniter\Database\MySQLi\Connection->execute('SELECT `jadwal_...')
#2 /Applications/XAMPP/xamppfiles/htdocs/pembelajaran/system/Database/BaseConnection.php(607): CodeIgniter\Database\BaseConnection->simpleQuery('SELECT `jadwal_...')
#3 /Applications/XAMPP/xamppfiles/htdocs/pembelajaran/system/Database/BaseBuilder.php(1615): CodeIgniter\Database\BaseConnection->query('SELECT `jadwal_...', Array, false)
#4 /Applications/XAMPP/xamppfiles/htdocs/pembelajaran/app/Models/Dosen/JadwalModel.php(191): CodeIgniter\Database\BaseBuilder->get()
#5 /Applications/XAMPP/xamppfiles/htdocs/pembelajaran/app/Controllers/DosenDashboard.php(31): App\Models\Dosen\JadwalModel->getJadwalUAS('8dbf4515-8795-4...')
#6 /Applications/XAMPP/xamppfiles/htdocs/pembelajaran/system/CodeIgniter.php(942): App\Controllers\DosenDashboard->index()
#7 /Applications/XAMPP/xamppfiles/htdocs/pembelajaran/system/CodeIgniter.php(502): CodeIgniter\CodeIgniter->runController(Object(App\Controllers\DosenDashboard))
#8 /Applications/XAMPP/xamppfiles/htdocs/pembelajaran/system/CodeIgniter.php(361): CodeIgniter\CodeIgniter->handleRequest(NULL, Object(Config\Cache), false)
#9 /Applications/XAMPP/xamppfiles/htdocs/pembelajaran/public/index.php(79): CodeIgniter\CodeIgniter->run()
#10 /Applications/XAMPP/xamppfiles/htdocs/pembelajaran/system/Commands/Server/rewrite.php(47): require_once('/Applications/X...')
#11 {main}
CRITICAL - 2024-02-29 09:44:29 --> Unknown column 'jadwal_uas.tahun_akademik_id' in 'field list'
in SYSTEMPATH/Database/BaseConnection.php on line 647.
 1 SYSTEMPATH/Database/BaseBuilder.php(1615): CodeIgniter\Database\BaseConnection->query('SELECT `jadwal_uas_dosen`.`id`, `tahun_akademik`.`nama` as `tahun_akademik_nama`, `jurusan`.`nama_jurusan`, `prodi`.`nama_prodi`, `kelas_master`.`kode_kelas` as `kelas_master_nama`, `gedung`.`nama` as `gedung_nama`, `matakuliah`.`nama_mk`, `matakuliah`.`kode_mk`, `kelas_master`.`semester`, `matakuliah`.`sks_teori`, `matakuliah`.`sks_praktik`, `jadwal_uas`.`jam_mulai`, `jadwal_uas`.`jam_selesai`, `jadwal_uas`.`id`, `jadwal_uas`.`tahun_akademik_id`, `jadwal_uas`.`matakuliah_id`, `jadwal_uas`.`kelas_master_id`
FROM `jadwal_uas_dosen`
JOIN `jadwal_uas` ON `jadwal_uas`.`id` = `jadwal_uas_dosen`.`jadwal_kuliah_id`
JOIN `dosen` ON `jadwal_uas_dosen`.`dosen_id` = `dosen`.`id`
JOIN `tahun_akademik` ON `tahun_akademik`.`id` = `jadwal_uas`.`tahun_akademik_id`
JOIN `jurusan` ON `jurusan`.`id` = `jadwal_uas`.`jurusan_id`
JOIN `prodi` ON `prodi`.`id` = `jadwal_uas`.`prodi_id`
JOIN `kelas_master` ON `kelas_master`.`id` = `jadwal_uas`.`kelas_master_id`
JOIN `gedung` ON `gedung`.`id` = `jadwal_uas`.`gedung_id`
JOIN `matakuliah` ON `matakuliah`.`id` = `jadwal_uas`.`matakuliah_id`
WHERE `dosen`.`nip` = :dosen.nip:
AND `tahun_akademik`.`id` = :tahun_akademik.id:
ORDER BY `jadwal_kuliah`.`jenis_jadwal` DESC, `matakuliah`.`kode_mk` ASC', [...], false)
 2 APPPATH/Models/Dosen/JadwalModel.php(191): CodeIgniter\Database\BaseBuilder->get()
 3 APPPATH/Controllers/DosenDashboard.php(31): App\Models\Dosen\JadwalModel->getJadwalUAS('8dbf4515-8795-4fd2-a344-330f92925ff6')
 4 SYSTEMPATH/CodeIgniter.php(942): App\Controllers\DosenDashboard->index()
 5 SYSTEMPATH/CodeIgniter.php(502): CodeIgniter\CodeIgniter->runController(Object(App\Controllers\DosenDashboard))
 6 SYSTEMPATH/CodeIgniter.php(361): CodeIgniter\CodeIgniter->handleRequest(null, Object(Config\Cache), false)
 7 FCPATH/index.php(79): CodeIgniter\CodeIgniter->run()
 8 SYSTEMPATH/Commands/Server/rewrite.php(47): require_once('/Applications/XAMPP/xamppfiles/htdocs/pembelajaran/public/index.php')
INFO - 2024-02-29 02:44:51 --> Session: Class initialized using 'CodeIgniter\Session\Handlers\FileHandler' driver.
ERROR - 2024-02-29 09:44:51 --> mysqli_sql_exception: Unknown column 'jadwal_uas_dosen.jadwal_kuliah_id' in 'on clause' in /Applications/XAMPP/xamppfiles/htdocs/pembelajaran/system/Database/MySQLi/Connection.php:306
Stack trace:
#0 /Applications/XAMPP/xamppfiles/htdocs/pembelajaran/system/Database/MySQLi/Connection.php(306): mysqli->query('SELECT `jadwal_...', 0)
#1 /Applications/XAMPP/xamppfiles/htdocs/pembelajaran/system/Database/BaseConnection.php(693): CodeIgniter\Database\MySQLi\Connection->execute('SELECT `jadwal_...')
#2 /Applications/XAMPP/xamppfiles/htdocs/pembelajaran/system/Database/BaseConnection.php(607): CodeIgniter\Database\BaseConnection->simpleQuery('SELECT `jadwal_...')
#3 /Applications/XAMPP/xamppfiles/htdocs/pembelajaran/system/Database/BaseBuilder.php(1615): CodeIgniter\Database\BaseConnection->query('SELECT `jadwal_...', Array, false)
#4 /Applications/XAMPP/xamppfiles/htdocs/pembelajaran/app/Models/Dosen/JadwalModel.php(191): CodeIgniter\Database\BaseBuilder->get()
#5 /Applications/XAMPP/xamppfiles/htdocs/pembelajaran/app/Controllers/DosenDashboard.php(31): App\Models\Dosen\JadwalModel->getJadwalUAS('8dbf4515-8795-4...')
#6 /Applications/XAMPP/xamppfiles/htdocs/pembelajaran/system/CodeIgniter.php(942): App\Controllers\DosenDashboard->index()
#7 /Applications/XAMPP/xamppfiles/htdocs/pembelajaran/system/CodeIgniter.php(502): CodeIgniter\CodeIgniter->runController(Object(App\Controllers\DosenDashboard))
#8 /Applications/XAMPP/xamppfiles/htdocs/pembelajaran/system/CodeIgniter.php(361): CodeIgniter\CodeIgniter->handleRequest(NULL, Object(Config\Cache), false)
#9 /Applications/XAMPP/xamppfiles/htdocs/pembelajaran/public/index.php(79): CodeIgniter\CodeIgniter->run()
#10 /Applications/XAMPP/xamppfiles/htdocs/pembelajaran/system/Commands/Server/rewrite.php(47): require_once('/Applications/X...')
#11 {main}
CRITICAL - 2024-02-29 09:44:51 --> Unknown column 'jadwal_uas_dosen.jadwal_kuliah_id' in 'on clause'
in SYSTEMPATH/Database/BaseConnection.php on line 647.
 1 SYSTEMPATH/Database/BaseBuilder.php(1615): CodeIgniter\Database\BaseConnection->query('SELECT `jadwal_uas_dosen`.`id`, `tahun_akademik`.`nama` as `tahun_akademik_nama`, `jurusan`.`nama_jurusan`, `prodi`.`nama_prodi`, `kelas_master`.`kode_kelas` as `kelas_master_nama`, `gedung`.`nama` as `gedung_nama`, `matakuliah`.`nama_mk`, `matakuliah`.`kode_mk`, `kelas_master`.`semester`, `matakuliah`.`sks_teori`, `matakuliah`.`sks_praktik`, `jadwal_uas`.`jam_mulai`, `jadwal_uas`.`jam_selesai`, `jadwal_uas`.`id`, `kelas_master`.`tahun_akademik_id`, `jadwal_uas`.`matakuliah_id`, `jadwal_uas`.`kelas_master_id`
FROM `jadwal_uas_dosen`
JOIN `jadwal_uas` ON `jadwal_uas`.`id` = `jadwal_uas_dosen`.`jadwal_kuliah_id`
JOIN `dosen` ON `jadwal_uas_dosen`.`dosen_id` = `dosen`.`id`
JOIN `tahun_akademik` ON `tahun_akademik`.`id` = `jadwal_uas`.`tahun_akademik_id`
JOIN `jurusan` ON `jurusan`.`id` = `jadwal_uas`.`jurusan_id`
JOIN `prodi` ON `prodi`.`id` = `jadwal_uas`.`prodi_id`
JOIN `kelas_master` ON `kelas_master`.`id` = `jadwal_uas`.`kelas_master_id`
JOIN `gedung` ON `gedung`.`id` = `jadwal_uas`.`gedung_id`
JOIN `matakuliah` ON `matakuliah`.`id` = `jadwal_uas`.`matakuliah_id`
WHERE `dosen`.`nip` = :dosen.nip:
AND `tahun_akademik`.`id` = :tahun_akademik.id:
ORDER BY `jadwal_kuliah`.`jenis_jadwal` DESC, `matakuliah`.`kode_mk` ASC', [...], false)
 2 APPPATH/Models/Dosen/JadwalModel.php(191): CodeIgniter\Database\BaseBuilder->get()
 3 APPPATH/Controllers/DosenDashboard.php(31): App\Models\Dosen\JadwalModel->getJadwalUAS('8dbf4515-8795-4fd2-a344-330f92925ff6')
 4 SYSTEMPATH/CodeIgniter.php(942): App\Controllers\DosenDashboard->index()
 5 SYSTEMPATH/CodeIgniter.php(502): CodeIgniter\CodeIgniter->runController(Object(App\Controllers\DosenDashboard))
 6 SYSTEMPATH/CodeIgniter.php(361): CodeIgniter\CodeIgniter->handleRequest(null, Object(Config\Cache), false)
 7 FCPATH/index.php(79): CodeIgniter\CodeIgniter->run()
 8 SYSTEMPATH/Commands/Server/rewrite.php(47): require_once('/Applications/XAMPP/xamppfiles/htdocs/pembelajaran/public/index.php')
INFO - 2024-02-29 02:45:07 --> Session: Class initialized using 'CodeIgniter\Session\Handlers\FileHandler' driver.
ERROR - 2024-02-29 09:45:07 --> mysqli_sql_exception: Unknown column 'jadwal_uas.tahun_akademik_id' in 'on clause' in /Applications/XAMPP/xamppfiles/htdocs/pembelajaran/system/Database/MySQLi/Connection.php:306
Stack trace:
#0 /Applications/XAMPP/xamppfiles/htdocs/pembelajaran/system/Database/MySQLi/Connection.php(306): mysqli->query('SELECT `jadwal_...', 0)
#1 /Applications/XAMPP/xamppfiles/htdocs/pembelajaran/system/Database/BaseConnection.php(693): CodeIgniter\Database\MySQLi\Connection->execute('SELECT `jadwal_...')
#2 /Applications/XAMPP/xamppfiles/htdocs/pembelajaran/system/Database/BaseConnection.php(607): CodeIgniter\Database\BaseConnection->simpleQuery('SELECT `jadwal_...')
#3 /Applications/XAMPP/xamppfiles/htdocs/pembelajaran/system/Database/BaseBuilder.php(1615): CodeIgniter\Database\BaseConnection->query('SELECT `jadwal_...', Array, false)
#4 /Applications/XAMPP/xamppfiles/htdocs/pembelajaran/app/Models/Dosen/JadwalModel.php(191): CodeIgniter\Database\BaseBuilder->get()
#5 /Applications/XAMPP/xamppfiles/htdocs/pembelajaran/app/Controllers/DosenDashboard.php(31): App\Models\Dosen\JadwalModel->getJadwalUAS('8dbf4515-8795-4...')
#6 /Applications/XAMPP/xamppfiles/htdocs/pembelajaran/system/CodeIgniter.php(942): App\Controllers\DosenDashboard->index()
#7 /Applications/XAMPP/xamppfiles/htdocs/pembelajaran/system/CodeIgniter.php(502): CodeIgniter\CodeIgniter->runController(Object(App\Controllers\DosenDashboard))
#8 /Applications/XAMPP/xamppfiles/htdocs/pembelajaran/system/CodeIgniter.php(361): CodeIgniter\CodeIgniter->handleRequest(NULL, Object(Config\Cache), false)
#9 /Applications/XAMPP/xamppfiles/htdocs/pembelajaran/public/index.php(79): CodeIgniter\CodeIgniter->run()
#10 /Applications/XAMPP/xamppfiles/htdocs/pembelajaran/system/Commands/Server/rewrite.php(47): require_once('/Applications/X...')
#11 {main}
CRITICAL - 2024-02-29 09:45:07 --> Unknown column 'jadwal_uas.tahun_akademik_id' in 'on clause'
in SYSTEMPATH/Database/BaseConnection.php on line 647.
 1 SYSTEMPATH/Database/BaseBuilder.php(1615): CodeIgniter\Database\BaseConnection->query('SELECT `jadwal_uas_dosen`.`id`, `tahun_akademik`.`nama` as `tahun_akademik_nama`, `jurusan`.`nama_jurusan`, `prodi`.`nama_prodi`, `kelas_master`.`kode_kelas` as `kelas_master_nama`, `gedung`.`nama` as `gedung_nama`, `matakuliah`.`nama_mk`, `matakuliah`.`kode_mk`, `kelas_master`.`semester`, `matakuliah`.`sks_teori`, `matakuliah`.`sks_praktik`, `jadwal_uas`.`jam_mulai`, `jadwal_uas`.`jam_selesai`, `jadwal_uas`.`id`, `kelas_master`.`tahun_akademik_id`, `jadwal_uas`.`matakuliah_id`, `jadwal_uas`.`kelas_master_id`
FROM `jadwal_uas_dosen`
JOIN `jadwal_uas` ON `jadwal_uas`.`id` = `jadwal_uas_dosen`.`jadwal_uas_id`
JOIN `dosen` ON `jadwal_uas_dosen`.`dosen_id` = `dosen`.`id`
JOIN `tahun_akademik` ON `tahun_akademik`.`id` = `jadwal_uas`.`tahun_akademik_id`
JOIN `jurusan` ON `jurusan`.`id` = `jadwal_uas`.`jurusan_id`
JOIN `prodi` ON `prodi`.`id` = `jadwal_uas`.`prodi_id`
JOIN `kelas_master` ON `kelas_master`.`id` = `jadwal_uas`.`kelas_master_id`
JOIN `gedung` ON `gedung`.`id` = `jadwal_uas`.`gedung_id`
JOIN `matakuliah` ON `matakuliah`.`id` = `jadwal_uas`.`matakuliah_id`
WHERE `dosen`.`nip` = :dosen.nip:
AND `tahun_akademik`.`id` = :tahun_akademik.id:
ORDER BY `jadwal_kuliah`.`jenis_jadwal` DESC, `matakuliah`.`kode_mk` ASC', [...], false)
 2 APPPATH/Models/Dosen/JadwalModel.php(191): CodeIgniter\Database\BaseBuilder->get()
 3 APPPATH/Controllers/DosenDashboard.php(31): App\Models\Dosen\JadwalModel->getJadwalUAS('8dbf4515-8795-4fd2-a344-330f92925ff6')
 4 SYSTEMPATH/CodeIgniter.php(942): App\Controllers\DosenDashboard->index()
 5 SYSTEMPATH/CodeIgniter.php(502): CodeIgniter\CodeIgniter->runController(Object(App\Controllers\DosenDashboard))
 6 SYSTEMPATH/CodeIgniter.php(361): CodeIgniter\CodeIgniter->handleRequest(null, Object(Config\Cache), false)
 7 FCPATH/index.php(79): CodeIgniter\CodeIgniter->run()
 8 SYSTEMPATH/Commands/Server/rewrite.php(47): require_once('/Applications/XAMPP/xamppfiles/htdocs/pembelajaran/public/index.php')
INFO - 2024-02-29 02:45:57 --> Session: Class initialized using 'CodeIgniter\Session\Handlers\FileHandler' driver.
ERROR - 2024-02-29 09:45:57 --> mysqli_sql_exception: Unknown column 'jadwal_uas.jurusan_id' in 'on clause' in /Applications/XAMPP/xamppfiles/htdocs/pembelajaran/system/Database/MySQLi/Connection.php:306
Stack trace:
#0 /Applications/XAMPP/xamppfiles/htdocs/pembelajaran/system/Database/MySQLi/Connection.php(306): mysqli->query('SELECT `jadwal_...', 0)
#1 /Applications/XAMPP/xamppfiles/htdocs/pembelajaran/system/Database/BaseConnection.php(693): CodeIgniter\Database\MySQLi\Connection->execute('SELECT `jadwal_...')
#2 /Applications/XAMPP/xamppfiles/htdocs/pembelajaran/system/Database/BaseConnection.php(607): CodeIgniter\Database\BaseConnection->simpleQuery('SELECT `jadwal_...')
#3 /Applications/XAMPP/xamppfiles/htdocs/pembelajaran/system/Database/BaseBuilder.php(1615): CodeIgniter\Database\BaseConnection->query('SELECT `jadwal_...', Array, false)
#4 /Applications/XAMPP/xamppfiles/htdocs/pembelajaran/app/Models/Dosen/JadwalModel.php(191): CodeIgniter\Database\BaseBuilder->get()
#5 /Applications/XAMPP/xamppfiles/htdocs/pembelajaran/app/Controllers/DosenDashboard.php(31): App\Models\Dosen\JadwalModel->getJadwalUAS('8dbf4515-8795-4...')
#6 /Applications/XAMPP/xamppfiles/htdocs/pembelajaran/system/CodeIgniter.php(942): App\Controllers\DosenDashboard->index()
#7 /Applications/XAMPP/xamppfiles/htdocs/pembelajaran/system/CodeIgniter.php(502): CodeIgniter\CodeIgniter->runController(Object(App\Controllers\DosenDashboard))
#8 /Applications/XAMPP/xamppfiles/htdocs/pembelajaran/system/CodeIgniter.php(361): CodeIgniter\CodeIgniter->handleRequest(NULL, Object(Config\Cache), false)
#9 /Applications/XAMPP/xamppfiles/htdocs/pembelajaran/public/index.php(79): CodeIgniter\CodeIgniter->run()
#10 /Applications/XAMPP/xamppfiles/htdocs/pembelajaran/system/Commands/Server/rewrite.php(47): require_once('/Applications/X...')
#11 {main}
CRITICAL - 2024-02-29 09:45:57 --> Unknown column 'jadwal_uas.jurusan_id' in 'on clause'
in SYSTEMPATH/Database/BaseConnection.php on line 647.
 1 SYSTEMPATH/Database/BaseBuilder.php(1615): CodeIgniter\Database\BaseConnection->query('SELECT `jadwal_uas_dosen`.`id`, `tahun_akademik`.`nama` as `tahun_akademik_nama`, `jurusan`.`nama_jurusan`, `prodi`.`nama_prodi`, `kelas_master`.`kode_kelas` as `kelas_master_nama`, `gedung`.`nama` as `gedung_nama`, `matakuliah`.`nama_mk`, `matakuliah`.`kode_mk`, `kelas_master`.`semester`, `matakuliah`.`sks_teori`, `matakuliah`.`sks_praktik`, `jadwal_uas`.`jam_mulai`, `jadwal_uas`.`jam_selesai`, `jadwal_uas`.`id`, `kelas_master`.`tahun_akademik_id`, `jadwal_uas`.`matakuliah_id`, `jadwal_uas`.`kelas_master_id`
FROM `jadwal_uas_dosen`
JOIN `jadwal_uas` ON `jadwal_uas`.`id` = `jadwal_uas_dosen`.`jadwal_uas_id`
JOIN `dosen` ON `jadwal_uas_dosen`.`dosen_id` = `dosen`.`id`
JOIN `jurusan` ON `jurusan`.`id` = `jadwal_uas`.`jurusan_id`
JOIN `prodi` ON `prodi`.`id` = `jadwal_uas`.`prodi_id`
JOIN `kelas_master` ON `kelas_master`.`id` = `jadwal_uas`.`kelas_master_id`
JOIN `tahun_akademik` ON `tahun_akademik`.`id` = `kelas_master`.`tahun_akademik_id`
JOIN `gedung` ON `gedung`.`id` = `jadwal_uas`.`gedung_id`
JOIN `matakuliah` ON `matakuliah`.`id` = `jadwal_uas`.`matakuliah_id`
WHERE `dosen`.`nip` = :dosen.nip:
AND `tahun_akademik`.`id` = :tahun_akademik.id:
ORDER BY `jadwal_kuliah`.`jenis_jadwal` DESC, `matakuliah`.`kode_mk` ASC', [...], false)
 2 APPPATH/Models/Dosen/JadwalModel.php(191): CodeIgniter\Database\BaseBuilder->get()
 3 APPPATH/Controllers/DosenDashboard.php(31): App\Models\Dosen\JadwalModel->getJadwalUAS('8dbf4515-8795-4fd2-a344-330f92925ff6')
 4 SYSTEMPATH/CodeIgniter.php(942): App\Controllers\DosenDashboard->index()
 5 SYSTEMPATH/CodeIgniter.php(502): CodeIgniter\CodeIgniter->runController(Object(App\Controllers\DosenDashboard))
 6 SYSTEMPATH/CodeIgniter.php(361): CodeIgniter\CodeIgniter->handleRequest(null, Object(Config\Cache), false)
 7 FCPATH/index.php(79): CodeIgniter\CodeIgniter->run()
 8 SYSTEMPATH/Commands/Server/rewrite.php(47): require_once('/Applications/XAMPP/xamppfiles/htdocs/pembelajaran/public/index.php')
INFO - 2024-02-29 02:46:22 --> Session: Class initialized using 'CodeIgniter\Session\Handlers\FileHandler' driver.
ERROR - 2024-02-29 09:46:22 --> mysqli_sql_exception: Unknown column 'jadwal_uas.prodi_id' in 'on clause' in /Applications/XAMPP/xamppfiles/htdocs/pembelajaran/system/Database/MySQLi/Connection.php:306
Stack trace:
#0 /Applications/XAMPP/xamppfiles/htdocs/pembelajaran/system/Database/MySQLi/Connection.php(306): mysqli->query('SELECT `jadwal_...', 0)
#1 /Applications/XAMPP/xamppfiles/htdocs/pembelajaran/system/Database/BaseConnection.php(693): CodeIgniter\Database\MySQLi\Connection->execute('SELECT `jadwal_...')
#2 /Applications/XAMPP/xamppfiles/htdocs/pembelajaran/system/Database/BaseConnection.php(607): CodeIgniter\Database\BaseConnection->simpleQuery('SELECT `jadwal_...')
#3 /Applications/XAMPP/xamppfiles/htdocs/pembelajaran/system/Database/BaseBuilder.php(1615): CodeIgniter\Database\BaseConnection->query('SELECT `jadwal_...', Array, false)
#4 /Applications/XAMPP/xamppfiles/htdocs/pembelajaran/app/Models/Dosen/JadwalModel.php(191): CodeIgniter\Database\BaseBuilder->get()
#5 /Applications/XAMPP/xamppfiles/htdocs/pembelajaran/app/Controllers/DosenDashboard.php(31): App\Models\Dosen\JadwalModel->getJadwalUAS('8dbf4515-8795-4...')
#6 /Applications/XAMPP/xamppfiles/htdocs/pembelajaran/system/CodeIgniter.php(942): App\Controllers\DosenDashboard->index()
#7 /Applications/XAMPP/xamppfiles/htdocs/pembelajaran/system/CodeIgniter.php(502): CodeIgniter\CodeIgniter->runController(Object(App\Controllers\DosenDashboard))
#8 /Applications/XAMPP/xamppfiles/htdocs/pembelajaran/system/CodeIgniter.php(361): CodeIgniter\CodeIgniter->handleRequest(NULL, Object(Config\Cache), false)
#9 /Applications/XAMPP/xamppfiles/htdocs/pembelajaran/public/index.php(79): CodeIgniter\CodeIgniter->run()
#10 /Applications/XAMPP/xamppfiles/htdocs/pembelajaran/system/Commands/Server/rewrite.php(47): require_once('/Applications/X...')
#11 {main}
CRITICAL - 2024-02-29 09:46:22 --> Unknown column 'jadwal_uas.prodi_id' in 'on clause'
in SYSTEMPATH/Database/BaseConnection.php on line 647.
 1 SYSTEMPATH/Database/BaseBuilder.php(1615): CodeIgniter\Database\BaseConnection->query('SELECT `jadwal_uas_dosen`.`id`, `tahun_akademik`.`nama` as `tahun_akademik_nama`, `prodi`.`nama_prodi`, `kelas_master`.`kode_kelas` as `kelas_master_nama`, `gedung`.`nama` as `gedung_nama`, `matakuliah`.`nama_mk`, `matakuliah`.`kode_mk`, `kelas_master`.`semester`, `matakuliah`.`sks_teori`, `matakuliah`.`sks_praktik`, `jadwal_uas`.`jam_mulai`, `jadwal_uas`.`jam_selesai`, `jadwal_uas`.`id`, `kelas_master`.`tahun_akademik_id`, `jadwal_uas`.`matakuliah_id`, `jadwal_uas`.`kelas_master_id`
FROM `jadwal_uas_dosen`
JOIN `jadwal_uas` ON `jadwal_uas`.`id` = `jadwal_uas_dosen`.`jadwal_uas_id`
JOIN `dosen` ON `jadwal_uas_dosen`.`dosen_id` = `dosen`.`id`
JOIN `prodi` ON `prodi`.`id` = `jadwal_uas`.`prodi_id`
JOIN `kelas_master` ON `kelas_master`.`id` = `jadwal_uas`.`kelas_master_id`
JOIN `tahun_akademik` ON `tahun_akademik`.`id` = `kelas_master`.`tahun_akademik_id`
JOIN `gedung` ON `gedung`.`id` = `jadwal_uas`.`gedung_id`
JOIN `matakuliah` ON `matakuliah`.`id` = `jadwal_uas`.`matakuliah_id`
WHERE `dosen`.`nip` = :dosen.nip:
AND `tahun_akademik`.`id` = :tahun_akademik.id:
ORDER BY `jadwal_kuliah`.`jenis_jadwal` DESC, `matakuliah`.`kode_mk` ASC', [...], false)
 2 APPPATH/Models/Dosen/JadwalModel.php(191): CodeIgniter\Database\BaseBuilder->get()
 3 APPPATH/Controllers/DosenDashboard.php(31): App\Models\Dosen\JadwalModel->getJadwalUAS('8dbf4515-8795-4fd2-a344-330f92925ff6')
 4 SYSTEMPATH/CodeIgniter.php(942): App\Controllers\DosenDashboard->index()
 5 SYSTEMPATH/CodeIgniter.php(502): CodeIgniter\CodeIgniter->runController(Object(App\Controllers\DosenDashboard))
 6 SYSTEMPATH/CodeIgniter.php(361): CodeIgniter\CodeIgniter->handleRequest(null, Object(Config\Cache), false)
 7 FCPATH/index.php(79): CodeIgniter\CodeIgniter->run()
 8 SYSTEMPATH/Commands/Server/rewrite.php(47): require_once('/Applications/XAMPP/xamppfiles/htdocs/pembelajaran/public/index.php')
INFO - 2024-02-29 02:46:54 --> Session: Class initialized using 'CodeIgniter\Session\Handlers\FileHandler' driver.
ERROR - 2024-02-29 09:46:54 --> mysqli_sql_exception: Unknown column 'jadwal_kuliah.jenis_jadwal' in 'order clause' in /Applications/XAMPP/xamppfiles/htdocs/pembelajaran/system/Database/MySQLi/Connection.php:306
Stack trace:
#0 /Applications/XAMPP/xamppfiles/htdocs/pembelajaran/system/Database/MySQLi/Connection.php(306): mysqli->query('SELECT `jadwal_...', 0)
#1 /Applications/XAMPP/xamppfiles/htdocs/pembelajaran/system/Database/BaseConnection.php(693): CodeIgniter\Database\MySQLi\Connection->execute('SELECT `jadwal_...')
#2 /Applications/XAMPP/xamppfiles/htdocs/pembelajaran/system/Database/BaseConnection.php(607): CodeIgniter\Database\BaseConnection->simpleQuery('SELECT `jadwal_...')
#3 /Applications/XAMPP/xamppfiles/htdocs/pembelajaran/system/Database/BaseBuilder.php(1615): CodeIgniter\Database\BaseConnection->query('SELECT `jadwal_...', Array, false)
#4 /Applications/XAMPP/xamppfiles/htdocs/pembelajaran/app/Models/Dosen/JadwalModel.php(191): CodeIgniter\Database\BaseBuilder->get()
#5 /Applications/XAMPP/xamppfiles/htdocs/pembelajaran/app/Controllers/DosenDashboard.php(31): App\Models\Dosen\JadwalModel->getJadwalUAS('8dbf4515-8795-4...')
#6 /Applications/XAMPP/xamppfiles/htdocs/pembelajaran/system/CodeIgniter.php(942): App\Controllers\DosenDashboard->index()
#7 /Applications/XAMPP/xamppfiles/htdocs/pembelajaran/system/CodeIgniter.php(502): CodeIgniter\CodeIgniter->runController(Object(App\Controllers\DosenDashboard))
#8 /Applications/XAMPP/xamppfiles/htdocs/pembelajaran/system/CodeIgniter.php(361): CodeIgniter\CodeIgniter->handleRequest(NULL, Object(Config\Cache), false)
#9 /Applications/XAMPP/xamppfiles/htdocs/pembelajaran/public/index.php(79): CodeIgniter\CodeIgniter->run()
#10 /Applications/XAMPP/xamppfiles/htdocs/pembelajaran/system/Commands/Server/rewrite.php(47): require_once('/Applications/X...')
#11 {main}
CRITICAL - 2024-02-29 09:46:54 --> Unknown column 'jadwal_kuliah.jenis_jadwal' in 'order clause'
in SYSTEMPATH/Database/BaseConnection.php on line 647.
 1 SYSTEMPATH/Database/BaseBuilder.php(1615): CodeIgniter\Database\BaseConnection->query('SELECT `jadwal_uas_dosen`.`id`, `tahun_akademik`.`nama` as `tahun_akademik_nama`, `kelas_master`.`kode_kelas` as `kelas_master_nama`, `gedung`.`nama` as `gedung_nama`, `matakuliah`.`nama_mk`, `matakuliah`.`kode_mk`, `kelas_master`.`semester`, `matakuliah`.`sks_teori`, `matakuliah`.`sks_praktik`, `jadwal_uas`.`jam_mulai`, `jadwal_uas`.`jam_selesai`, `jadwal_uas`.`id`, `kelas_master`.`tahun_akademik_id`, `jadwal_uas`.`matakuliah_id`, `jadwal_uas`.`kelas_master_id`
FROM `jadwal_uas_dosen`
JOIN `jadwal_uas` ON `jadwal_uas`.`id` = `jadwal_uas_dosen`.`jadwal_uas_id`
JOIN `dosen` ON `jadwal_uas_dosen`.`dosen_id` = `dosen`.`id`
JOIN `kelas_master` ON `kelas_master`.`id` = `jadwal_uas`.`kelas_master_id`
JOIN `tahun_akademik` ON `tahun_akademik`.`id` = `kelas_master`.`tahun_akademik_id`
JOIN `gedung` ON `gedung`.`id` = `jadwal_uas`.`gedung_id`
JOIN `matakuliah` ON `matakuliah`.`id` = `jadwal_uas`.`matakuliah_id`
WHERE `dosen`.`nip` = :dosen.nip:
AND `tahun_akademik`.`id` = :tahun_akademik.id:
ORDER BY `jadwal_kuliah`.`jenis_jadwal` DESC, `matakuliah`.`kode_mk` ASC', [...], false)
 2 APPPATH/Models/Dosen/JadwalModel.php(191): CodeIgniter\Database\BaseBuilder->get()
 3 APPPATH/Controllers/DosenDashboard.php(31): App\Models\Dosen\JadwalModel->getJadwalUAS('8dbf4515-8795-4fd2-a344-330f92925ff6')
 4 SYSTEMPATH/CodeIgniter.php(942): App\Controllers\DosenDashboard->index()
 5 SYSTEMPATH/CodeIgniter.php(502): CodeIgniter\CodeIgniter->runController(Object(App\Controllers\DosenDashboard))
 6 SYSTEMPATH/CodeIgniter.php(361): CodeIgniter\CodeIgniter->handleRequest(null, Object(Config\Cache), false)
 7 FCPATH/index.php(79): CodeIgniter\CodeIgniter->run()
 8 SYSTEMPATH/Commands/Server/rewrite.php(47): require_once('/Applications/XAMPP/xamppfiles/htdocs/pembelajaran/public/index.php')
INFO - 2024-02-29 02:47:19 --> Session: Class initialized using 'CodeIgniter\Session\Handlers\FileHandler' driver.
INFO - 2024-02-29 02:47:20 --> Session: Class initialized using 'CodeIgniter\Session\Handlers\FileHandler' driver.
INFO - 2024-02-29 02:48:38 --> Session: Class initialized using 'CodeIgniter\Session\Handlers\FileHandler' driver.
INFO - 2024-02-29 02:48:38 --> Session: Class initialized using 'CodeIgniter\Session\Handlers\FileHandler' driver.
INFO - 2024-02-29 02:49:05 --> Session: Class initialized using 'CodeIgniter\Session\Handlers\FileHandler' driver.
INFO - 2024-02-29 02:49:05 --> Session: Class initialized using 'CodeIgniter\Session\Handlers\FileHandler' driver.
INFO - 2024-02-29 02:49:05 --> Session: Class initialized using 'CodeIgniter\Session\Handlers\FileHandler' driver.
INFO - 2024-02-29 02:49:07 --> Session: Class initialized using 'CodeIgniter\Session\Handlers\FileHandler' driver.
INFO - 2024-02-29 02:49:08 --> Session: Class initialized using 'CodeIgniter\Session\Handlers\FileHandler' driver.
INFO - 2024-02-29 02:49:08 --> Session: Class initialized using 'CodeIgniter\Session\Handlers\FileHandler' driver.
INFO - 2024-02-29 02:49:09 --> Session: Class initialized using 'CodeIgniter\Session\Handlers\FileHandler' driver.
INFO - 2024-02-29 02:49:17 --> Session: Class initialized using 'CodeIgniter\Session\Handlers\FileHandler' driver.
INFO - 2024-02-29 02:49:17 --> Session: Class initialized using 'CodeIgniter\Session\Handlers\FileHandler' driver.
INFO - 2024-02-29 02:50:13 --> Session: Class initialized using 'CodeIgniter\Session\Handlers\FileHandler' driver.
INFO - 2024-02-29 02:50:13 --> Session: Class initialized using 'CodeIgniter\Session\Handlers\FileHandler' driver.
INFO - 2024-02-29 02:50:13 --> Session: Class initialized using 'CodeIgniter\Session\Handlers\FileHandler' driver.
INFO - 2024-02-29 02:50:24 --> Session: Class initialized using 'CodeIgniter\Session\Handlers\FileHandler' driver.
INFO - 2024-02-29 02:50:24 --> Session: Class initialized using 'CodeIgniter\Session\Handlers\FileHandler' driver.
INFO - 2024-02-29 02:50:26 --> Session: Class initialized using 'CodeIgniter\Session\Handlers\FileHandler' driver.
INFO - 2024-02-29 02:50:28 --> Session: Class initialized using 'CodeIgniter\Session\Handlers\FileHandler' driver.
INFO - 2024-02-29 02:50:36 --> Session: Class initialized using 'CodeIgniter\Session\Handlers\FileHandler' driver.
INFO - 2024-02-29 02:50:37 --> Session: Class initialized using 'CodeIgniter\Session\Handlers\FileHandler' driver.
INFO - 2024-02-29 02:50:41 --> Session: Class initialized using 'CodeIgniter\Session\Handlers\FileHandler' driver.
INFO - 2024-02-29 02:50:42 --> Session: Class initialized using 'CodeIgniter\Session\Handlers\FileHandler' driver.
INFO - 2024-02-29 02:52:59 --> Session: Class initialized using 'CodeIgniter\Session\Handlers\FileHandler' driver.
INFO - 2024-02-29 02:52:59 --> Session: Class initialized using 'CodeIgniter\Session\Handlers\FileHandler' driver.
INFO - 2024-02-29 02:58:56 --> Session: Class initialized using 'CodeIgniter\Session\Handlers\FileHandler' driver.
INFO - 2024-02-29 02:58:56 --> Session: Class initialized using 'CodeIgniter\Session\Handlers\FileHandler' driver.
INFO - 2024-02-29 02:59:07 --> Session: Class initialized using 'CodeIgniter\Session\Handlers\FileHandler' driver.
INFO - 2024-02-29 02:59:07 --> Session: Class initialized using 'CodeIgniter\Session\Handlers\FileHandler' driver.
INFO - 2024-02-29 02:59:16 --> Session: Class initialized using 'CodeIgniter\Session\Handlers\FileHandler' driver.
INFO - 2024-02-29 02:59:16 --> Session: Class initialized using 'CodeIgniter\Session\Handlers\FileHandler' driver.
INFO - 2024-02-29 02:59:16 --> Session: Class initialized using 'CodeIgniter\Session\Handlers\FileHandler' driver.
INFO - 2024-02-29 03:01:48 --> Session: Class initialized using 'CodeIgniter\Session\Handlers\FileHandler' driver.
INFO - 2024-02-29 03:01:49 --> Session: Class initialized using 'CodeIgniter\Session\Handlers\FileHandler' driver.
INFO - 2024-02-29 03:01:49 --> Session: Class initialized using 'CodeIgniter\Session\Handlers\FileHandler' driver.
INFO - 2024-02-29 03:01:52 --> Session: Class initialized using 'CodeIgniter\Session\Handlers\FileHandler' driver.
INFO - 2024-02-29 03:01:52 --> Session: Class initialized using 'CodeIgniter\Session\Handlers\FileHandler' driver.
INFO - 2024-02-29 03:01:53 --> Session: Class initialized using 'CodeIgniter\Session\Handlers\FileHandler' driver.
INFO - 2024-02-29 03:02:06 --> Session: Class initialized using 'CodeIgniter\Session\Handlers\FileHandler' driver.
INFO - 2024-02-29 03:02:06 --> Session: Class initialized using 'CodeIgniter\Session\Handlers\FileHandler' driver.
INFO - 2024-02-29 03:02:06 --> Session: Class initialized using 'CodeIgniter\Session\Handlers\FileHandler' driver.
INFO - 2024-02-29 03:02:08 --> Session: Class initialized using 'CodeIgniter\Session\Handlers\FileHandler' driver.
INFO - 2024-02-29 03:02:08 --> Session: Class initialized using 'CodeIgniter\Session\Handlers\FileHandler' driver.
INFO - 2024-02-29 03:02:09 --> Session: Class initialized using 'CodeIgniter\Session\Handlers\FileHandler' driver.
INFO - 2024-02-29 03:02:09 --> Session: Class initialized using 'CodeIgniter\Session\Handlers\FileHandler' driver.
INFO - 2024-02-29 03:02:10 --> Session: Class initialized using 'CodeIgniter\Session\Handlers\FileHandler' driver.
INFO - 2024-02-29 03:02:10 --> Session: Class initialized using 'CodeIgniter\Session\Handlers\FileHandler' driver.
INFO - 2024-02-29 03:02:11 --> Session: Class initialized using 'CodeIgniter\Session\Handlers\FileHandler' driver.
INFO - 2024-02-29 03:02:11 --> Session: Class initialized using 'CodeIgniter\Session\Handlers\FileHandler' driver.
INFO - 2024-02-29 03:02:11 --> Session: Class initialized using 'CodeIgniter\Session\Handlers\FileHandler' driver.
INFO - 2024-02-29 03:02:12 --> Session: Class initialized using 'CodeIgniter\Session\Handlers\FileHandler' driver.
INFO - 2024-02-29 03:03:19 --> Session: Class initialized using 'CodeIgniter\Session\Handlers\FileHandler' driver.
INFO - 2024-02-29 03:03:20 --> Session: Class initialized using 'CodeIgniter\Session\Handlers\FileHandler' driver.
INFO - 2024-02-29 03:03:21 --> Session: Class initialized using 'CodeIgniter\Session\Handlers\FileHandler' driver.
INFO - 2024-02-29 03:03:21 --> Session: Class initialized using 'CodeIgniter\Session\Handlers\FileHandler' driver.
INFO - 2024-02-29 03:03:35 --> Session: Class initialized using 'CodeIgniter\Session\Handlers\FileHandler' driver.
INFO - 2024-02-29 03:03:35 --> Session: Class initialized using 'CodeIgniter\Session\Handlers\FileHandler' driver.
INFO - 2024-02-29 03:03:35 --> Session: Class initialized using 'CodeIgniter\Session\Handlers\FileHandler' driver.
INFO - 2024-02-29 03:03:38 --> Session: Class initialized using 'CodeIgniter\Session\Handlers\FileHandler' driver.
INFO - 2024-02-29 03:03:39 --> Session: Class initialized using 'CodeIgniter\Session\Handlers\FileHandler' driver.
INFO - 2024-02-29 03:03:40 --> Session: Class initialized using 'CodeIgniter\Session\Handlers\FileHandler' driver.
INFO - 2024-02-29 03:03:40 --> Session: Class initialized using 'CodeIgniter\Session\Handlers\FileHandler' driver.
INFO - 2024-02-29 03:03:54 --> Session: Class initialized using 'CodeIgniter\Session\Handlers\FileHandler' driver.
INFO - 2024-02-29 03:03:54 --> Session: Class initialized using 'CodeIgniter\Session\Handlers\FileHandler' driver.
INFO - 2024-02-29 03:05:00 --> Session: Class initialized using 'CodeIgniter\Session\Handlers\FileHandler' driver.
INFO - 2024-02-29 03:05:01 --> Session: Class initialized using 'CodeIgniter\Session\Handlers\FileHandler' driver.
INFO - 2024-02-29 03:05:29 --> Session: Class initialized using 'CodeIgniter\Session\Handlers\FileHandler' driver.
INFO - 2024-02-29 03:05:29 --> Session: Class initialized using 'CodeIgniter\Session\Handlers\FileHandler' driver.
INFO - 2024-02-29 03:05:39 --> Session: Class initialized using 'CodeIgniter\Session\Handlers\FileHandler' driver.
INFO - 2024-02-29 03:05:40 --> Session: Class initialized using 'CodeIgniter\Session\Handlers\FileHandler' driver.
INFO - 2024-02-29 03:07:22 --> Session: Class initialized using 'CodeIgniter\Session\Handlers\FileHandler' driver.
INFO - 2024-02-29 03:07:22 --> Session: Class initialized using 'CodeIgniter\Session\Handlers\FileHandler' driver.
INFO - 2024-02-29 03:08:14 --> Session: Class initialized using 'CodeIgniter\Session\Handlers\FileHandler' driver.
INFO - 2024-02-29 03:08:14 --> Session: Class initialized using 'CodeIgniter\Session\Handlers\FileHandler' driver.
INFO - 2024-02-29 03:08:33 --> Session: Class initialized using 'CodeIgniter\Session\Handlers\FileHandler' driver.
INFO - 2024-02-29 03:08:33 --> Session: Class initialized using 'CodeIgniter\Session\Handlers\FileHandler' driver.
INFO - 2024-02-29 03:08:33 --> Session: Class initialized using 'CodeIgniter\Session\Handlers\FileHandler' driver.
INFO - 2024-02-29 03:10:46 --> Session: Class initialized using 'CodeIgniter\Session\Handlers\FileHandler' driver.
INFO - 2024-02-29 03:10:47 --> Session: Class initialized using 'CodeIgniter\Session\Handlers\FileHandler' driver.
INFO - 2024-02-29 03:10:49 --> Session: Class initialized using 'CodeIgniter\Session\Handlers\FileHandler' driver.
INFO - 2024-02-29 03:10:50 --> Session: Class initialized using 'CodeIgniter\Session\Handlers\FileHandler' driver.
INFO - 2024-02-29 03:10:50 --> Session: Class initialized using 'CodeIgniter\Session\Handlers\FileHandler' driver.
INFO - 2024-02-29 03:10:50 --> Session: Class initialized using 'CodeIgniter\Session\Handlers\FileHandler' driver.
INFO - 2024-02-29 03:10:51 --> Session: Class initialized using 'CodeIgniter\Session\Handlers\FileHandler' driver.
INFO - 2024-02-29 03:10:51 --> Session: Class initialized using 'CodeIgniter\Session\Handlers\FileHandler' driver.
INFO - 2024-02-29 03:10:52 --> Session: Class initialized using 'CodeIgniter\Session\Handlers\FileHandler' driver.
INFO - 2024-02-29 03:10:52 --> Session: Class initialized using 'CodeIgniter\Session\Handlers\FileHandler' driver.
INFO - 2024-02-29 03:11:00 --> Session: Class initialized using 'CodeIgniter\Session\Handlers\FileHandler' driver.
INFO - 2024-02-29 03:11:01 --> Session: Class initialized using 'CodeIgniter\Session\Handlers\FileHandler' driver.
INFO - 2024-02-29 08:59:36 --> Session: Class initialized using 'CodeIgniter\Session\Handlers\FileHandler' driver.
INFO - 2024-02-29 09:02:21 --> Session: Class initialized using 'CodeIgniter\Session\Handlers\FileHandler' driver.
INFO - 2024-02-29 09:03:37 --> Session: Class initialized using 'CodeIgniter\Session\Handlers\FileHandler' driver.
INFO - 2024-02-29 09:03:37 --> Session: Class initialized using 'CodeIgniter\Session\Handlers\FileHandler' driver.
INFO - 2024-02-29 09:03:42 --> Session: Class initialized using 'CodeIgniter\Session\Handlers\FileHandler' driver.
INFO - 2024-02-29 09:03:42 --> Session: Class initialized using 'CodeIgniter\Session\Handlers\FileHandler' driver.
INFO - 2024-02-29 09:03:50 --> Session: Class initialized using 'CodeIgniter\Session\Handlers\FileHandler' driver.
INFO - 2024-02-29 09:03:50 --> Session: Class initialized using 'CodeIgniter\Session\Handlers\FileHandler' driver.
INFO - 2024-02-29 09:03:55 --> Session: Class initialized using 'CodeIgniter\Session\Handlers\FileHandler' driver.
INFO - 2024-02-29 09:03:55 --> Session: Class initialized using 'CodeIgniter\Session\Handlers\FileHandler' driver.
INFO - 2024-02-29 09:03:55 --> Session: Class initialized using 'CodeIgniter\Session\Handlers\FileHandler' driver.
INFO - 2024-02-29 09:03:58 --> Session: Class initialized using 'CodeIgniter\Session\Handlers\FileHandler' driver.
INFO - 2024-02-29 09:03:58 --> Session: Class initialized using 'CodeIgniter\Session\Handlers\FileHandler' driver.
INFO - 2024-02-29 09:03:58 --> Session: Class initialized using 'CodeIgniter\Session\Handlers\FileHandler' driver.
INFO - 2024-02-29 09:04:01 --> Session: Class initialized using 'CodeIgniter\Session\Handlers\FileHandler' driver.
INFO - 2024-02-29 09:04:10 --> Session: Class initialized using 'CodeIgniter\Session\Handlers\FileHandler' driver.
INFO - 2024-02-29 09:04:15 --> Session: Class initialized using 'CodeIgniter\Session\Handlers\FileHandler' driver.
INFO - 2024-02-29 09:04:15 --> Session: Class initialized using 'CodeIgniter\Session\Handlers\FileHandler' driver.
INFO - 2024-02-29 09:04:16 --> Session: Class initialized using 'CodeIgniter\Session\Handlers\FileHandler' driver.
INFO - 2024-02-29 09:04:23 --> Session: Class initialized using 'CodeIgniter\Session\Handlers\FileHandler' driver.
INFO - 2024-02-29 09:04:24 --> Session: Class initialized using 'CodeIgniter\Session\Handlers\FileHandler' driver.
INFO - 2024-02-29 09:04:25 --> Session: Class initialized using 'CodeIgniter\Session\Handlers\FileHandler' driver.
INFO - 2024-02-29 09:04:27 --> Session: Class initialized using 'CodeIgniter\Session\Handlers\FileHandler' driver.
INFO - 2024-02-29 09:04:33 --> Session: Class initialized using 'CodeIgniter\Session\Handlers\FileHandler' driver.
INFO - 2024-02-29 09:04:36 --> Session: Class initialized using 'CodeIgniter\Session\Handlers\FileHandler' driver.
INFO - 2024-02-29 09:04:37 --> Session: Class initialized using 'CodeIgniter\Session\Handlers\FileHandler' driver.
INFO - 2024-02-29 09:04:50 --> Session: Class initialized using 'CodeIgniter\Session\Handlers\FileHandler' driver.
INFO - 2024-02-29 09:05:01 --> Session: Class initialized using 'CodeIgniter\Session\Handlers\FileHandler' driver.
INFO - 2024-02-29 09:07:00 --> Session: Class initialized using 'CodeIgniter\Session\Handlers\FileHandler' driver.
