INFO - 2024-06-23 01:47:26 --> Session: Class initialized using 'CodeIgniter\Session\Handlers\FileHandler' driver.
WARNING - 2024-06-23 01:47:27 --> [DEPRECATED] Creation of dynamic property App\Controllers\Home::$informasi is deprecated in APPPATH\Controllers\Home.php on line 14.
 1 SYSTEMPATH\CodeIgniter.php(914): App\Controllers\Home->__construct()
 2 SYSTEMPATH\CodeIgniter.php(493): CodeIgniter\CodeIgniter->createController()
 3 SYSTEMPATH\CodeIgniter.php(361): CodeIgniter\CodeIgniter->handleRequest(null, Object(Config\Cache), false)
 4 FCPATH\index.php(79): CodeIgniter\CodeIgniter->run()
 5 SYSTEMPATH\Commands\Server\rewrite.php(47): require_once('C:\\xampp\\htdocs\\siakad-sd\\public\\index.php')
INFO - 2024-06-23 01:47:32 --> Session: Class initialized using 'CodeIgniter\Session\Handlers\FileHandler' driver.
INFO - 2024-06-23 01:47:36 --> Session: Class initialized using 'CodeIgniter\Session\Handlers\FileHandler' driver.
INFO - 2024-06-23 01:47:36 --> Session: Class initialized using 'CodeIgniter\Session\Handlers\FileHandler' driver.
WARNING - 2024-06-23 01:47:36 --> [DEPRECATED] Creation of dynamic property App\Controllers\AdminDashboard::$db is deprecated in APPPATH\Controllers\AdminDashboard.php on line 19.
 1 SYSTEMPATH\CodeIgniter.php(914): App\Controllers\AdminDashboard->__construct()
 2 SYSTEMPATH\CodeIgniter.php(493): CodeIgniter\CodeIgniter->createController()
 3 SYSTEMPATH\CodeIgniter.php(361): CodeIgniter\CodeIgniter->handleRequest(null, Object(Config\Cache), false)
 4 FCPATH\index.php(79): CodeIgniter\CodeIgniter->run()
 5 SYSTEMPATH\Commands\Server\rewrite.php(47): require_once('C:\\xampp\\htdocs\\siakad-sd\\public\\index.php')
INFO - 2024-06-23 01:47:41 --> Session: Class initialized using 'CodeIgniter\Session\Handlers\FileHandler' driver.
WARNING - 2024-06-23 01:47:41 --> [DEPRECATED] Creation of dynamic property App\Controllers\AdminKelas::$kelas is deprecated in APPPATH\Controllers\AdminKelas.php on line 16.
 1 SYSTEMPATH\CodeIgniter.php(914): App\Controllers\AdminKelas->__construct()
 2 SYSTEMPATH\CodeIgniter.php(493): CodeIgniter\CodeIgniter->createController()
 3 SYSTEMPATH\CodeIgniter.php(361): CodeIgniter\CodeIgniter->handleRequest(null, Object(Config\Cache), false)
 4 FCPATH\index.php(79): CodeIgniter\CodeIgniter->run()
 5 SYSTEMPATH\Commands\Server\rewrite.php(47): require_once('C:\\xampp\\htdocs\\siakad-sd\\public\\index.php')
WARNING - 2024-06-23 01:47:41 --> [DEPRECATED] Creation of dynamic property App\Controllers\AdminKelas::$db is deprecated in APPPATH\Controllers\AdminKelas.php on line 17.
 1 SYSTEMPATH\CodeIgniter.php(914): App\Controllers\AdminKelas->__construct()
 2 SYSTEMPATH\CodeIgniter.php(493): CodeIgniter\CodeIgniter->createController()
 3 SYSTEMPATH\CodeIgniter.php(361): CodeIgniter\CodeIgniter->handleRequest(null, Object(Config\Cache), false)
 4 FCPATH\index.php(79): CodeIgniter\CodeIgniter->run()
 5 SYSTEMPATH\Commands\Server\rewrite.php(47): require_once('C:\\xampp\\htdocs\\siakad-sd\\public\\index.php')
INFO - 2024-06-23 01:47:49 --> Session: Class initialized using 'CodeIgniter\Session\Handlers\FileHandler' driver.
INFO - 2024-06-23 01:47:50 --> Session: Class initialized using 'CodeIgniter\Session\Handlers\FileHandler' driver.
INFO - 2024-06-23 01:48:14 --> Session: Class initialized using 'CodeIgniter\Session\Handlers\FileHandler' driver.
WARNING - 2024-06-23 01:48:15 --> [DEPRECATED] Creation of dynamic property App\Controllers\Home::$informasi is deprecated in APPPATH\Controllers\Home.php on line 14.
 1 SYSTEMPATH\CodeIgniter.php(914): App\Controllers\Home->__construct()
 2 SYSTEMPATH\CodeIgniter.php(493): CodeIgniter\CodeIgniter->createController()
 3 SYSTEMPATH\CodeIgniter.php(361): CodeIgniter\CodeIgniter->handleRequest(null, Object(Config\Cache), false)
 4 FCPATH\index.php(79): CodeIgniter\CodeIgniter->run()
 5 SYSTEMPATH\Commands\Server\rewrite.php(47): require_once('C:\\xampp\\htdocs\\siakad-sd\\public\\index.php')
INFO - 2024-06-23 01:48:17 --> Session: Class initialized using 'CodeIgniter\Session\Handlers\FileHandler' driver.
INFO - 2024-06-23 01:48:20 --> Session: Class initialized using 'CodeIgniter\Session\Handlers\FileHandler' driver.
WARNING - 2024-06-23 01:48:20 --> [DEPRECATED] Creation of dynamic property App\Controllers\Home::$informasi is deprecated in APPPATH\Controllers\Home.php on line 14.
 1 SYSTEMPATH\CodeIgniter.php(914): App\Controllers\Home->__construct()
 2 SYSTEMPATH\CodeIgniter.php(493): CodeIgniter\CodeIgniter->createController()
 3 SYSTEMPATH\CodeIgniter.php(361): CodeIgniter\CodeIgniter->handleRequest(null, Object(Config\Cache), false)
 4 FCPATH\index.php(79): CodeIgniter\CodeIgniter->run()
 5 SYSTEMPATH\Commands\Server\rewrite.php(47): require_once('C:\\xampp\\htdocs\\siakad-sd\\public\\index.php')
INFO - 2024-06-23 01:48:24 --> Session: Class initialized using 'CodeIgniter\Session\Handlers\FileHandler' driver.
INFO - 2024-06-23 01:48:52 --> Session: Class initialized using 'CodeIgniter\Session\Handlers\FileHandler' driver.
WARNING - 2024-06-23 01:48:52 --> [DEPRECATED] Creation of dynamic property App\Controllers\Home::$informasi is deprecated in APPPATH\Controllers\Home.php on line 14.
 1 SYSTEMPATH\CodeIgniter.php(914): App\Controllers\Home->__construct()
 2 SYSTEMPATH\CodeIgniter.php(493): CodeIgniter\CodeIgniter->createController()
 3 SYSTEMPATH\CodeIgniter.php(361): CodeIgniter\CodeIgniter->handleRequest(null, Object(Config\Cache), false)
 4 FCPATH\index.php(79): CodeIgniter\CodeIgniter->run()
 5 SYSTEMPATH\Commands\Server\rewrite.php(47): require_once('C:\\xampp\\htdocs\\siakad-sd\\public\\index.php')
INFO - 2024-06-23 01:48:57 --> Session: Class initialized using 'CodeIgniter\Session\Handlers\FileHandler' driver.
INFO - 2024-06-23 01:49:03 --> Session: Class initialized using 'CodeIgniter\Session\Handlers\FileHandler' driver.
WARNING - 2024-06-23 01:49:03 --> [DEPRECATED] Creation of dynamic property App\Controllers\Home::$informasi is deprecated in APPPATH\Controllers\Home.php on line 14.
 1 SYSTEMPATH\CodeIgniter.php(914): App\Controllers\Home->__construct()
 2 SYSTEMPATH\CodeIgniter.php(493): CodeIgniter\CodeIgniter->createController()
 3 SYSTEMPATH\CodeIgniter.php(361): CodeIgniter\CodeIgniter->handleRequest(null, Object(Config\Cache), false)
 4 FCPATH\index.php(79): CodeIgniter\CodeIgniter->run()
 5 SYSTEMPATH\Commands\Server\rewrite.php(47): require_once('C:\\xampp\\htdocs\\siakad-sd\\public\\index.php')
WARNING - 2024-06-23 01:50:10 --> [DEPRECATED] Creation of dynamic property App\Controllers\Home::$informasi is deprecated in APPPATH\Controllers\Home.php on line 14.
 1 SYSTEMPATH\CodeIgniter.php(914): App\Controllers\Home->__construct()
 2 SYSTEMPATH\CodeIgniter.php(493): CodeIgniter\CodeIgniter->createController()
 3 SYSTEMPATH\CodeIgniter.php(361): CodeIgniter\CodeIgniter->handleRequest(null, Object(Config\Cache), false)
 4 FCPATH\index.php(79): CodeIgniter\CodeIgniter->run()
 5 SYSTEMPATH\Commands\Server\rewrite.php(47): require_once('C:\\xampp\\htdocs\\siakad-sd\\public\\index.php')
INFO - 2024-06-23 01:50:12 --> Session: Class initialized using 'CodeIgniter\Session\Handlers\FileHandler' driver.
INFO - 2024-06-23 01:50:21 --> Session: Class initialized using 'CodeIgniter\Session\Handlers\FileHandler' driver.
WARNING - 2024-06-23 01:50:21 --> [DEPRECATED] Creation of dynamic property App\Controllers\Home::$informasi is deprecated in APPPATH\Controllers\Home.php on line 14.
 1 SYSTEMPATH\CodeIgniter.php(914): App\Controllers\Home->__construct()
 2 SYSTEMPATH\CodeIgniter.php(493): CodeIgniter\CodeIgniter->createController()
 3 SYSTEMPATH\CodeIgniter.php(361): CodeIgniter\CodeIgniter->handleRequest(null, Object(Config\Cache), false)
 4 FCPATH\index.php(79): CodeIgniter\CodeIgniter->run()
 5 SYSTEMPATH\Commands\Server\rewrite.php(47): require_once('C:\\xampp\\htdocs\\siakad-sd\\public\\index.php')
INFO - 2024-06-23 01:50:40 --> Session: Class initialized using 'CodeIgniter\Session\Handlers\FileHandler' driver.
INFO - 2024-06-23 01:50:44 --> Session: Class initialized using 'CodeIgniter\Session\Handlers\FileHandler' driver.
INFO - 2024-06-23 01:50:44 --> Session: Class initialized using 'CodeIgniter\Session\Handlers\FileHandler' driver.
WARNING - 2024-06-23 01:50:44 --> [DEPRECATED] Creation of dynamic property App\Controllers\GuruDashboard::$db is deprecated in APPPATH\Controllers\GuruDashboard.php on line 21.
 1 SYSTEMPATH\CodeIgniter.php(914): App\Controllers\GuruDashboard->__construct()
 2 SYSTEMPATH\CodeIgniter.php(493): CodeIgniter\CodeIgniter->createController()
 3 SYSTEMPATH\CodeIgniter.php(361): CodeIgniter\CodeIgniter->handleRequest(null, Object(Config\Cache), false)
 4 FCPATH\index.php(79): CodeIgniter\CodeIgniter->run()
 5 SYSTEMPATH\Commands\Server\rewrite.php(47): require_once('C:\\xampp\\htdocs\\siakad-sd\\public\\index.php')
INFO - 2024-06-23 01:50:48 --> Session: Class initialized using 'CodeIgniter\Session\Handlers\FileHandler' driver.
WARNING - 2024-06-23 01:50:48 --> [DEPRECATED] Creation of dynamic property App\Controllers\GuruUser::$user is deprecated in APPPATH\Controllers\GuruUser.php on line 20.
 1 SYSTEMPATH\CodeIgniter.php(914): App\Controllers\GuruUser->__construct()
 2 SYSTEMPATH\CodeIgniter.php(493): CodeIgniter\CodeIgniter->createController()
 3 SYSTEMPATH\CodeIgniter.php(361): CodeIgniter\CodeIgniter->handleRequest(null, Object(Config\Cache), false)
 4 FCPATH\index.php(79): CodeIgniter\CodeIgniter->run()
 5 SYSTEMPATH\Commands\Server\rewrite.php(47): require_once('C:\\xampp\\htdocs\\siakad-sd\\public\\index.php')
WARNING - 2024-06-23 01:50:48 --> [DEPRECATED] Creation of dynamic property App\Controllers\GuruUser::$session is deprecated in APPPATH\Controllers\GuruUser.php on line 21.
 1 SYSTEMPATH\CodeIgniter.php(914): App\Controllers\GuruUser->__construct()
 2 SYSTEMPATH\CodeIgniter.php(493): CodeIgniter\CodeIgniter->createController()
 3 SYSTEMPATH\CodeIgniter.php(361): CodeIgniter\CodeIgniter->handleRequest(null, Object(Config\Cache), false)
 4 FCPATH\index.php(79): CodeIgniter\CodeIgniter->run()
 5 SYSTEMPATH\Commands\Server\rewrite.php(47): require_once('C:\\xampp\\htdocs\\siakad-sd\\public\\index.php')
WARNING - 2024-06-23 01:50:48 --> [DEPRECATED] Creation of dynamic property App\Controllers\GuruUser::$validation is deprecated in APPPATH\Controllers\GuruUser.php on line 22.
 1 SYSTEMPATH\CodeIgniter.php(914): App\Controllers\GuruUser->__construct()
 2 SYSTEMPATH\CodeIgniter.php(493): CodeIgniter\CodeIgniter->createController()
 3 SYSTEMPATH\CodeIgniter.php(361): CodeIgniter\CodeIgniter->handleRequest(null, Object(Config\Cache), false)
 4 FCPATH\index.php(79): CodeIgniter\CodeIgniter->run()
 5 SYSTEMPATH\Commands\Server\rewrite.php(47): require_once('C:\\xampp\\htdocs\\siakad-sd\\public\\index.php')
WARNING - 2024-06-23 01:50:48 --> [DEPRECATED] Creation of dynamic property App\Controllers\GuruUser::$db is deprecated in APPPATH\Controllers\GuruUser.php on line 23.
 1 SYSTEMPATH\CodeIgniter.php(914): App\Controllers\GuruUser->__construct()
 2 SYSTEMPATH\CodeIgniter.php(493): CodeIgniter\CodeIgniter->createController()
 3 SYSTEMPATH\CodeIgniter.php(361): CodeIgniter\CodeIgniter->handleRequest(null, Object(Config\Cache), false)
 4 FCPATH\index.php(79): CodeIgniter\CodeIgniter->run()
 5 SYSTEMPATH\Commands\Server\rewrite.php(47): require_once('C:\\xampp\\htdocs\\siakad-sd\\public\\index.php')
INFO - 2024-06-23 01:50:57 --> Session: Class initialized using 'CodeIgniter\Session\Handlers\FileHandler' driver.
WARNING - 2024-06-23 01:50:57 --> [DEPRECATED] Creation of dynamic property App\Controllers\GuruDashboard::$db is deprecated in APPPATH\Controllers\GuruDashboard.php on line 21.
 1 SYSTEMPATH\CodeIgniter.php(914): App\Controllers\GuruDashboard->__construct()
 2 SYSTEMPATH\CodeIgniter.php(493): CodeIgniter\CodeIgniter->createController()
 3 SYSTEMPATH\CodeIgniter.php(361): CodeIgniter\CodeIgniter->handleRequest(null, Object(Config\Cache), false)
 4 FCPATH\index.php(79): CodeIgniter\CodeIgniter->run()
 5 SYSTEMPATH\Commands\Server\rewrite.php(47): require_once('C:\\xampp\\htdocs\\siakad-sd\\public\\index.php')
INFO - 2024-06-23 01:50:59 --> Session: Class initialized using 'CodeIgniter\Session\Handlers\FileHandler' driver.
WARNING - 2024-06-23 01:50:59 --> [DEPRECATED] Creation of dynamic property App\Controllers\GuruUser::$user is deprecated in APPPATH\Controllers\GuruUser.php on line 20.
 1 SYSTEMPATH\CodeIgniter.php(914): App\Controllers\GuruUser->__construct()
 2 SYSTEMPATH\CodeIgniter.php(493): CodeIgniter\CodeIgniter->createController()
 3 SYSTEMPATH\CodeIgniter.php(361): CodeIgniter\CodeIgniter->handleRequest(null, Object(Config\Cache), false)
 4 FCPATH\index.php(79): CodeIgniter\CodeIgniter->run()
 5 SYSTEMPATH\Commands\Server\rewrite.php(47): require_once('C:\\xampp\\htdocs\\siakad-sd\\public\\index.php')
WARNING - 2024-06-23 01:50:59 --> [DEPRECATED] Creation of dynamic property App\Controllers\GuruUser::$session is deprecated in APPPATH\Controllers\GuruUser.php on line 21.
 1 SYSTEMPATH\CodeIgniter.php(914): App\Controllers\GuruUser->__construct()
 2 SYSTEMPATH\CodeIgniter.php(493): CodeIgniter\CodeIgniter->createController()
 3 SYSTEMPATH\CodeIgniter.php(361): CodeIgniter\CodeIgniter->handleRequest(null, Object(Config\Cache), false)
 4 FCPATH\index.php(79): CodeIgniter\CodeIgniter->run()
 5 SYSTEMPATH\Commands\Server\rewrite.php(47): require_once('C:\\xampp\\htdocs\\siakad-sd\\public\\index.php')
WARNING - 2024-06-23 01:50:59 --> [DEPRECATED] Creation of dynamic property App\Controllers\GuruUser::$validation is deprecated in APPPATH\Controllers\GuruUser.php on line 22.
 1 SYSTEMPATH\CodeIgniter.php(914): App\Controllers\GuruUser->__construct()
 2 SYSTEMPATH\CodeIgniter.php(493): CodeIgniter\CodeIgniter->createController()
 3 SYSTEMPATH\CodeIgniter.php(361): CodeIgniter\CodeIgniter->handleRequest(null, Object(Config\Cache), false)
 4 FCPATH\index.php(79): CodeIgniter\CodeIgniter->run()
 5 SYSTEMPATH\Commands\Server\rewrite.php(47): require_once('C:\\xampp\\htdocs\\siakad-sd\\public\\index.php')
WARNING - 2024-06-23 01:50:59 --> [DEPRECATED] Creation of dynamic property App\Controllers\GuruUser::$db is deprecated in APPPATH\Controllers\GuruUser.php on line 23.
 1 SYSTEMPATH\CodeIgniter.php(914): App\Controllers\GuruUser->__construct()
 2 SYSTEMPATH\CodeIgniter.php(493): CodeIgniter\CodeIgniter->createController()
 3 SYSTEMPATH\CodeIgniter.php(361): CodeIgniter\CodeIgniter->handleRequest(null, Object(Config\Cache), false)
 4 FCPATH\index.php(79): CodeIgniter\CodeIgniter->run()
 5 SYSTEMPATH\Commands\Server\rewrite.php(47): require_once('C:\\xampp\\htdocs\\siakad-sd\\public\\index.php')
INFO - 2024-06-23 01:51:00 --> Session: Class initialized using 'CodeIgniter\Session\Handlers\FileHandler' driver.
WARNING - 2024-06-23 01:51:00 --> [DEPRECATED] Creation of dynamic property App\Controllers\GuruJadwal::$jadwal is deprecated in APPPATH\Controllers\GuruJadwal.php on line 17.
 1 SYSTEMPATH\CodeIgniter.php(914): App\Controllers\GuruJadwal->__construct()
 2 SYSTEMPATH\CodeIgniter.php(493): CodeIgniter\CodeIgniter->createController()
 3 SYSTEMPATH\CodeIgniter.php(361): CodeIgniter\CodeIgniter->handleRequest(null, Object(Config\Cache), false)
 4 FCPATH\index.php(79): CodeIgniter\CodeIgniter->run()
 5 SYSTEMPATH\Commands\Server\rewrite.php(47): require_once('C:\\xampp\\htdocs\\siakad-sd\\public\\index.php')
WARNING - 2024-06-23 01:51:00 --> [DEPRECATED] Creation of dynamic property App\Controllers\GuruJadwal::$db is deprecated in APPPATH\Controllers\GuruJadwal.php on line 18.
 1 SYSTEMPATH\CodeIgniter.php(914): App\Controllers\GuruJadwal->__construct()
 2 SYSTEMPATH\CodeIgniter.php(493): CodeIgniter\CodeIgniter->createController()
 3 SYSTEMPATH\CodeIgniter.php(361): CodeIgniter\CodeIgniter->handleRequest(null, Object(Config\Cache), false)
 4 FCPATH\index.php(79): CodeIgniter\CodeIgniter->run()
 5 SYSTEMPATH\Commands\Server\rewrite.php(47): require_once('C:\\xampp\\htdocs\\siakad-sd\\public\\index.php')
INFO - 2024-06-23 01:51:05 --> Session: Class initialized using 'CodeIgniter\Session\Handlers\FileHandler' driver.
WARNING - 2024-06-23 01:51:05 --> [DEPRECATED] Creation of dynamic property App\Controllers\GuruUser::$user is deprecated in APPPATH\Controllers\GuruUser.php on line 20.
 1 SYSTEMPATH\CodeIgniter.php(914): App\Controllers\GuruUser->__construct()
 2 SYSTEMPATH\CodeIgniter.php(493): CodeIgniter\CodeIgniter->createController()
 3 SYSTEMPATH\CodeIgniter.php(361): CodeIgniter\CodeIgniter->handleRequest(null, Object(Config\Cache), false)
 4 FCPATH\index.php(79): CodeIgniter\CodeIgniter->run()
 5 SYSTEMPATH\Commands\Server\rewrite.php(47): require_once('C:\\xampp\\htdocs\\siakad-sd\\public\\index.php')
WARNING - 2024-06-23 01:51:05 --> [DEPRECATED] Creation of dynamic property App\Controllers\GuruUser::$session is deprecated in APPPATH\Controllers\GuruUser.php on line 21.
 1 SYSTEMPATH\CodeIgniter.php(914): App\Controllers\GuruUser->__construct()
 2 SYSTEMPATH\CodeIgniter.php(493): CodeIgniter\CodeIgniter->createController()
 3 SYSTEMPATH\CodeIgniter.php(361): CodeIgniter\CodeIgniter->handleRequest(null, Object(Config\Cache), false)
 4 FCPATH\index.php(79): CodeIgniter\CodeIgniter->run()
 5 SYSTEMPATH\Commands\Server\rewrite.php(47): require_once('C:\\xampp\\htdocs\\siakad-sd\\public\\index.php')
WARNING - 2024-06-23 01:51:05 --> [DEPRECATED] Creation of dynamic property App\Controllers\GuruUser::$validation is deprecated in APPPATH\Controllers\GuruUser.php on line 22.
 1 SYSTEMPATH\CodeIgniter.php(914): App\Controllers\GuruUser->__construct()
 2 SYSTEMPATH\CodeIgniter.php(493): CodeIgniter\CodeIgniter->createController()
 3 SYSTEMPATH\CodeIgniter.php(361): CodeIgniter\CodeIgniter->handleRequest(null, Object(Config\Cache), false)
 4 FCPATH\index.php(79): CodeIgniter\CodeIgniter->run()
 5 SYSTEMPATH\Commands\Server\rewrite.php(47): require_once('C:\\xampp\\htdocs\\siakad-sd\\public\\index.php')
WARNING - 2024-06-23 01:51:05 --> [DEPRECATED] Creation of dynamic property App\Controllers\GuruUser::$db is deprecated in APPPATH\Controllers\GuruUser.php on line 23.
 1 SYSTEMPATH\CodeIgniter.php(914): App\Controllers\GuruUser->__construct()
 2 SYSTEMPATH\CodeIgniter.php(493): CodeIgniter\CodeIgniter->createController()
 3 SYSTEMPATH\CodeIgniter.php(361): CodeIgniter\CodeIgniter->handleRequest(null, Object(Config\Cache), false)
 4 FCPATH\index.php(79): CodeIgniter\CodeIgniter->run()
 5 SYSTEMPATH\Commands\Server\rewrite.php(47): require_once('C:\\xampp\\htdocs\\siakad-sd\\public\\index.php')
INFO - 2024-06-23 01:51:11 --> Session: Class initialized using 'CodeIgniter\Session\Handlers\FileHandler' driver.
INFO - 2024-06-23 01:51:11 --> Session: Class initialized using 'CodeIgniter\Session\Handlers\FileHandler' driver.
INFO - 2024-06-23 01:52:09 --> Session: Class initialized using 'CodeIgniter\Session\Handlers\FileHandler' driver.
INFO - 2024-06-23 01:52:13 --> Session: Class initialized using 'CodeIgniter\Session\Handlers\FileHandler' driver.
INFO - 2024-06-23 01:52:13 --> Session: Class initialized using 'CodeIgniter\Session\Handlers\FileHandler' driver.
WARNING - 2024-06-23 01:52:13 --> [DEPRECATED] Creation of dynamic property App\Controllers\GuruDashboard::$db is deprecated in APPPATH\Controllers\GuruDashboard.php on line 21.
 1 SYSTEMPATH\CodeIgniter.php(914): App\Controllers\GuruDashboard->__construct()
 2 SYSTEMPATH\CodeIgniter.php(493): CodeIgniter\CodeIgniter->createController()
 3 SYSTEMPATH\CodeIgniter.php(361): CodeIgniter\CodeIgniter->handleRequest(null, Object(Config\Cache), false)
 4 FCPATH\index.php(79): CodeIgniter\CodeIgniter->run()
 5 SYSTEMPATH\Commands\Server\rewrite.php(47): require_once('C:\\xampp\\htdocs\\siakad-sd\\public\\index.php')
INFO - 2024-06-23 01:52:15 --> Session: Class initialized using 'CodeIgniter\Session\Handlers\FileHandler' driver.
WARNING - 2024-06-23 01:52:15 --> [DEPRECATED] Creation of dynamic property App\Controllers\GuruUser::$user is deprecated in APPPATH\Controllers\GuruUser.php on line 20.
 1 SYSTEMPATH\CodeIgniter.php(914): App\Controllers\GuruUser->__construct()
 2 SYSTEMPATH\CodeIgniter.php(493): CodeIgniter\CodeIgniter->createController()
 3 SYSTEMPATH\CodeIgniter.php(361): CodeIgniter\CodeIgniter->handleRequest(null, Object(Config\Cache), false)
 4 FCPATH\index.php(79): CodeIgniter\CodeIgniter->run()
 5 SYSTEMPATH\Commands\Server\rewrite.php(47): require_once('C:\\xampp\\htdocs\\siakad-sd\\public\\index.php')
WARNING - 2024-06-23 01:52:15 --> [DEPRECATED] Creation of dynamic property App\Controllers\GuruUser::$session is deprecated in APPPATH\Controllers\GuruUser.php on line 21.
 1 SYSTEMPATH\CodeIgniter.php(914): App\Controllers\GuruUser->__construct()
 2 SYSTEMPATH\CodeIgniter.php(493): CodeIgniter\CodeIgniter->createController()
 3 SYSTEMPATH\CodeIgniter.php(361): CodeIgniter\CodeIgniter->handleRequest(null, Object(Config\Cache), false)
 4 FCPATH\index.php(79): CodeIgniter\CodeIgniter->run()
 5 SYSTEMPATH\Commands\Server\rewrite.php(47): require_once('C:\\xampp\\htdocs\\siakad-sd\\public\\index.php')
WARNING - 2024-06-23 01:52:15 --> [DEPRECATED] Creation of dynamic property App\Controllers\GuruUser::$validation is deprecated in APPPATH\Controllers\GuruUser.php on line 22.
 1 SYSTEMPATH\CodeIgniter.php(914): App\Controllers\GuruUser->__construct()
 2 SYSTEMPATH\CodeIgniter.php(493): CodeIgniter\CodeIgniter->createController()
 3 SYSTEMPATH\CodeIgniter.php(361): CodeIgniter\CodeIgniter->handleRequest(null, Object(Config\Cache), false)
 4 FCPATH\index.php(79): CodeIgniter\CodeIgniter->run()
 5 SYSTEMPATH\Commands\Server\rewrite.php(47): require_once('C:\\xampp\\htdocs\\siakad-sd\\public\\index.php')
WARNING - 2024-06-23 01:52:15 --> [DEPRECATED] Creation of dynamic property App\Controllers\GuruUser::$db is deprecated in APPPATH\Controllers\GuruUser.php on line 23.
 1 SYSTEMPATH\CodeIgniter.php(914): App\Controllers\GuruUser->__construct()
 2 SYSTEMPATH\CodeIgniter.php(493): CodeIgniter\CodeIgniter->createController()
 3 SYSTEMPATH\CodeIgniter.php(361): CodeIgniter\CodeIgniter->handleRequest(null, Object(Config\Cache), false)
 4 FCPATH\index.php(79): CodeIgniter\CodeIgniter->run()
 5 SYSTEMPATH\Commands\Server\rewrite.php(47): require_once('C:\\xampp\\htdocs\\siakad-sd\\public\\index.php')
INFO - 2024-06-23 01:53:24 --> Session: Class initialized using 'CodeIgniter\Session\Handlers\FileHandler' driver.
WARNING - 2024-06-23 01:53:24 --> [DEPRECATED] Creation of dynamic property App\Controllers\GuruUser::$user is deprecated in APPPATH\Controllers\GuruUser.php on line 20.
 1 SYSTEMPATH\CodeIgniter.php(914): App\Controllers\GuruUser->__construct()
 2 SYSTEMPATH\CodeIgniter.php(493): CodeIgniter\CodeIgniter->createController()
 3 SYSTEMPATH\CodeIgniter.php(361): CodeIgniter\CodeIgniter->handleRequest(null, Object(Config\Cache), false)
 4 FCPATH\index.php(79): CodeIgniter\CodeIgniter->run()
 5 SYSTEMPATH\Commands\Server\rewrite.php(47): require_once('C:\\xampp\\htdocs\\siakad-sd\\public\\index.php')
WARNING - 2024-06-23 01:53:24 --> [DEPRECATED] Creation of dynamic property App\Controllers\GuruUser::$session is deprecated in APPPATH\Controllers\GuruUser.php on line 21.
 1 SYSTEMPATH\CodeIgniter.php(914): App\Controllers\GuruUser->__construct()
 2 SYSTEMPATH\CodeIgniter.php(493): CodeIgniter\CodeIgniter->createController()
 3 SYSTEMPATH\CodeIgniter.php(361): CodeIgniter\CodeIgniter->handleRequest(null, Object(Config\Cache), false)
 4 FCPATH\index.php(79): CodeIgniter\CodeIgniter->run()
 5 SYSTEMPATH\Commands\Server\rewrite.php(47): require_once('C:\\xampp\\htdocs\\siakad-sd\\public\\index.php')
WARNING - 2024-06-23 01:53:24 --> [DEPRECATED] Creation of dynamic property App\Controllers\GuruUser::$validation is deprecated in APPPATH\Controllers\GuruUser.php on line 22.
 1 SYSTEMPATH\CodeIgniter.php(914): App\Controllers\GuruUser->__construct()
 2 SYSTEMPATH\CodeIgniter.php(493): CodeIgniter\CodeIgniter->createController()
 3 SYSTEMPATH\CodeIgniter.php(361): CodeIgniter\CodeIgniter->handleRequest(null, Object(Config\Cache), false)
 4 FCPATH\index.php(79): CodeIgniter\CodeIgniter->run()
 5 SYSTEMPATH\Commands\Server\rewrite.php(47): require_once('C:\\xampp\\htdocs\\siakad-sd\\public\\index.php')
WARNING - 2024-06-23 01:53:24 --> [DEPRECATED] Creation of dynamic property App\Controllers\GuruUser::$db is deprecated in APPPATH\Controllers\GuruUser.php on line 23.
 1 SYSTEMPATH\CodeIgniter.php(914): App\Controllers\GuruUser->__construct()
 2 SYSTEMPATH\CodeIgniter.php(493): CodeIgniter\CodeIgniter->createController()
 3 SYSTEMPATH\CodeIgniter.php(361): CodeIgniter\CodeIgniter->handleRequest(null, Object(Config\Cache), false)
 4 FCPATH\index.php(79): CodeIgniter\CodeIgniter->run()
 5 SYSTEMPATH\Commands\Server\rewrite.php(47): require_once('C:\\xampp\\htdocs\\siakad-sd\\public\\index.php')
INFO - 2024-06-23 01:53:28 --> Session: Class initialized using 'CodeIgniter\Session\Handlers\FileHandler' driver.
WARNING - 2024-06-23 01:53:28 --> [DEPRECATED] Creation of dynamic property App\Controllers\GuruDashboard::$db is deprecated in APPPATH\Controllers\GuruDashboard.php on line 21.
 1 SYSTEMPATH\CodeIgniter.php(914): App\Controllers\GuruDashboard->__construct()
 2 SYSTEMPATH\CodeIgniter.php(493): CodeIgniter\CodeIgniter->createController()
 3 SYSTEMPATH\CodeIgniter.php(361): CodeIgniter\CodeIgniter->handleRequest(null, Object(Config\Cache), false)
 4 FCPATH\index.php(79): CodeIgniter\CodeIgniter->run()
 5 SYSTEMPATH\Commands\Server\rewrite.php(47): require_once('C:\\xampp\\htdocs\\siakad-sd\\public\\index.php')
INFO - 2024-06-23 01:53:33 --> Session: Class initialized using 'CodeIgniter\Session\Handlers\FileHandler' driver.
INFO - 2024-06-23 01:53:33 --> Session: Class initialized using 'CodeIgniter\Session\Handlers\FileHandler' driver.
INFO - 2024-06-23 01:53:50 --> Session: Class initialized using 'CodeIgniter\Session\Handlers\FileHandler' driver.
INFO - 2024-06-23 01:53:50 --> Session: Class initialized using 'CodeIgniter\Session\Handlers\FileHandler' driver.
WARNING - 2024-06-23 01:53:50 --> [DEPRECATED] Creation of dynamic property App\Controllers\GuruDashboard::$db is deprecated in APPPATH\Controllers\GuruDashboard.php on line 21.
 1 SYSTEMPATH\CodeIgniter.php(914): App\Controllers\GuruDashboard->__construct()
 2 SYSTEMPATH\CodeIgniter.php(493): CodeIgniter\CodeIgniter->createController()
 3 SYSTEMPATH\CodeIgniter.php(361): CodeIgniter\CodeIgniter->handleRequest(null, Object(Config\Cache), false)
 4 FCPATH\index.php(79): CodeIgniter\CodeIgniter->run()
 5 SYSTEMPATH\Commands\Server\rewrite.php(47): require_once('C:\\xampp\\htdocs\\siakad-sd\\public\\index.php')
INFO - 2024-06-23 01:54:57 --> Session: Class initialized using 'CodeIgniter\Session\Handlers\FileHandler' driver.
WARNING - 2024-06-23 01:54:57 --> [DEPRECATED] Creation of dynamic property App\Controllers\GuruDashboard::$db is deprecated in APPPATH\Controllers\GuruDashboard.php on line 21.
 1 SYSTEMPATH\CodeIgniter.php(914): App\Controllers\GuruDashboard->__construct()
 2 SYSTEMPATH\CodeIgniter.php(493): CodeIgniter\CodeIgniter->createController()
 3 SYSTEMPATH\CodeIgniter.php(361): CodeIgniter\CodeIgniter->handleRequest(null, Object(Config\Cache), false)
 4 FCPATH\index.php(79): CodeIgniter\CodeIgniter->run()
 5 SYSTEMPATH\Commands\Server\rewrite.php(47): require_once('C:\\xampp\\htdocs\\siakad-sd\\public\\index.php')
