INFO - 2024-07-12 00:00:13 --> Session: Class initialized using 'CodeIgniter\Session\Handlers\FileHandler' driver.
CRITICAL - 2024-07-12 00:00:13 --> Invalid file: "layout/sidebar.php"
in SYSTEMPATH\Exceptions\FrameworkException.php on line 39.
 1 SYSTEMPATH\View\View.php(216): CodeIgniter\Exceptions\FrameworkException::forInvalidFile('layout/sidebar.php')
 2 SYSTEMPATH\View\View.php(244): CodeIgniter\View\View->render('layout/sidebar', [], true)
 3 SYSTEMPATH\Common.php(1190): CodeIgniter\View\View->render('konten/admin/peserta/edit', [], true)
 4 APPPATH\Controllers\AdminMaster.php(490): view('konten/admin/peserta/edit', [...])
 5 SYSTEMPATH\CodeIgniter.php(942): App\Controllers\AdminMaster->editPeserta('7')
 6 SYSTEMPATH\CodeIgniter.php(502): CodeIgniter\CodeIgniter->runController(Object(App\Controllers\AdminMaster))
 7 SYSTEMPATH\CodeIgniter.php(361): CodeIgniter\CodeIgniter->handleRequest(null, Object(Config\Cache), false)
 8 FCPATH\index.php(79): CodeIgniter\CodeIgniter->run()
 9 SYSTEMPATH\Commands\Server\rewrite.php(47): require_once('C:\\xampp\\htdocs\\aitecvi_polinela\\public\\index.php')
INFO - 2024-07-12 00:00:37 --> Session: Class initialized using 'CodeIgniter\Session\Handlers\FileHandler' driver.
INFO - 2024-07-12 00:00:46 --> Session: Class initialized using 'CodeIgniter\Session\Handlers\FileHandler' driver.
INFO - 2024-07-12 00:01:32 --> Session: Class initialized using 'CodeIgniter\Session\Handlers\FileHandler' driver.
INFO - 2024-07-12 00:01:43 --> Session: Class initialized using 'CodeIgniter\Session\Handlers\FileHandler' driver.
INFO - 2024-07-12 00:01:43 --> Session: Class initialized using 'CodeIgniter\Session\Handlers\FileHandler' driver.
INFO - 2024-07-12 00:03:16 --> Session: Class initialized using 'CodeIgniter\Session\Handlers\FileHandler' driver.
INFO - 2024-07-12 00:03:22 --> Session: Class initialized using 'CodeIgniter\Session\Handlers\FileHandler' driver.
INFO - 2024-07-12 00:03:26 --> Session: Class initialized using 'CodeIgniter\Session\Handlers\FileHandler' driver.
INFO - 2024-07-12 00:03:28 --> Session: Class initialized using 'CodeIgniter\Session\Handlers\FileHandler' driver.
INFO - 2024-07-12 00:03:55 --> Session: Class initialized using 'CodeIgniter\Session\Handlers\FileHandler' driver.
INFO - 2024-07-12 00:04:00 --> Session: Class initialized using 'CodeIgniter\Session\Handlers\FileHandler' driver.
INFO - 2024-07-12 00:04:02 --> Session: Class initialized using 'CodeIgniter\Session\Handlers\FileHandler' driver.
INFO - 2024-07-12 00:04:04 --> Session: Class initialized using 'CodeIgniter\Session\Handlers\FileHandler' driver.
INFO - 2024-07-12 00:04:14 --> Session: Class initialized using 'CodeIgniter\Session\Handlers\FileHandler' driver.
INFO - 2024-07-12 00:04:21 --> Session: Class initialized using 'CodeIgniter\Session\Handlers\FileHandler' driver.
INFO - 2024-07-12 00:07:11 --> Session: Class initialized using 'CodeIgniter\Session\Handlers\FileHandler' driver.
INFO - 2024-07-12 00:07:15 --> Session: Class initialized using 'CodeIgniter\Session\Handlers\FileHandler' driver.
INFO - 2024-07-12 00:07:15 --> Session: Class initialized using 'CodeIgniter\Session\Handlers\FileHandler' driver.
INFO - 2024-07-12 00:07:23 --> Session: Class initialized using 'CodeIgniter\Session\Handlers\FileHandler' driver.
INFO - 2024-07-12 00:07:25 --> Session: Class initialized using 'CodeIgniter\Session\Handlers\FileHandler' driver.
INFO - 2024-07-12 00:07:27 --> Session: Class initialized using 'CodeIgniter\Session\Handlers\FileHandler' driver.
INFO - 2024-07-12 00:07:28 --> Session: Class initialized using 'CodeIgniter\Session\Handlers\FileHandler' driver.
INFO - 2024-07-12 00:07:38 --> Session: Class initialized using 'CodeIgniter\Session\Handlers\FileHandler' driver.
INFO - 2024-07-12 00:12:57 --> Session: Class initialized using 'CodeIgniter\Session\Handlers\FileHandler' driver.
INFO - 2024-07-12 00:12:57 --> Session: Class initialized using 'CodeIgniter\Session\Handlers\FileHandler' driver.
INFO - 2024-07-12 00:13:20 --> Session: Class initialized using 'CodeIgniter\Session\Handlers\FileHandler' driver.
INFO - 2024-07-12 00:13:20 --> Session: Class initialized using 'CodeIgniter\Session\Handlers\FileHandler' driver.
INFO - 2024-07-12 00:13:28 --> Session: Class initialized using 'CodeIgniter\Session\Handlers\FileHandler' driver.
INFO - 2024-07-12 00:14:48 --> Session: Class initialized using 'CodeIgniter\Session\Handlers\FileHandler' driver.
INFO - 2024-07-12 00:15:12 --> Session: Class initialized using 'CodeIgniter\Session\Handlers\FileHandler' driver.
INFO - 2024-07-12 00:15:31 --> Session: Class initialized using 'CodeIgniter\Session\Handlers\FileHandler' driver.
INFO - 2024-07-12 00:15:33 --> Session: Class initialized using 'CodeIgniter\Session\Handlers\FileHandler' driver.
INFO - 2024-07-12 00:15:36 --> Session: Class initialized using 'CodeIgniter\Session\Handlers\FileHandler' driver.
INFO - 2024-07-12 00:15:48 --> Session: Class initialized using 'CodeIgniter\Session\Handlers\FileHandler' driver.
INFO - 2024-07-12 00:15:52 --> Session: Class initialized using 'CodeIgniter\Session\Handlers\FileHandler' driver.
INFO - 2024-07-12 00:16:02 --> Session: Class initialized using 'CodeIgniter\Session\Handlers\FileHandler' driver.
INFO - 2024-07-12 00:16:05 --> Session: Class initialized using 'CodeIgniter\Session\Handlers\FileHandler' driver.
INFO - 2024-07-12 00:16:08 --> Session: Class initialized using 'CodeIgniter\Session\Handlers\FileHandler' driver.
INFO - 2024-07-12 00:16:10 --> Session: Class initialized using 'CodeIgniter\Session\Handlers\FileHandler' driver.
INFO - 2024-07-12 00:16:43 --> Session: Class initialized using 'CodeIgniter\Session\Handlers\FileHandler' driver.
INFO - 2024-07-12 00:16:58 --> Session: Class initialized using 'CodeIgniter\Session\Handlers\FileHandler' driver.
INFO - 2024-07-12 00:17:02 --> Session: Class initialized using 'CodeIgniter\Session\Handlers\FileHandler' driver.
INFO - 2024-07-12 00:17:08 --> Session: Class initialized using 'CodeIgniter\Session\Handlers\FileHandler' driver.
INFO - 2024-07-12 00:17:12 --> Session: Class initialized using 'CodeIgniter\Session\Handlers\FileHandler' driver.
INFO - 2024-07-12 00:17:17 --> Session: Class initialized using 'CodeIgniter\Session\Handlers\FileHandler' driver.
INFO - 2024-07-12 00:17:20 --> Session: Class initialized using 'CodeIgniter\Session\Handlers\FileHandler' driver.
INFO - 2024-07-12 00:17:22 --> Session: Class initialized using 'CodeIgniter\Session\Handlers\FileHandler' driver.
INFO - 2024-07-12 00:18:25 --> Session: Class initialized using 'CodeIgniter\Session\Handlers\FileHandler' driver.
INFO - 2024-07-12 00:18:25 --> Session: Class initialized using 'CodeIgniter\Session\Handlers\FileHandler' driver.
INFO - 2024-07-12 00:18:38 --> Session: Class initialized using 'CodeIgniter\Session\Handlers\FileHandler' driver.
INFO - 2024-07-12 00:18:38 --> Session: Class initialized using 'CodeIgniter\Session\Handlers\FileHandler' driver.
INFO - 2024-07-12 00:18:43 --> Session: Class initialized using 'CodeIgniter\Session\Handlers\FileHandler' driver.
INFO - 2024-07-12 00:18:46 --> Session: Class initialized using 'CodeIgniter\Session\Handlers\FileHandler' driver.
INFO - 2024-07-12 00:18:48 --> Session: Class initialized using 'CodeIgniter\Session\Handlers\FileHandler' driver.
INFO - 2024-07-12 00:18:49 --> Session: Class initialized using 'CodeIgniter\Session\Handlers\FileHandler' driver.
INFO - 2024-07-12 00:18:53 --> Session: Class initialized using 'CodeIgniter\Session\Handlers\FileHandler' driver.
INFO - 2024-07-12 00:23:03 --> Session: Class initialized using 'CodeIgniter\Session\Handlers\FileHandler' driver.
INFO - 2024-07-12 00:23:24 --> Session: Class initialized using 'CodeIgniter\Session\Handlers\FileHandler' driver.
INFO - 2024-07-12 00:24:04 --> Session: Class initialized using 'CodeIgniter\Session\Handlers\FileHandler' driver.
INFO - 2024-07-12 00:25:19 --> Session: Class initialized using 'CodeIgniter\Session\Handlers\FileHandler' driver.
INFO - 2024-07-12 00:26:01 --> Session: Class initialized using 'CodeIgniter\Session\Handlers\FileHandler' driver.
INFO - 2024-07-12 00:26:12 --> Session: Class initialized using 'CodeIgniter\Session\Handlers\FileHandler' driver.
INFO - 2024-07-12 00:26:15 --> Session: Class initialized using 'CodeIgniter\Session\Handlers\FileHandler' driver.
INFO - 2024-07-12 00:26:22 --> Session: Class initialized using 'CodeIgniter\Session\Handlers\FileHandler' driver.
INFO - 2024-07-12 00:26:26 --> Session: Class initialized using 'CodeIgniter\Session\Handlers\FileHandler' driver.
INFO - 2024-07-12 00:26:34 --> Session: Class initialized using 'CodeIgniter\Session\Handlers\FileHandler' driver.
INFO - 2024-07-12 00:26:42 --> Session: Class initialized using 'CodeIgniter\Session\Handlers\FileHandler' driver.
INFO - 2024-07-12 00:26:52 --> Session: Class initialized using 'CodeIgniter\Session\Handlers\FileHandler' driver.
INFO - 2024-07-12 00:26:52 --> Session: Class initialized using 'CodeIgniter\Session\Handlers\FileHandler' driver.
INFO - 2024-07-12 00:29:02 --> Session: Class initialized using 'CodeIgniter\Session\Handlers\FileHandler' driver.
INFO - 2024-07-12 00:29:03 --> Session: Class initialized using 'CodeIgniter\Session\Handlers\FileHandler' driver.
INFO - 2024-07-12 00:29:07 --> Session: Class initialized using 'CodeIgniter\Session\Handlers\FileHandler' driver.
INFO - 2024-07-12 00:29:10 --> Session: Class initialized using 'CodeIgniter\Session\Handlers\FileHandler' driver.
INFO - 2024-07-12 00:30:14 --> Session: Class initialized using 'CodeIgniter\Session\Handlers\FileHandler' driver.
WARNING - 2024-07-12 00:30:14 --> [DEPRECATED] Creation of dynamic property App\Controllers\JuriProfil::$user is deprecated in APPPATH\Controllers\JuriProfil.php on line 15.
 1 SYSTEMPATH\CodeIgniter.php(914): App\Controllers\JuriProfil->__construct()
 2 SYSTEMPATH\CodeIgniter.php(493): CodeIgniter\CodeIgniter->createController()
 3 SYSTEMPATH\CodeIgniter.php(361): CodeIgniter\CodeIgniter->handleRequest(null, Object(Config\Cache), false)
 4 FCPATH\index.php(79): CodeIgniter\CodeIgniter->run()
 5 SYSTEMPATH\Commands\Server\rewrite.php(47): require_once('C:\\xampp\\htdocs\\aitecvi_polinela\\public\\index.php')
WARNING - 2024-07-12 00:30:14 --> [DEPRECATED] Creation of dynamic property App\Controllers\JuriProfil::$session is deprecated in APPPATH\Controllers\JuriProfil.php on line 16.
 1 SYSTEMPATH\CodeIgniter.php(914): App\Controllers\JuriProfil->__construct()
 2 SYSTEMPATH\CodeIgniter.php(493): CodeIgniter\CodeIgniter->createController()
 3 SYSTEMPATH\CodeIgniter.php(361): CodeIgniter\CodeIgniter->handleRequest(null, Object(Config\Cache), false)
 4 FCPATH\index.php(79): CodeIgniter\CodeIgniter->run()
 5 SYSTEMPATH\Commands\Server\rewrite.php(47): require_once('C:\\xampp\\htdocs\\aitecvi_polinela\\public\\index.php')
WARNING - 2024-07-12 00:30:14 --> [DEPRECATED] Creation of dynamic property App\Controllers\JuriProfil::$validation is deprecated in APPPATH\Controllers\JuriProfil.php on line 17.
 1 SYSTEMPATH\CodeIgniter.php(914): App\Controllers\JuriProfil->__construct()
 2 SYSTEMPATH\CodeIgniter.php(493): CodeIgniter\CodeIgniter->createController()
 3 SYSTEMPATH\CodeIgniter.php(361): CodeIgniter\CodeIgniter->handleRequest(null, Object(Config\Cache), false)
 4 FCPATH\index.php(79): CodeIgniter\CodeIgniter->run()
 5 SYSTEMPATH\Commands\Server\rewrite.php(47): require_once('C:\\xampp\\htdocs\\aitecvi_polinela\\public\\index.php')
WARNING - 2024-07-12 00:30:14 --> [DEPRECATED] Creation of dynamic property App\Controllers\JuriProfil::$db is deprecated in APPPATH\Controllers\JuriProfil.php on line 18.
 1 SYSTEMPATH\CodeIgniter.php(914): App\Controllers\JuriProfil->__construct()
 2 SYSTEMPATH\CodeIgniter.php(493): CodeIgniter\CodeIgniter->createController()
 3 SYSTEMPATH\CodeIgniter.php(361): CodeIgniter\CodeIgniter->handleRequest(null, Object(Config\Cache), false)
 4 FCPATH\index.php(79): CodeIgniter\CodeIgniter->run()
 5 SYSTEMPATH\Commands\Server\rewrite.php(47): require_once('C:\\xampp\\htdocs\\aitecvi_polinela\\public\\index.php')
INFO - 2024-07-12 00:30:19 --> Session: Class initialized using 'CodeIgniter\Session\Handlers\FileHandler' driver.
INFO - 2024-07-12 00:30:20 --> Session: Class initialized using 'CodeIgniter\Session\Handlers\FileHandler' driver.
INFO - 2024-07-12 00:30:34 --> Session: Class initialized using 'CodeIgniter\Session\Handlers\FileHandler' driver.
INFO - 2024-07-12 00:30:34 --> Session: Class initialized using 'CodeIgniter\Session\Handlers\FileHandler' driver.
INFO - 2024-07-12 00:30:37 --> Session: Class initialized using 'CodeIgniter\Session\Handlers\FileHandler' driver.
WARNING - 2024-07-12 00:30:37 --> [DEPRECATED] Creation of dynamic property App\Controllers\JuriProfil::$user is deprecated in APPPATH\Controllers\JuriProfil.php on line 15.
 1 SYSTEMPATH\CodeIgniter.php(914): App\Controllers\JuriProfil->__construct()
 2 SYSTEMPATH\CodeIgniter.php(493): CodeIgniter\CodeIgniter->createController()
 3 SYSTEMPATH\CodeIgniter.php(361): CodeIgniter\CodeIgniter->handleRequest(null, Object(Config\Cache), false)
 4 FCPATH\index.php(79): CodeIgniter\CodeIgniter->run()
 5 SYSTEMPATH\Commands\Server\rewrite.php(47): require_once('C:\\xampp\\htdocs\\aitecvi_polinela\\public\\index.php')
WARNING - 2024-07-12 00:30:37 --> [DEPRECATED] Creation of dynamic property App\Controllers\JuriProfil::$session is deprecated in APPPATH\Controllers\JuriProfil.php on line 16.
 1 SYSTEMPATH\CodeIgniter.php(914): App\Controllers\JuriProfil->__construct()
 2 SYSTEMPATH\CodeIgniter.php(493): CodeIgniter\CodeIgniter->createController()
 3 SYSTEMPATH\CodeIgniter.php(361): CodeIgniter\CodeIgniter->handleRequest(null, Object(Config\Cache), false)
 4 FCPATH\index.php(79): CodeIgniter\CodeIgniter->run()
 5 SYSTEMPATH\Commands\Server\rewrite.php(47): require_once('C:\\xampp\\htdocs\\aitecvi_polinela\\public\\index.php')
WARNING - 2024-07-12 00:30:37 --> [DEPRECATED] Creation of dynamic property App\Controllers\JuriProfil::$validation is deprecated in APPPATH\Controllers\JuriProfil.php on line 17.
 1 SYSTEMPATH\CodeIgniter.php(914): App\Controllers\JuriProfil->__construct()
 2 SYSTEMPATH\CodeIgniter.php(493): CodeIgniter\CodeIgniter->createController()
 3 SYSTEMPATH\CodeIgniter.php(361): CodeIgniter\CodeIgniter->handleRequest(null, Object(Config\Cache), false)
 4 FCPATH\index.php(79): CodeIgniter\CodeIgniter->run()
 5 SYSTEMPATH\Commands\Server\rewrite.php(47): require_once('C:\\xampp\\htdocs\\aitecvi_polinela\\public\\index.php')
WARNING - 2024-07-12 00:30:37 --> [DEPRECATED] Creation of dynamic property App\Controllers\JuriProfil::$db is deprecated in APPPATH\Controllers\JuriProfil.php on line 18.
 1 SYSTEMPATH\CodeIgniter.php(914): App\Controllers\JuriProfil->__construct()
 2 SYSTEMPATH\CodeIgniter.php(493): CodeIgniter\CodeIgniter->createController()
 3 SYSTEMPATH\CodeIgniter.php(361): CodeIgniter\CodeIgniter->handleRequest(null, Object(Config\Cache), false)
 4 FCPATH\index.php(79): CodeIgniter\CodeIgniter->run()
 5 SYSTEMPATH\Commands\Server\rewrite.php(47): require_once('C:\\xampp\\htdocs\\aitecvi_polinela\\public\\index.php')
INFO - 2024-07-12 00:31:18 --> Session: Class initialized using 'CodeIgniter\Session\Handlers\FileHandler' driver.
WARNING - 2024-07-12 00:31:18 --> [DEPRECATED] Creation of dynamic property App\Controllers\JuriProfil::$user is deprecated in APPPATH\Controllers\JuriProfil.php on line 15.
 1 SYSTEMPATH\CodeIgniter.php(914): App\Controllers\JuriProfil->__construct()
 2 SYSTEMPATH\CodeIgniter.php(493): CodeIgniter\CodeIgniter->createController()
 3 SYSTEMPATH\CodeIgniter.php(361): CodeIgniter\CodeIgniter->handleRequest(null, Object(Config\Cache), false)
 4 FCPATH\index.php(79): CodeIgniter\CodeIgniter->run()
 5 SYSTEMPATH\Commands\Server\rewrite.php(47): require_once('C:\\xampp\\htdocs\\aitecvi_polinela\\public\\index.php')
WARNING - 2024-07-12 00:31:18 --> [DEPRECATED] Creation of dynamic property App\Controllers\JuriProfil::$session is deprecated in APPPATH\Controllers\JuriProfil.php on line 16.
 1 SYSTEMPATH\CodeIgniter.php(914): App\Controllers\JuriProfil->__construct()
 2 SYSTEMPATH\CodeIgniter.php(493): CodeIgniter\CodeIgniter->createController()
 3 SYSTEMPATH\CodeIgniter.php(361): CodeIgniter\CodeIgniter->handleRequest(null, Object(Config\Cache), false)
 4 FCPATH\index.php(79): CodeIgniter\CodeIgniter->run()
 5 SYSTEMPATH\Commands\Server\rewrite.php(47): require_once('C:\\xampp\\htdocs\\aitecvi_polinela\\public\\index.php')
WARNING - 2024-07-12 00:31:18 --> [DEPRECATED] Creation of dynamic property App\Controllers\JuriProfil::$validation is deprecated in APPPATH\Controllers\JuriProfil.php on line 17.
 1 SYSTEMPATH\CodeIgniter.php(914): App\Controllers\JuriProfil->__construct()
 2 SYSTEMPATH\CodeIgniter.php(493): CodeIgniter\CodeIgniter->createController()
 3 SYSTEMPATH\CodeIgniter.php(361): CodeIgniter\CodeIgniter->handleRequest(null, Object(Config\Cache), false)
 4 FCPATH\index.php(79): CodeIgniter\CodeIgniter->run()
 5 SYSTEMPATH\Commands\Server\rewrite.php(47): require_once('C:\\xampp\\htdocs\\aitecvi_polinela\\public\\index.php')
WARNING - 2024-07-12 00:31:18 --> [DEPRECATED] Creation of dynamic property App\Controllers\JuriProfil::$db is deprecated in APPPATH\Controllers\JuriProfil.php on line 18.
 1 SYSTEMPATH\CodeIgniter.php(914): App\Controllers\JuriProfil->__construct()
 2 SYSTEMPATH\CodeIgniter.php(493): CodeIgniter\CodeIgniter->createController()
 3 SYSTEMPATH\CodeIgniter.php(361): CodeIgniter\CodeIgniter->handleRequest(null, Object(Config\Cache), false)
 4 FCPATH\index.php(79): CodeIgniter\CodeIgniter->run()
 5 SYSTEMPATH\Commands\Server\rewrite.php(47): require_once('C:\\xampp\\htdocs\\aitecvi_polinela\\public\\index.php')
INFO - 2024-07-12 00:31:21 --> Session: Class initialized using 'CodeIgniter\Session\Handlers\FileHandler' driver.
INFO - 2024-07-12 00:31:25 --> Session: Class initialized using 'CodeIgniter\Session\Handlers\FileHandler' driver.
INFO - 2024-07-12 00:31:25 --> Session: Class initialized using 'CodeIgniter\Session\Handlers\FileHandler' driver.
INFO - 2024-07-12 00:32:00 --> Session: Class initialized using 'CodeIgniter\Session\Handlers\FileHandler' driver.
INFO - 2024-07-12 00:32:00 --> Session: Class initialized using 'CodeIgniter\Session\Handlers\FileHandler' driver.
INFO - 2024-07-12 00:32:05 --> Session: Class initialized using 'CodeIgniter\Session\Handlers\FileHandler' driver.
WARNING - 2024-07-12 00:32:05 --> [DEPRECATED] Creation of dynamic property App\Controllers\JuriProfil::$user is deprecated in APPPATH\Controllers\JuriProfil.php on line 15.
 1 SYSTEMPATH\CodeIgniter.php(914): App\Controllers\JuriProfil->__construct()
 2 SYSTEMPATH\CodeIgniter.php(493): CodeIgniter\CodeIgniter->createController()
 3 SYSTEMPATH\CodeIgniter.php(361): CodeIgniter\CodeIgniter->handleRequest(null, Object(Config\Cache), false)
 4 FCPATH\index.php(79): CodeIgniter\CodeIgniter->run()
 5 SYSTEMPATH\Commands\Server\rewrite.php(47): require_once('C:\\xampp\\htdocs\\aitecvi_polinela\\public\\index.php')
WARNING - 2024-07-12 00:32:05 --> [DEPRECATED] Creation of dynamic property App\Controllers\JuriProfil::$session is deprecated in APPPATH\Controllers\JuriProfil.php on line 16.
 1 SYSTEMPATH\CodeIgniter.php(914): App\Controllers\JuriProfil->__construct()
 2 SYSTEMPATH\CodeIgniter.php(493): CodeIgniter\CodeIgniter->createController()
 3 SYSTEMPATH\CodeIgniter.php(361): CodeIgniter\CodeIgniter->handleRequest(null, Object(Config\Cache), false)
 4 FCPATH\index.php(79): CodeIgniter\CodeIgniter->run()
 5 SYSTEMPATH\Commands\Server\rewrite.php(47): require_once('C:\\xampp\\htdocs\\aitecvi_polinela\\public\\index.php')
WARNING - 2024-07-12 00:32:05 --> [DEPRECATED] Creation of dynamic property App\Controllers\JuriProfil::$validation is deprecated in APPPATH\Controllers\JuriProfil.php on line 17.
 1 SYSTEMPATH\CodeIgniter.php(914): App\Controllers\JuriProfil->__construct()
 2 SYSTEMPATH\CodeIgniter.php(493): CodeIgniter\CodeIgniter->createController()
 3 SYSTEMPATH\CodeIgniter.php(361): CodeIgniter\CodeIgniter->handleRequest(null, Object(Config\Cache), false)
 4 FCPATH\index.php(79): CodeIgniter\CodeIgniter->run()
 5 SYSTEMPATH\Commands\Server\rewrite.php(47): require_once('C:\\xampp\\htdocs\\aitecvi_polinela\\public\\index.php')
WARNING - 2024-07-12 00:32:05 --> [DEPRECATED] Creation of dynamic property App\Controllers\JuriProfil::$db is deprecated in APPPATH\Controllers\JuriProfil.php on line 18.
 1 SYSTEMPATH\CodeIgniter.php(914): App\Controllers\JuriProfil->__construct()
 2 SYSTEMPATH\CodeIgniter.php(493): CodeIgniter\CodeIgniter->createController()
 3 SYSTEMPATH\CodeIgniter.php(361): CodeIgniter\CodeIgniter->handleRequest(null, Object(Config\Cache), false)
 4 FCPATH\index.php(79): CodeIgniter\CodeIgniter->run()
 5 SYSTEMPATH\Commands\Server\rewrite.php(47): require_once('C:\\xampp\\htdocs\\aitecvi_polinela\\public\\index.php')
INFO - 2024-07-12 00:32:13 --> Session: Class initialized using 'CodeIgniter\Session\Handlers\FileHandler' driver.
WARNING - 2024-07-12 00:32:13 --> [DEPRECATED] Creation of dynamic property App\Controllers\JuriProfil::$user is deprecated in APPPATH\Controllers\JuriProfil.php on line 15.
 1 SYSTEMPATH\CodeIgniter.php(914): App\Controllers\JuriProfil->__construct()
 2 SYSTEMPATH\CodeIgniter.php(493): CodeIgniter\CodeIgniter->createController()
 3 SYSTEMPATH\CodeIgniter.php(361): CodeIgniter\CodeIgniter->handleRequest(null, Object(Config\Cache), false)
 4 FCPATH\index.php(79): CodeIgniter\CodeIgniter->run()
 5 SYSTEMPATH\Commands\Server\rewrite.php(47): require_once('C:\\xampp\\htdocs\\aitecvi_polinela\\public\\index.php')
WARNING - 2024-07-12 00:32:13 --> [DEPRECATED] Creation of dynamic property App\Controllers\JuriProfil::$session is deprecated in APPPATH\Controllers\JuriProfil.php on line 16.
 1 SYSTEMPATH\CodeIgniter.php(914): App\Controllers\JuriProfil->__construct()
 2 SYSTEMPATH\CodeIgniter.php(493): CodeIgniter\CodeIgniter->createController()
 3 SYSTEMPATH\CodeIgniter.php(361): CodeIgniter\CodeIgniter->handleRequest(null, Object(Config\Cache), false)
 4 FCPATH\index.php(79): CodeIgniter\CodeIgniter->run()
 5 SYSTEMPATH\Commands\Server\rewrite.php(47): require_once('C:\\xampp\\htdocs\\aitecvi_polinela\\public\\index.php')
WARNING - 2024-07-12 00:32:13 --> [DEPRECATED] Creation of dynamic property App\Controllers\JuriProfil::$validation is deprecated in APPPATH\Controllers\JuriProfil.php on line 17.
 1 SYSTEMPATH\CodeIgniter.php(914): App\Controllers\JuriProfil->__construct()
 2 SYSTEMPATH\CodeIgniter.php(493): CodeIgniter\CodeIgniter->createController()
 3 SYSTEMPATH\CodeIgniter.php(361): CodeIgniter\CodeIgniter->handleRequest(null, Object(Config\Cache), false)
 4 FCPATH\index.php(79): CodeIgniter\CodeIgniter->run()
 5 SYSTEMPATH\Commands\Server\rewrite.php(47): require_once('C:\\xampp\\htdocs\\aitecvi_polinela\\public\\index.php')
WARNING - 2024-07-12 00:32:13 --> [DEPRECATED] Creation of dynamic property App\Controllers\JuriProfil::$db is deprecated in APPPATH\Controllers\JuriProfil.php on line 18.
 1 SYSTEMPATH\CodeIgniter.php(914): App\Controllers\JuriProfil->__construct()
 2 SYSTEMPATH\CodeIgniter.php(493): CodeIgniter\CodeIgniter->createController()
 3 SYSTEMPATH\CodeIgniter.php(361): CodeIgniter\CodeIgniter->handleRequest(null, Object(Config\Cache), false)
 4 FCPATH\index.php(79): CodeIgniter\CodeIgniter->run()
 5 SYSTEMPATH\Commands\Server\rewrite.php(47): require_once('C:\\xampp\\htdocs\\aitecvi_polinela\\public\\index.php')
INFO - 2024-07-12 00:32:25 --> Session: Class initialized using 'CodeIgniter\Session\Handlers\FileHandler' driver.
INFO - 2024-07-12 00:32:25 --> Session: Class initialized using 'CodeIgniter\Session\Handlers\FileHandler' driver.
INFO - 2024-07-12 00:33:53 --> Session: Class initialized using 'CodeIgniter\Session\Handlers\FileHandler' driver.
INFO - 2024-07-12 00:33:53 --> Session: Class initialized using 'CodeIgniter\Session\Handlers\FileHandler' driver.
INFO - 2024-07-12 00:33:57 --> Session: Class initialized using 'CodeIgniter\Session\Handlers\FileHandler' driver.
INFO - 2024-07-12 00:33:59 --> Session: Class initialized using 'CodeIgniter\Session\Handlers\FileHandler' driver.
INFO - 2024-07-12 00:34:01 --> Session: Class initialized using 'CodeIgniter\Session\Handlers\FileHandler' driver.
INFO - 2024-07-12 00:34:03 --> Session: Class initialized using 'CodeIgniter\Session\Handlers\FileHandler' driver.
INFO - 2024-07-12 00:34:05 --> Session: Class initialized using 'CodeIgniter\Session\Handlers\FileHandler' driver.
INFO - 2024-07-12 00:34:14 --> Session: Class initialized using 'CodeIgniter\Session\Handlers\FileHandler' driver.
INFO - 2024-07-12 00:34:21 --> Session: Class initialized using 'CodeIgniter\Session\Handlers\FileHandler' driver.
INFO - 2024-07-12 00:34:28 --> Session: Class initialized using 'CodeIgniter\Session\Handlers\FileHandler' driver.
INFO - 2024-07-12 00:34:34 --> Session: Class initialized using 'CodeIgniter\Session\Handlers\FileHandler' driver.
INFO - 2024-07-12 00:34:36 --> Session: Class initialized using 'CodeIgniter\Session\Handlers\FileHandler' driver.
INFO - 2024-07-12 00:35:15 --> Session: Class initialized using 'CodeIgniter\Session\Handlers\FileHandler' driver.
INFO - 2024-07-12 00:36:26 --> Session: Class initialized using 'CodeIgniter\Session\Handlers\FileHandler' driver.
INFO - 2024-07-12 00:36:28 --> Session: Class initialized using 'CodeIgniter\Session\Handlers\FileHandler' driver.
INFO - 2024-07-12 00:36:30 --> Session: Class initialized using 'CodeIgniter\Session\Handlers\FileHandler' driver.
INFO - 2024-07-12 00:36:33 --> Session: Class initialized using 'CodeIgniter\Session\Handlers\FileHandler' driver.
INFO - 2024-07-12 00:36:38 --> Session: Class initialized using 'CodeIgniter\Session\Handlers\FileHandler' driver.
INFO - 2024-07-12 00:36:40 --> Session: Class initialized using 'CodeIgniter\Session\Handlers\FileHandler' driver.
INFO - 2024-07-12 00:36:42 --> Session: Class initialized using 'CodeIgniter\Session\Handlers\FileHandler' driver.
INFO - 2024-07-12 00:38:34 --> Session: Class initialized using 'CodeIgniter\Session\Handlers\FileHandler' driver.
INFO - 2024-07-12 00:38:39 --> Session: Class initialized using 'CodeIgniter\Session\Handlers\FileHandler' driver.
INFO - 2024-07-12 00:38:40 --> Session: Class initialized using 'CodeIgniter\Session\Handlers\FileHandler' driver.
INFO - 2024-07-12 00:38:47 --> Session: Class initialized using 'CodeIgniter\Session\Handlers\FileHandler' driver.
INFO - 2024-07-12 00:38:47 --> Session: Class initialized using 'CodeIgniter\Session\Handlers\FileHandler' driver.
INFO - 2024-07-12 00:38:53 --> Session: Class initialized using 'CodeIgniter\Session\Handlers\FileHandler' driver.
INFO - 2024-07-12 00:39:10 --> Session: Class initialized using 'CodeIgniter\Session\Handlers\FileHandler' driver.
INFO - 2024-07-12 00:39:16 --> Session: Class initialized using 'CodeIgniter\Session\Handlers\FileHandler' driver.
INFO - 2024-07-12 00:39:16 --> Session: Class initialized using 'CodeIgniter\Session\Handlers\FileHandler' driver.
INFO - 2024-07-12 00:40:32 --> Session: Class initialized using 'CodeIgniter\Session\Handlers\FileHandler' driver.
INFO - 2024-07-12 00:40:38 --> Session: Class initialized using 'CodeIgniter\Session\Handlers\FileHandler' driver.
INFO - 2024-07-12 00:40:52 --> Session: Class initialized using 'CodeIgniter\Session\Handlers\FileHandler' driver.
INFO - 2024-07-12 00:40:55 --> Session: Class initialized using 'CodeIgniter\Session\Handlers\FileHandler' driver.
INFO - 2024-07-12 00:40:59 --> Session: Class initialized using 'CodeIgniter\Session\Handlers\FileHandler' driver.
INFO - 2024-07-12 00:42:00 --> Session: Class initialized using 'CodeIgniter\Session\Handlers\FileHandler' driver.
INFO - 2024-07-12 00:42:03 --> Session: Class initialized using 'CodeIgniter\Session\Handlers\FileHandler' driver.
INFO - 2024-07-12 00:44:47 --> Session: Class initialized using 'CodeIgniter\Session\Handlers\FileHandler' driver.
INFO - 2024-07-12 00:46:24 --> Session: Class initialized using 'CodeIgniter\Session\Handlers\FileHandler' driver.
INFO - 2024-07-12 00:47:21 --> Session: Class initialized using 'CodeIgniter\Session\Handlers\FileHandler' driver.
WARNING - 2024-07-12 00:47:21 --> [DEPRECATED] Creation of dynamic property App\Controllers\PendampingProfil::$user is deprecated in APPPATH\Controllers\PendampingProfil.php on line 15.
 1 SYSTEMPATH\CodeIgniter.php(914): App\Controllers\PendampingProfil->__construct()
 2 SYSTEMPATH\CodeIgniter.php(493): CodeIgniter\CodeIgniter->createController()
 3 SYSTEMPATH\CodeIgniter.php(361): CodeIgniter\CodeIgniter->handleRequest(null, Object(Config\Cache), false)
 4 FCPATH\index.php(79): CodeIgniter\CodeIgniter->run()
 5 SYSTEMPATH\Commands\Server\rewrite.php(47): require_once('C:\\xampp\\htdocs\\aitecvi_polinela\\public\\index.php')
WARNING - 2024-07-12 00:47:21 --> [DEPRECATED] Creation of dynamic property App\Controllers\PendampingProfil::$session is deprecated in APPPATH\Controllers\PendampingProfil.php on line 16.
 1 SYSTEMPATH\CodeIgniter.php(914): App\Controllers\PendampingProfil->__construct()
 2 SYSTEMPATH\CodeIgniter.php(493): CodeIgniter\CodeIgniter->createController()
 3 SYSTEMPATH\CodeIgniter.php(361): CodeIgniter\CodeIgniter->handleRequest(null, Object(Config\Cache), false)
 4 FCPATH\index.php(79): CodeIgniter\CodeIgniter->run()
 5 SYSTEMPATH\Commands\Server\rewrite.php(47): require_once('C:\\xampp\\htdocs\\aitecvi_polinela\\public\\index.php')
WARNING - 2024-07-12 00:47:21 --> [DEPRECATED] Creation of dynamic property App\Controllers\PendampingProfil::$validation is deprecated in APPPATH\Controllers\PendampingProfil.php on line 17.
 1 SYSTEMPATH\CodeIgniter.php(914): App\Controllers\PendampingProfil->__construct()
 2 SYSTEMPATH\CodeIgniter.php(493): CodeIgniter\CodeIgniter->createController()
 3 SYSTEMPATH\CodeIgniter.php(361): CodeIgniter\CodeIgniter->handleRequest(null, Object(Config\Cache), false)
 4 FCPATH\index.php(79): CodeIgniter\CodeIgniter->run()
 5 SYSTEMPATH\Commands\Server\rewrite.php(47): require_once('C:\\xampp\\htdocs\\aitecvi_polinela\\public\\index.php')
WARNING - 2024-07-12 00:47:21 --> [DEPRECATED] Creation of dynamic property App\Controllers\PendampingProfil::$db is deprecated in APPPATH\Controllers\PendampingProfil.php on line 18.
 1 SYSTEMPATH\CodeIgniter.php(914): App\Controllers\PendampingProfil->__construct()
 2 SYSTEMPATH\CodeIgniter.php(493): CodeIgniter\CodeIgniter->createController()
 3 SYSTEMPATH\CodeIgniter.php(361): CodeIgniter\CodeIgniter->handleRequest(null, Object(Config\Cache), false)
 4 FCPATH\index.php(79): CodeIgniter\CodeIgniter->run()
 5 SYSTEMPATH\Commands\Server\rewrite.php(47): require_once('C:\\xampp\\htdocs\\aitecvi_polinela\\public\\index.php')
ERROR - 2024-07-12 00:47:21 --> mysqli_sql_exception: Unknown column 'cabang_perlombaan.nama_perlombaan' in 'field list' in C:\xampp\htdocs\aitecvi_polinela\system\Database\MySQLi\Connection.php:306
Stack trace:
#0 C:\xampp\htdocs\aitecvi_polinela\system\Database\MySQLi\Connection.php(306): mysqli->query('SELECT `pendamp...', 0)
#1 C:\xampp\htdocs\aitecvi_polinela\system\Database\BaseConnection.php(693): CodeIgniter\Database\MySQLi\Connection->execute('SELECT `pendamp...')
#2 C:\xampp\htdocs\aitecvi_polinela\system\Database\BaseConnection.php(607): CodeIgniter\Database\BaseConnection->simpleQuery('SELECT `pendamp...')
#3 C:\xampp\htdocs\aitecvi_polinela\system\Database\BaseBuilder.php(1615): CodeIgniter\Database\BaseConnection->query('SELECT `pendamp...', Array, false)
#4 C:\xampp\htdocs\aitecvi_polinela\system\Model.php(871): CodeIgniter\Database\BaseBuilder->get()
#5 C:\xampp\htdocs\aitecvi_polinela\app\Models\Pendamping\PendampingModel.php(21): CodeIgniter\Model->__call('get', Array)
#6 C:\xampp\htdocs\aitecvi_polinela\app\Controllers\PendampingProfil.php(24): App\Models\Pendamping\PendampingModel->JuribyPt()
#7 C:\xampp\htdocs\aitecvi_polinela\system\CodeIgniter.php(942): App\Controllers\PendampingProfil->index()
#8 C:\xampp\htdocs\aitecvi_polinela\system\CodeIgniter.php(502): CodeIgniter\CodeIgniter->runController(Object(App\Controllers\PendampingProfil))
#9 C:\xampp\htdocs\aitecvi_polinela\system\CodeIgniter.php(361): CodeIgniter\CodeIgniter->handleRequest(NULL, Object(Config\Cache), false)
#10 C:\xampp\htdocs\aitecvi_polinela\public\index.php(79): CodeIgniter\CodeIgniter->run()
#11 C:\xampp\htdocs\aitecvi_polinela\system\Commands\Server\rewrite.php(47): require_once('C:\\xampp\\htdocs...')
#12 {main}
CRITICAL - 2024-07-12 00:47:21 --> Unknown column 'cabang_perlombaan.nama_perlombaan' in 'field list'
in SYSTEMPATH\Database\BaseConnection.php on line 647.
 1 SYSTEMPATH\Database\BaseBuilder.php(1615): CodeIgniter\Database\BaseConnection->query('SELECT `pendamping`.*, `pt`.`nama_pt`, `cabang_perlombaan`.`nama_perlombaan`
FROM `pendamping`
JOIN `pt` ON `pendamping`.`pt_id` = `pt`.`id`', [], false)
 2 SYSTEMPATH\Model.php(871): CodeIgniter\Database\BaseBuilder->get()
 3 APPPATH\Models\Pendamping\PendampingModel.php(21): CodeIgniter\Model->__call('get', [])
 4 APPPATH\Controllers\PendampingProfil.php(24): App\Models\Pendamping\PendampingModel->JuribyPt()
 5 SYSTEMPATH\CodeIgniter.php(942): App\Controllers\PendampingProfil->index()
 6 SYSTEMPATH\CodeIgniter.php(502): CodeIgniter\CodeIgniter->runController(Object(App\Controllers\PendampingProfil))
 7 SYSTEMPATH\CodeIgniter.php(361): CodeIgniter\CodeIgniter->handleRequest(null, Object(Config\Cache), false)
 8 FCPATH\index.php(79): CodeIgniter\CodeIgniter->run()
 9 SYSTEMPATH\Commands\Server\rewrite.php(47): require_once('C:\\xampp\\htdocs\\aitecvi_polinela\\public\\index.php')
INFO - 2024-07-12 00:48:22 --> Session: Class initialized using 'CodeIgniter\Session\Handlers\FileHandler' driver.
WARNING - 2024-07-12 00:48:22 --> [DEPRECATED] Creation of dynamic property App\Controllers\PendampingProfil::$user is deprecated in APPPATH\Controllers\PendampingProfil.php on line 15.
 1 SYSTEMPATH\CodeIgniter.php(914): App\Controllers\PendampingProfil->__construct()
 2 SYSTEMPATH\CodeIgniter.php(493): CodeIgniter\CodeIgniter->createController()
 3 SYSTEMPATH\CodeIgniter.php(361): CodeIgniter\CodeIgniter->handleRequest(null, Object(Config\Cache), false)
 4 FCPATH\index.php(79): CodeIgniter\CodeIgniter->run()
 5 SYSTEMPATH\Commands\Server\rewrite.php(47): require_once('C:\\xampp\\htdocs\\aitecvi_polinela\\public\\index.php')
WARNING - 2024-07-12 00:48:22 --> [DEPRECATED] Creation of dynamic property App\Controllers\PendampingProfil::$session is deprecated in APPPATH\Controllers\PendampingProfil.php on line 16.
 1 SYSTEMPATH\CodeIgniter.php(914): App\Controllers\PendampingProfil->__construct()
 2 SYSTEMPATH\CodeIgniter.php(493): CodeIgniter\CodeIgniter->createController()
 3 SYSTEMPATH\CodeIgniter.php(361): CodeIgniter\CodeIgniter->handleRequest(null, Object(Config\Cache), false)
 4 FCPATH\index.php(79): CodeIgniter\CodeIgniter->run()
 5 SYSTEMPATH\Commands\Server\rewrite.php(47): require_once('C:\\xampp\\htdocs\\aitecvi_polinela\\public\\index.php')
WARNING - 2024-07-12 00:48:22 --> [DEPRECATED] Creation of dynamic property App\Controllers\PendampingProfil::$validation is deprecated in APPPATH\Controllers\PendampingProfil.php on line 17.
 1 SYSTEMPATH\CodeIgniter.php(914): App\Controllers\PendampingProfil->__construct()
 2 SYSTEMPATH\CodeIgniter.php(493): CodeIgniter\CodeIgniter->createController()
 3 SYSTEMPATH\CodeIgniter.php(361): CodeIgniter\CodeIgniter->handleRequest(null, Object(Config\Cache), false)
 4 FCPATH\index.php(79): CodeIgniter\CodeIgniter->run()
 5 SYSTEMPATH\Commands\Server\rewrite.php(47): require_once('C:\\xampp\\htdocs\\aitecvi_polinela\\public\\index.php')
WARNING - 2024-07-12 00:48:22 --> [DEPRECATED] Creation of dynamic property App\Controllers\PendampingProfil::$db is deprecated in APPPATH\Controllers\PendampingProfil.php on line 18.
 1 SYSTEMPATH\CodeIgniter.php(914): App\Controllers\PendampingProfil->__construct()
 2 SYSTEMPATH\CodeIgniter.php(493): CodeIgniter\CodeIgniter->createController()
 3 SYSTEMPATH\CodeIgniter.php(361): CodeIgniter\CodeIgniter->handleRequest(null, Object(Config\Cache), false)
 4 FCPATH\index.php(79): CodeIgniter\CodeIgniter->run()
 5 SYSTEMPATH\Commands\Server\rewrite.php(47): require_once('C:\\xampp\\htdocs\\aitecvi_polinela\\public\\index.php')
ERROR - 2024-07-12 00:48:22 --> mysqli_sql_exception: Unknown column 'cabang_perlombaan.nama_perlombaan' in 'field list' in C:\xampp\htdocs\aitecvi_polinela\system\Database\MySQLi\Connection.php:306
Stack trace:
#0 C:\xampp\htdocs\aitecvi_polinela\system\Database\MySQLi\Connection.php(306): mysqli->query('SELECT `pendamp...', 0)
#1 C:\xampp\htdocs\aitecvi_polinela\system\Database\BaseConnection.php(693): CodeIgniter\Database\MySQLi\Connection->execute('SELECT `pendamp...')
#2 C:\xampp\htdocs\aitecvi_polinela\system\Database\BaseConnection.php(607): CodeIgniter\Database\BaseConnection->simpleQuery('SELECT `pendamp...')
#3 C:\xampp\htdocs\aitecvi_polinela\system\Database\BaseBuilder.php(1615): CodeIgniter\Database\BaseConnection->query('SELECT `pendamp...', Array, false)
#4 C:\xampp\htdocs\aitecvi_polinela\system\Model.php(871): CodeIgniter\Database\BaseBuilder->get()
#5 C:\xampp\htdocs\aitecvi_polinela\app\Models\Pendamping\PendampingModel.php(21): CodeIgniter\Model->__call('get', Array)
#6 C:\xampp\htdocs\aitecvi_polinela\app\Controllers\PendampingProfil.php(24): App\Models\Pendamping\PendampingModel->JuribyPt()
#7 C:\xampp\htdocs\aitecvi_polinela\system\CodeIgniter.php(942): App\Controllers\PendampingProfil->index()
#8 C:\xampp\htdocs\aitecvi_polinela\system\CodeIgniter.php(502): CodeIgniter\CodeIgniter->runController(Object(App\Controllers\PendampingProfil))
#9 C:\xampp\htdocs\aitecvi_polinela\system\CodeIgniter.php(361): CodeIgniter\CodeIgniter->handleRequest(NULL, Object(Config\Cache), false)
#10 C:\xampp\htdocs\aitecvi_polinela\public\index.php(79): CodeIgniter\CodeIgniter->run()
#11 C:\xampp\htdocs\aitecvi_polinela\system\Commands\Server\rewrite.php(47): require_once('C:\\xampp\\htdocs...')
#12 {main}
CRITICAL - 2024-07-12 00:48:22 --> Unknown column 'cabang_perlombaan.nama_perlombaan' in 'field list'
in SYSTEMPATH\Database\BaseConnection.php on line 647.
 1 SYSTEMPATH\Database\BaseBuilder.php(1615): CodeIgniter\Database\BaseConnection->query('SELECT `pendamping`.*, `pt`.`nama_pt`, `cabang_perlombaan`.`nama_perlombaan`
FROM `pendamping`
JOIN `pt` ON `pendamping`.`pt_id` = `pt`.`id`', [], false)
 2 SYSTEMPATH\Model.php(871): CodeIgniter\Database\BaseBuilder->get()
 3 APPPATH\Models\Pendamping\PendampingModel.php(21): CodeIgniter\Model->__call('get', [])
 4 APPPATH\Controllers\PendampingProfil.php(24): App\Models\Pendamping\PendampingModel->JuribyPt()
 5 SYSTEMPATH\CodeIgniter.php(942): App\Controllers\PendampingProfil->index()
 6 SYSTEMPATH\CodeIgniter.php(502): CodeIgniter\CodeIgniter->runController(Object(App\Controllers\PendampingProfil))
 7 SYSTEMPATH\CodeIgniter.php(361): CodeIgniter\CodeIgniter->handleRequest(null, Object(Config\Cache), false)
 8 FCPATH\index.php(79): CodeIgniter\CodeIgniter->run()
 9 SYSTEMPATH\Commands\Server\rewrite.php(47): require_once('C:\\xampp\\htdocs\\aitecvi_polinela\\public\\index.php')
INFO - 2024-07-12 00:49:21 --> Session: Class initialized using 'CodeIgniter\Session\Handlers\FileHandler' driver.
WARNING - 2024-07-12 00:49:21 --> [DEPRECATED] Creation of dynamic property App\Controllers\PendampingProfil::$user is deprecated in APPPATH\Controllers\PendampingProfil.php on line 15.
 1 SYSTEMPATH\CodeIgniter.php(914): App\Controllers\PendampingProfil->__construct()
 2 SYSTEMPATH\CodeIgniter.php(493): CodeIgniter\CodeIgniter->createController()
 3 SYSTEMPATH\CodeIgniter.php(361): CodeIgniter\CodeIgniter->handleRequest(null, Object(Config\Cache), false)
 4 FCPATH\index.php(79): CodeIgniter\CodeIgniter->run()
 5 SYSTEMPATH\Commands\Server\rewrite.php(47): require_once('C:\\xampp\\htdocs\\aitecvi_polinela\\public\\index.php')
WARNING - 2024-07-12 00:49:21 --> [DEPRECATED] Creation of dynamic property App\Controllers\PendampingProfil::$session is deprecated in APPPATH\Controllers\PendampingProfil.php on line 16.
 1 SYSTEMPATH\CodeIgniter.php(914): App\Controllers\PendampingProfil->__construct()
 2 SYSTEMPATH\CodeIgniter.php(493): CodeIgniter\CodeIgniter->createController()
 3 SYSTEMPATH\CodeIgniter.php(361): CodeIgniter\CodeIgniter->handleRequest(null, Object(Config\Cache), false)
 4 FCPATH\index.php(79): CodeIgniter\CodeIgniter->run()
 5 SYSTEMPATH\Commands\Server\rewrite.php(47): require_once('C:\\xampp\\htdocs\\aitecvi_polinela\\public\\index.php')
WARNING - 2024-07-12 00:49:21 --> [DEPRECATED] Creation of dynamic property App\Controllers\PendampingProfil::$validation is deprecated in APPPATH\Controllers\PendampingProfil.php on line 17.
 1 SYSTEMPATH\CodeIgniter.php(914): App\Controllers\PendampingProfil->__construct()
 2 SYSTEMPATH\CodeIgniter.php(493): CodeIgniter\CodeIgniter->createController()
 3 SYSTEMPATH\CodeIgniter.php(361): CodeIgniter\CodeIgniter->handleRequest(null, Object(Config\Cache), false)
 4 FCPATH\index.php(79): CodeIgniter\CodeIgniter->run()
 5 SYSTEMPATH\Commands\Server\rewrite.php(47): require_once('C:\\xampp\\htdocs\\aitecvi_polinela\\public\\index.php')
WARNING - 2024-07-12 00:49:21 --> [DEPRECATED] Creation of dynamic property App\Controllers\PendampingProfil::$db is deprecated in APPPATH\Controllers\PendampingProfil.php on line 18.
 1 SYSTEMPATH\CodeIgniter.php(914): App\Controllers\PendampingProfil->__construct()
 2 SYSTEMPATH\CodeIgniter.php(493): CodeIgniter\CodeIgniter->createController()
 3 SYSTEMPATH\CodeIgniter.php(361): CodeIgniter\CodeIgniter->handleRequest(null, Object(Config\Cache), false)
 4 FCPATH\index.php(79): CodeIgniter\CodeIgniter->run()
 5 SYSTEMPATH\Commands\Server\rewrite.php(47): require_once('C:\\xampp\\htdocs\\aitecvi_polinela\\public\\index.php')
CRITICAL - 2024-07-12 00:49:21 --> Undefined variable $juri
in APPPATH\Views\konten\pendamping\user\index.php on line 27.
 1 APPPATH\Views\konten\pendamping\user\index.php(27): CodeIgniter\Debug\Exceptions->errorHandler(2, 'Undefined variable $juri', 'C:\\xampp\\htdocs\\aitecvi_polinela\\app\\Views\\konten\\pendamping\\user\\index.php', 27)
 2 SYSTEMPATH\View\View.php(228): include('C:\\xampp\\htdocs\\aitecvi_polinela\\app\\Views\\konten\\pendamping\\user\\index.php')
 3 SYSTEMPATH\View\View.php(231): CodeIgniter\View\View->CodeIgniter\View\{closure}()
 4 SYSTEMPATH\Common.php(1190): CodeIgniter\View\View->render('konten/pendamping/user/index', [], true)
 5 APPPATH\Controllers\PendampingProfil.php(27): view('konten/pendamping/user/index', [...])
 6 SYSTEMPATH\CodeIgniter.php(942): App\Controllers\PendampingProfil->index()
 7 SYSTEMPATH\CodeIgniter.php(502): CodeIgniter\CodeIgniter->runController(Object(App\Controllers\PendampingProfil))
 8 SYSTEMPATH\CodeIgniter.php(361): CodeIgniter\CodeIgniter->handleRequest(null, Object(Config\Cache), false)
 9 FCPATH\index.php(79): CodeIgniter\CodeIgniter->run()
10 SYSTEMPATH\Commands\Server\rewrite.php(47): require_once('C:\\xampp\\htdocs\\aitecvi_polinela\\public\\index.php')
INFO - 2024-07-12 00:49:47 --> Session: Class initialized using 'CodeIgniter\Session\Handlers\FileHandler' driver.
WARNING - 2024-07-12 00:49:47 --> [DEPRECATED] Creation of dynamic property App\Controllers\PendampingProfil::$user is deprecated in APPPATH\Controllers\PendampingProfil.php on line 15.
 1 SYSTEMPATH\CodeIgniter.php(914): App\Controllers\PendampingProfil->__construct()
 2 SYSTEMPATH\CodeIgniter.php(493): CodeIgniter\CodeIgniter->createController()
 3 SYSTEMPATH\CodeIgniter.php(361): CodeIgniter\CodeIgniter->handleRequest(null, Object(Config\Cache), false)
 4 FCPATH\index.php(79): CodeIgniter\CodeIgniter->run()
 5 SYSTEMPATH\Commands\Server\rewrite.php(47): require_once('C:\\xampp\\htdocs\\aitecvi_polinela\\public\\index.php')
WARNING - 2024-07-12 00:49:47 --> [DEPRECATED] Creation of dynamic property App\Controllers\PendampingProfil::$session is deprecated in APPPATH\Controllers\PendampingProfil.php on line 16.
 1 SYSTEMPATH\CodeIgniter.php(914): App\Controllers\PendampingProfil->__construct()
 2 SYSTEMPATH\CodeIgniter.php(493): CodeIgniter\CodeIgniter->createController()
 3 SYSTEMPATH\CodeIgniter.php(361): CodeIgniter\CodeIgniter->handleRequest(null, Object(Config\Cache), false)
 4 FCPATH\index.php(79): CodeIgniter\CodeIgniter->run()
 5 SYSTEMPATH\Commands\Server\rewrite.php(47): require_once('C:\\xampp\\htdocs\\aitecvi_polinela\\public\\index.php')
WARNING - 2024-07-12 00:49:47 --> [DEPRECATED] Creation of dynamic property App\Controllers\PendampingProfil::$validation is deprecated in APPPATH\Controllers\PendampingProfil.php on line 17.
 1 SYSTEMPATH\CodeIgniter.php(914): App\Controllers\PendampingProfil->__construct()
 2 SYSTEMPATH\CodeIgniter.php(493): CodeIgniter\CodeIgniter->createController()
 3 SYSTEMPATH\CodeIgniter.php(361): CodeIgniter\CodeIgniter->handleRequest(null, Object(Config\Cache), false)
 4 FCPATH\index.php(79): CodeIgniter\CodeIgniter->run()
 5 SYSTEMPATH\Commands\Server\rewrite.php(47): require_once('C:\\xampp\\htdocs\\aitecvi_polinela\\public\\index.php')
WARNING - 2024-07-12 00:49:47 --> [DEPRECATED] Creation of dynamic property App\Controllers\PendampingProfil::$db is deprecated in APPPATH\Controllers\PendampingProfil.php on line 18.
 1 SYSTEMPATH\CodeIgniter.php(914): App\Controllers\PendampingProfil->__construct()
 2 SYSTEMPATH\CodeIgniter.php(493): CodeIgniter\CodeIgniter->createController()
 3 SYSTEMPATH\CodeIgniter.php(361): CodeIgniter\CodeIgniter->handleRequest(null, Object(Config\Cache), false)
 4 FCPATH\index.php(79): CodeIgniter\CodeIgniter->run()
 5 SYSTEMPATH\Commands\Server\rewrite.php(47): require_once('C:\\xampp\\htdocs\\aitecvi_polinela\\public\\index.php')
CRITICAL - 2024-07-12 00:49:47 --> Undefined array key "nama_juri"
in APPPATH\Views\konten\pendamping\user\index.php on line 35.
 1 APPPATH\Views\konten\pendamping\user\index.php(35): CodeIgniter\Debug\Exceptions->errorHandler(2, 'Undefined array key "nama_juri"', 'C:\\xampp\\htdocs\\aitecvi_polinela\\app\\Views\\konten\\pendamping\\user\\index.php', 35)
 2 SYSTEMPATH\View\View.php(228): include('C:\\xampp\\htdocs\\aitecvi_polinela\\app\\Views\\konten\\pendamping\\user\\index.php')
 3 SYSTEMPATH\View\View.php(231): CodeIgniter\View\View->CodeIgniter\View\{closure}()
 4 SYSTEMPATH\Common.php(1190): CodeIgniter\View\View->render('konten/pendamping/user/index', [], true)
 5 APPPATH\Controllers\PendampingProfil.php(27): view('konten/pendamping/user/index', [...])
 6 SYSTEMPATH\CodeIgniter.php(942): App\Controllers\PendampingProfil->index()
 7 SYSTEMPATH\CodeIgniter.php(502): CodeIgniter\CodeIgniter->runController(Object(App\Controllers\PendampingProfil))
 8 SYSTEMPATH\CodeIgniter.php(361): CodeIgniter\CodeIgniter->handleRequest(null, Object(Config\Cache), false)
 9 FCPATH\index.php(79): CodeIgniter\CodeIgniter->run()
10 SYSTEMPATH\Commands\Server\rewrite.php(47): require_once('C:\\xampp\\htdocs\\aitecvi_polinela\\public\\index.php')
INFO - 2024-07-12 00:50:07 --> Session: Class initialized using 'CodeIgniter\Session\Handlers\FileHandler' driver.
WARNING - 2024-07-12 00:50:07 --> [DEPRECATED] Creation of dynamic property App\Controllers\PendampingProfil::$user is deprecated in APPPATH\Controllers\PendampingProfil.php on line 15.
 1 SYSTEMPATH\CodeIgniter.php(914): App\Controllers\PendampingProfil->__construct()
 2 SYSTEMPATH\CodeIgniter.php(493): CodeIgniter\CodeIgniter->createController()
 3 SYSTEMPATH\CodeIgniter.php(361): CodeIgniter\CodeIgniter->handleRequest(null, Object(Config\Cache), false)
 4 FCPATH\index.php(79): CodeIgniter\CodeIgniter->run()
 5 SYSTEMPATH\Commands\Server\rewrite.php(47): require_once('C:\\xampp\\htdocs\\aitecvi_polinela\\public\\index.php')
WARNING - 2024-07-12 00:50:07 --> [DEPRECATED] Creation of dynamic property App\Controllers\PendampingProfil::$session is deprecated in APPPATH\Controllers\PendampingProfil.php on line 16.
 1 SYSTEMPATH\CodeIgniter.php(914): App\Controllers\PendampingProfil->__construct()
 2 SYSTEMPATH\CodeIgniter.php(493): CodeIgniter\CodeIgniter->createController()
 3 SYSTEMPATH\CodeIgniter.php(361): CodeIgniter\CodeIgniter->handleRequest(null, Object(Config\Cache), false)
 4 FCPATH\index.php(79): CodeIgniter\CodeIgniter->run()
 5 SYSTEMPATH\Commands\Server\rewrite.php(47): require_once('C:\\xampp\\htdocs\\aitecvi_polinela\\public\\index.php')
WARNING - 2024-07-12 00:50:07 --> [DEPRECATED] Creation of dynamic property App\Controllers\PendampingProfil::$validation is deprecated in APPPATH\Controllers\PendampingProfil.php on line 17.
 1 SYSTEMPATH\CodeIgniter.php(914): App\Controllers\PendampingProfil->__construct()
 2 SYSTEMPATH\CodeIgniter.php(493): CodeIgniter\CodeIgniter->createController()
 3 SYSTEMPATH\CodeIgniter.php(361): CodeIgniter\CodeIgniter->handleRequest(null, Object(Config\Cache), false)
 4 FCPATH\index.php(79): CodeIgniter\CodeIgniter->run()
 5 SYSTEMPATH\Commands\Server\rewrite.php(47): require_once('C:\\xampp\\htdocs\\aitecvi_polinela\\public\\index.php')
WARNING - 2024-07-12 00:50:07 --> [DEPRECATED] Creation of dynamic property App\Controllers\PendampingProfil::$db is deprecated in APPPATH\Controllers\PendampingProfil.php on line 18.
 1 SYSTEMPATH\CodeIgniter.php(914): App\Controllers\PendampingProfil->__construct()
 2 SYSTEMPATH\CodeIgniter.php(493): CodeIgniter\CodeIgniter->createController()
 3 SYSTEMPATH\CodeIgniter.php(361): CodeIgniter\CodeIgniter->handleRequest(null, Object(Config\Cache), false)
 4 FCPATH\index.php(79): CodeIgniter\CodeIgniter->run()
 5 SYSTEMPATH\Commands\Server\rewrite.php(47): require_once('C:\\xampp\\htdocs\\aitecvi_polinela\\public\\index.php')
INFO - 2024-07-12 00:50:20 --> Session: Class initialized using 'CodeIgniter\Session\Handlers\FileHandler' driver.
INFO - 2024-07-12 00:50:22 --> Session: Class initialized using 'CodeIgniter\Session\Handlers\FileHandler' driver.
INFO - 2024-07-12 00:50:24 --> Session: Class initialized using 'CodeIgniter\Session\Handlers\FileHandler' driver.
INFO - 2024-07-12 00:50:45 --> Session: Class initialized using 'CodeIgniter\Session\Handlers\FileHandler' driver.
WARNING - 2024-07-12 00:50:45 --> [DEPRECATED] Creation of dynamic property App\Controllers\PendampingProfil::$user is deprecated in APPPATH\Controllers\PendampingProfil.php on line 15.
 1 SYSTEMPATH\CodeIgniter.php(914): App\Controllers\PendampingProfil->__construct()
 2 SYSTEMPATH\CodeIgniter.php(493): CodeIgniter\CodeIgniter->createController()
 3 SYSTEMPATH\CodeIgniter.php(361): CodeIgniter\CodeIgniter->handleRequest(null, Object(Config\Cache), false)
 4 FCPATH\index.php(79): CodeIgniter\CodeIgniter->run()
 5 SYSTEMPATH\Commands\Server\rewrite.php(47): require_once('C:\\xampp\\htdocs\\aitecvi_polinela\\public\\index.php')
WARNING - 2024-07-12 00:50:45 --> [DEPRECATED] Creation of dynamic property App\Controllers\PendampingProfil::$session is deprecated in APPPATH\Controllers\PendampingProfil.php on line 16.
 1 SYSTEMPATH\CodeIgniter.php(914): App\Controllers\PendampingProfil->__construct()
 2 SYSTEMPATH\CodeIgniter.php(493): CodeIgniter\CodeIgniter->createController()
 3 SYSTEMPATH\CodeIgniter.php(361): CodeIgniter\CodeIgniter->handleRequest(null, Object(Config\Cache), false)
 4 FCPATH\index.php(79): CodeIgniter\CodeIgniter->run()
 5 SYSTEMPATH\Commands\Server\rewrite.php(47): require_once('C:\\xampp\\htdocs\\aitecvi_polinela\\public\\index.php')
WARNING - 2024-07-12 00:50:45 --> [DEPRECATED] Creation of dynamic property App\Controllers\PendampingProfil::$validation is deprecated in APPPATH\Controllers\PendampingProfil.php on line 17.
 1 SYSTEMPATH\CodeIgniter.php(914): App\Controllers\PendampingProfil->__construct()
 2 SYSTEMPATH\CodeIgniter.php(493): CodeIgniter\CodeIgniter->createController()
 3 SYSTEMPATH\CodeIgniter.php(361): CodeIgniter\CodeIgniter->handleRequest(null, Object(Config\Cache), false)
 4 FCPATH\index.php(79): CodeIgniter\CodeIgniter->run()
 5 SYSTEMPATH\Commands\Server\rewrite.php(47): require_once('C:\\xampp\\htdocs\\aitecvi_polinela\\public\\index.php')
WARNING - 2024-07-12 00:50:45 --> [DEPRECATED] Creation of dynamic property App\Controllers\PendampingProfil::$db is deprecated in APPPATH\Controllers\PendampingProfil.php on line 18.
 1 SYSTEMPATH\CodeIgniter.php(914): App\Controllers\PendampingProfil->__construct()
 2 SYSTEMPATH\CodeIgniter.php(493): CodeIgniter\CodeIgniter->createController()
 3 SYSTEMPATH\CodeIgniter.php(361): CodeIgniter\CodeIgniter->handleRequest(null, Object(Config\Cache), false)
 4 FCPATH\index.php(79): CodeIgniter\CodeIgniter->run()
 5 SYSTEMPATH\Commands\Server\rewrite.php(47): require_once('C:\\xampp\\htdocs\\aitecvi_polinela\\public\\index.php')
INFO - 2024-07-12 00:51:00 --> Session: Class initialized using 'CodeIgniter\Session\Handlers\FileHandler' driver.
WARNING - 2024-07-12 00:51:00 --> [DEPRECATED] Creation of dynamic property App\Controllers\PendampingProfil::$user is deprecated in APPPATH\Controllers\PendampingProfil.php on line 15.
 1 SYSTEMPATH\CodeIgniter.php(914): App\Controllers\PendampingProfil->__construct()
 2 SYSTEMPATH\CodeIgniter.php(493): CodeIgniter\CodeIgniter->createController()
 3 SYSTEMPATH\CodeIgniter.php(361): CodeIgniter\CodeIgniter->handleRequest(null, Object(Config\Cache), false)
 4 FCPATH\index.php(79): CodeIgniter\CodeIgniter->run()
 5 SYSTEMPATH\Commands\Server\rewrite.php(47): require_once('C:\\xampp\\htdocs\\aitecvi_polinela\\public\\index.php')
WARNING - 2024-07-12 00:51:00 --> [DEPRECATED] Creation of dynamic property App\Controllers\PendampingProfil::$session is deprecated in APPPATH\Controllers\PendampingProfil.php on line 16.
 1 SYSTEMPATH\CodeIgniter.php(914): App\Controllers\PendampingProfil->__construct()
 2 SYSTEMPATH\CodeIgniter.php(493): CodeIgniter\CodeIgniter->createController()
 3 SYSTEMPATH\CodeIgniter.php(361): CodeIgniter\CodeIgniter->handleRequest(null, Object(Config\Cache), false)
 4 FCPATH\index.php(79): CodeIgniter\CodeIgniter->run()
 5 SYSTEMPATH\Commands\Server\rewrite.php(47): require_once('C:\\xampp\\htdocs\\aitecvi_polinela\\public\\index.php')
WARNING - 2024-07-12 00:51:00 --> [DEPRECATED] Creation of dynamic property App\Controllers\PendampingProfil::$validation is deprecated in APPPATH\Controllers\PendampingProfil.php on line 17.
 1 SYSTEMPATH\CodeIgniter.php(914): App\Controllers\PendampingProfil->__construct()
 2 SYSTEMPATH\CodeIgniter.php(493): CodeIgniter\CodeIgniter->createController()
 3 SYSTEMPATH\CodeIgniter.php(361): CodeIgniter\CodeIgniter->handleRequest(null, Object(Config\Cache), false)
 4 FCPATH\index.php(79): CodeIgniter\CodeIgniter->run()
 5 SYSTEMPATH\Commands\Server\rewrite.php(47): require_once('C:\\xampp\\htdocs\\aitecvi_polinela\\public\\index.php')
WARNING - 2024-07-12 00:51:00 --> [DEPRECATED] Creation of dynamic property App\Controllers\PendampingProfil::$db is deprecated in APPPATH\Controllers\PendampingProfil.php on line 18.
 1 SYSTEMPATH\CodeIgniter.php(914): App\Controllers\PendampingProfil->__construct()
 2 SYSTEMPATH\CodeIgniter.php(493): CodeIgniter\CodeIgniter->createController()
 3 SYSTEMPATH\CodeIgniter.php(361): CodeIgniter\CodeIgniter->handleRequest(null, Object(Config\Cache), false)
 4 FCPATH\index.php(79): CodeIgniter\CodeIgniter->run()
 5 SYSTEMPATH\Commands\Server\rewrite.php(47): require_once('C:\\xampp\\htdocs\\aitecvi_polinela\\public\\index.php')
INFO - 2024-07-12 00:51:40 --> Session: Class initialized using 'CodeIgniter\Session\Handlers\FileHandler' driver.
INFO - 2024-07-12 00:51:43 --> Session: Class initialized using 'CodeIgniter\Session\Handlers\FileHandler' driver.
INFO - 2024-07-12 00:51:45 --> Session: Class initialized using 'CodeIgniter\Session\Handlers\FileHandler' driver.
INFO - 2024-07-12 00:51:50 --> Session: Class initialized using 'CodeIgniter\Session\Handlers\FileHandler' driver.
INFO - 2024-07-12 00:51:50 --> Session: Class initialized using 'CodeIgniter\Session\Handlers\FileHandler' driver.
INFO - 2024-07-12 00:52:02 --> Session: Class initialized using 'CodeIgniter\Session\Handlers\FileHandler' driver.
INFO - 2024-07-12 00:52:02 --> Session: Class initialized using 'CodeIgniter\Session\Handlers\FileHandler' driver.
INFO - 2024-07-12 01:17:41 --> Session: Class initialized using 'CodeIgniter\Session\Handlers\FileHandler' driver.
INFO - 2024-07-12 01:18:38 --> Session: Class initialized using 'CodeIgniter\Session\Handlers\FileHandler' driver.
INFO - 2024-07-12 01:30:55 --> Session: Class initialized using 'CodeIgniter\Session\Handlers\FileHandler' driver.
INFO - 2024-07-12 01:31:00 --> Session: Class initialized using 'CodeIgniter\Session\Handlers\FileHandler' driver.
INFO - 2024-07-12 01:31:00 --> Session: Class initialized using 'CodeIgniter\Session\Handlers\FileHandler' driver.
INFO - 2024-07-12 01:31:12 --> Session: Class initialized using 'CodeIgniter\Session\Handlers\FileHandler' driver.
INFO - 2024-07-12 01:31:12 --> Session: Class initialized using 'CodeIgniter\Session\Handlers\FileHandler' driver.
INFO - 2024-07-12 01:31:17 --> Session: Class initialized using 'CodeIgniter\Session\Handlers\FileHandler' driver.
WARNING - 2024-07-12 01:31:17 --> [DEPRECATED] Creation of dynamic property App\Controllers\JuriProfil::$user is deprecated in APPPATH\Controllers\JuriProfil.php on line 15.
 1 SYSTEMPATH\CodeIgniter.php(914): App\Controllers\JuriProfil->__construct()
 2 SYSTEMPATH\CodeIgniter.php(493): CodeIgniter\CodeIgniter->createController()
 3 SYSTEMPATH\CodeIgniter.php(361): CodeIgniter\CodeIgniter->handleRequest(null, Object(Config\Cache), false)
 4 FCPATH\index.php(79): CodeIgniter\CodeIgniter->run()
 5 SYSTEMPATH\Commands\Server\rewrite.php(47): require_once('C:\\xampp\\htdocs\\aitecvi_polinela\\public\\index.php')
WARNING - 2024-07-12 01:31:17 --> [DEPRECATED] Creation of dynamic property App\Controllers\JuriProfil::$session is deprecated in APPPATH\Controllers\JuriProfil.php on line 16.
 1 SYSTEMPATH\CodeIgniter.php(914): App\Controllers\JuriProfil->__construct()
 2 SYSTEMPATH\CodeIgniter.php(493): CodeIgniter\CodeIgniter->createController()
 3 SYSTEMPATH\CodeIgniter.php(361): CodeIgniter\CodeIgniter->handleRequest(null, Object(Config\Cache), false)
 4 FCPATH\index.php(79): CodeIgniter\CodeIgniter->run()
 5 SYSTEMPATH\Commands\Server\rewrite.php(47): require_once('C:\\xampp\\htdocs\\aitecvi_polinela\\public\\index.php')
WARNING - 2024-07-12 01:31:17 --> [DEPRECATED] Creation of dynamic property App\Controllers\JuriProfil::$validation is deprecated in APPPATH\Controllers\JuriProfil.php on line 17.
 1 SYSTEMPATH\CodeIgniter.php(914): App\Controllers\JuriProfil->__construct()
 2 SYSTEMPATH\CodeIgniter.php(493): CodeIgniter\CodeIgniter->createController()
 3 SYSTEMPATH\CodeIgniter.php(361): CodeIgniter\CodeIgniter->handleRequest(null, Object(Config\Cache), false)
 4 FCPATH\index.php(79): CodeIgniter\CodeIgniter->run()
 5 SYSTEMPATH\Commands\Server\rewrite.php(47): require_once('C:\\xampp\\htdocs\\aitecvi_polinela\\public\\index.php')
WARNING - 2024-07-12 01:31:17 --> [DEPRECATED] Creation of dynamic property App\Controllers\JuriProfil::$db is deprecated in APPPATH\Controllers\JuriProfil.php on line 18.
 1 SYSTEMPATH\CodeIgniter.php(914): App\Controllers\JuriProfil->__construct()
 2 SYSTEMPATH\CodeIgniter.php(493): CodeIgniter\CodeIgniter->createController()
 3 SYSTEMPATH\CodeIgniter.php(361): CodeIgniter\CodeIgniter->handleRequest(null, Object(Config\Cache), false)
 4 FCPATH\index.php(79): CodeIgniter\CodeIgniter->run()
 5 SYSTEMPATH\Commands\Server\rewrite.php(47): require_once('C:\\xampp\\htdocs\\aitecvi_polinela\\public\\index.php')
INFO - 2024-07-12 01:31:24 --> Session: Class initialized using 'CodeIgniter\Session\Handlers\FileHandler' driver.
INFO - 2024-07-12 01:31:24 --> Session: Class initialized using 'CodeIgniter\Session\Handlers\FileHandler' driver.
INFO - 2024-07-12 02:09:20 --> Session: Class initialized using 'CodeIgniter\Session\Handlers\FileHandler' driver.
INFO - 2024-07-12 02:09:21 --> Session: Class initialized using 'CodeIgniter\Session\Handlers\FileHandler' driver.
INFO - 2024-07-12 02:09:47 --> Session: Class initialized using 'CodeIgniter\Session\Handlers\FileHandler' driver.
INFO - 2024-07-12 02:09:51 --> Session: Class initialized using 'CodeIgniter\Session\Handlers\FileHandler' driver.
INFO - 2024-07-12 02:09:52 --> Session: Class initialized using 'CodeIgniter\Session\Handlers\FileHandler' driver.
INFO - 2024-07-12 02:12:36 --> Session: Class initialized using 'CodeIgniter\Session\Handlers\FileHandler' driver.
INFO - 2024-07-12 02:12:36 --> Session: Class initialized using 'CodeIgniter\Session\Handlers\FileHandler' driver.
INFO - 2024-07-12 02:12:42 --> Session: Class initialized using 'CodeIgniter\Session\Handlers\FileHandler' driver.
INFO - 2024-07-12 02:12:43 --> Session: Class initialized using 'CodeIgniter\Session\Handlers\FileHandler' driver.
INFO - 2024-07-12 02:13:37 --> Session: Class initialized using 'CodeIgniter\Session\Handlers\FileHandler' driver.
INFO - 2024-07-12 02:13:38 --> Session: Class initialized using 'CodeIgniter\Session\Handlers\FileHandler' driver.
INFO - 2024-07-12 02:13:44 --> Session: Class initialized using 'CodeIgniter\Session\Handlers\FileHandler' driver.
INFO - 2024-07-12 02:13:44 --> Session: Class initialized using 'CodeIgniter\Session\Handlers\FileHandler' driver.
INFO - 2024-07-12 02:13:55 --> Session: Class initialized using 'CodeIgniter\Session\Handlers\FileHandler' driver.
INFO - 2024-07-12 02:13:55 --> Session: Class initialized using 'CodeIgniter\Session\Handlers\FileHandler' driver.
INFO - 2024-07-12 02:14:18 --> Session: Class initialized using 'CodeIgniter\Session\Handlers\FileHandler' driver.
INFO - 2024-07-12 02:14:46 --> Session: Class initialized using 'CodeIgniter\Session\Handlers\FileHandler' driver.
INFO - 2024-07-12 02:14:56 --> Session: Class initialized using 'CodeIgniter\Session\Handlers\FileHandler' driver.
INFO - 2024-07-12 02:14:56 --> Session: Class initialized using 'CodeIgniter\Session\Handlers\FileHandler' driver.
INFO - 2024-07-12 02:15:02 --> Session: Class initialized using 'CodeIgniter\Session\Handlers\FileHandler' driver.
WARNING - 2024-07-12 02:15:02 --> [DEPRECATED] Creation of dynamic property App\Controllers\PendampingProfil::$user is deprecated in APPPATH\Controllers\PendampingProfil.php on line 15.
 1 SYSTEMPATH\CodeIgniter.php(914): App\Controllers\PendampingProfil->__construct()
 2 SYSTEMPATH\CodeIgniter.php(493): CodeIgniter\CodeIgniter->createController()
 3 SYSTEMPATH\CodeIgniter.php(361): CodeIgniter\CodeIgniter->handleRequest(null, Object(Config\Cache), false)
 4 FCPATH\index.php(79): CodeIgniter\CodeIgniter->run()
 5 SYSTEMPATH\Commands\Server\rewrite.php(47): require_once('C:\\xampp\\htdocs\\aitecvi_polinela\\public\\index.php')
WARNING - 2024-07-12 02:15:02 --> [DEPRECATED] Creation of dynamic property App\Controllers\PendampingProfil::$session is deprecated in APPPATH\Controllers\PendampingProfil.php on line 16.
 1 SYSTEMPATH\CodeIgniter.php(914): App\Controllers\PendampingProfil->__construct()
 2 SYSTEMPATH\CodeIgniter.php(493): CodeIgniter\CodeIgniter->createController()
 3 SYSTEMPATH\CodeIgniter.php(361): CodeIgniter\CodeIgniter->handleRequest(null, Object(Config\Cache), false)
 4 FCPATH\index.php(79): CodeIgniter\CodeIgniter->run()
 5 SYSTEMPATH\Commands\Server\rewrite.php(47): require_once('C:\\xampp\\htdocs\\aitecvi_polinela\\public\\index.php')
WARNING - 2024-07-12 02:15:02 --> [DEPRECATED] Creation of dynamic property App\Controllers\PendampingProfil::$validation is deprecated in APPPATH\Controllers\PendampingProfil.php on line 17.
 1 SYSTEMPATH\CodeIgniter.php(914): App\Controllers\PendampingProfil->__construct()
 2 SYSTEMPATH\CodeIgniter.php(493): CodeIgniter\CodeIgniter->createController()
 3 SYSTEMPATH\CodeIgniter.php(361): CodeIgniter\CodeIgniter->handleRequest(null, Object(Config\Cache), false)
 4 FCPATH\index.php(79): CodeIgniter\CodeIgniter->run()
 5 SYSTEMPATH\Commands\Server\rewrite.php(47): require_once('C:\\xampp\\htdocs\\aitecvi_polinela\\public\\index.php')
WARNING - 2024-07-12 02:15:02 --> [DEPRECATED] Creation of dynamic property App\Controllers\PendampingProfil::$db is deprecated in APPPATH\Controllers\PendampingProfil.php on line 18.
 1 SYSTEMPATH\CodeIgniter.php(914): App\Controllers\PendampingProfil->__construct()
 2 SYSTEMPATH\CodeIgniter.php(493): CodeIgniter\CodeIgniter->createController()
 3 SYSTEMPATH\CodeIgniter.php(361): CodeIgniter\CodeIgniter->handleRequest(null, Object(Config\Cache), false)
 4 FCPATH\index.php(79): CodeIgniter\CodeIgniter->run()
 5 SYSTEMPATH\Commands\Server\rewrite.php(47): require_once('C:\\xampp\\htdocs\\aitecvi_polinela\\public\\index.php')
INFO - 2024-07-12 02:15:03 --> Session: Class initialized using 'CodeIgniter\Session\Handlers\FileHandler' driver.
INFO - 2024-07-12 02:15:05 --> Session: Class initialized using 'CodeIgniter\Session\Handlers\FileHandler' driver.
INFO - 2024-07-12 02:15:08 --> Session: Class initialized using 'CodeIgniter\Session\Handlers\FileHandler' driver.
INFO - 2024-07-12 02:15:09 --> Session: Class initialized using 'CodeIgniter\Session\Handlers\FileHandler' driver.
INFO - 2024-07-12 02:15:15 --> Session: Class initialized using 'CodeIgniter\Session\Handlers\FileHandler' driver.
INFO - 2024-07-12 02:15:15 --> Session: Class initialized using 'CodeIgniter\Session\Handlers\FileHandler' driver.
INFO - 2024-07-12 02:15:24 --> Session: Class initialized using 'CodeIgniter\Session\Handlers\FileHandler' driver.
INFO - 2024-07-12 02:15:24 --> Session: Class initialized using 'CodeIgniter\Session\Handlers\FileHandler' driver.
INFO - 2024-07-12 02:15:35 --> Session: Class initialized using 'CodeIgniter\Session\Handlers\FileHandler' driver.
INFO - 2024-07-12 02:15:35 --> Session: Class initialized using 'CodeIgniter\Session\Handlers\FileHandler' driver.
INFO - 2024-07-12 02:17:33 --> Session: Class initialized using 'CodeIgniter\Session\Handlers\FileHandler' driver.
INFO - 2024-07-12 02:17:33 --> Session: Class initialized using 'CodeIgniter\Session\Handlers\FileHandler' driver.
INFO - 2024-07-12 02:17:39 --> Session: Class initialized using 'CodeIgniter\Session\Handlers\FileHandler' driver.
INFO - 2024-07-12 02:17:39 --> Session: Class initialized using 'CodeIgniter\Session\Handlers\FileHandler' driver.
INFO - 2024-07-12 02:19:43 --> Session: Class initialized using 'CodeIgniter\Session\Handlers\FileHandler' driver.
INFO - 2024-07-12 02:19:44 --> Session: Class initialized using 'CodeIgniter\Session\Handlers\FileHandler' driver.
INFO - 2024-07-12 02:22:32 --> Session: Class initialized using 'CodeIgniter\Session\Handlers\FileHandler' driver.
INFO - 2024-07-12 02:22:42 --> Session: Class initialized using 'CodeIgniter\Session\Handlers\FileHandler' driver.
INFO - 2024-07-12 02:23:07 --> Session: Class initialized using 'CodeIgniter\Session\Handlers\FileHandler' driver.
INFO - 2024-07-12 02:24:10 --> Session: Class initialized using 'CodeIgniter\Session\Handlers\FileHandler' driver.
INFO - 2024-07-12 02:25:14 --> Session: Class initialized using 'CodeIgniter\Session\Handlers\FileHandler' driver.
